Component: ARM Compiler 5.06 update 4 (build 422) Tool: armlink [4d35d2]

==============================================================================

Section Cross References

    main.o(i.WriteSerial) refers to uart.o(i.UARTCharPut) for UARTCharPut
    main.o(i.main) refers to _printf_percent.o(.ARM.Collect$$_printf_percent$$00000000) for _printf_percent
    main.o(i.main) refers to _printf_d.o(.ARM.Collect$$_printf_percent$$00000009) for _printf_d
    main.o(i.main) refers to _printf_dec.o(.text) for _printf_int_dec
    main.o(i.main) refers to sysctl.o(i.SysCtlClockSet) for SysCtlClockSet
    main.o(i.main) refers to sysctl.o(i.SysCtlPeripheralEnable) for SysCtlPeripheralEnable
    main.o(i.main) refers to gpio.o(i.GPIOPinTypeGPIOOutput) for GPIOPinTypeGPIOOutput
    main.o(i.main) refers to gpio.o(i.GPIOPinConfigure) for GPIOPinConfigure
    main.o(i.main) refers to gpio.o(i.GPIOPinTypeUART) for GPIOPinTypeUART
    main.o(i.main) refers to sysctl.o(i.SysCtlClockGet) for SysCtlClockGet
    main.o(i.main) refers to uart.o(i.UARTConfigSetExpClk) for UARTConfigSetExpClk
    main.o(i.main) refers to interrupt.o(i.IntEnable) for IntEnable
    main.o(i.main) refers to uart.o(i.UARTIntEnable) for UARTIntEnable
    main.o(i.main) refers to interrupt.o(i.IntMasterEnable) for IntMasterEnable
    main.o(i.main) refers to mpu6050.o(i.MPU6050_Init) for MPU6050_Init
    main.o(i.main) refers to mpu6050.o(i.MPU6050_Get_Accel_Raw) for MPU6050_Get_Accel_Raw
    main.o(i.main) refers to mpu6050.o(i.MPU6050_Get_Gyro_Raw) for MPU6050_Get_Gyro_Raw
    main.o(i.main) refers to noretval__2sprintf.o(.text) for __2sprintf
    main.o(i.main) refers to strlen.o(.text) for strlen
    main.o(i.main) refers to main.o(i.WriteSerial) for WriteSerial
    main.o(i.main) refers to sysctl.o(.emb_text) for SysCtlDelay
    main.o(i.main) refers to main.o(.data) for i16_Accel_Raw
    main.o(i.main) refers to main.o(.bss) for u8_Buf
    mpu6050.o(i.ABS) refers to dleqf.o(x$fpl$dleqf) for __aeabi_cdcmple
    mpu6050.o(i.ABS) refers to basic.o(x$fpl$basic) for __aeabi_dneg
    mpu6050.o(i.I2C_MPU6050_Init) refers to sysctl.o(i.SysCtlPeripheralEnable) for SysCtlPeripheralEnable
    mpu6050.o(i.I2C_MPU6050_Init) refers to mpu6050.o(i.delay) for delay
    mpu6050.o(i.I2C_MPU6050_Init) refers to gpio.o(i.GPIOPinConfigure) for GPIOPinConfigure
    mpu6050.o(i.I2C_MPU6050_Init) refers to gpio.o(i.GPIOPinTypeI2CSCL) for GPIOPinTypeI2CSCL
    mpu6050.o(i.I2C_MPU6050_Init) refers to gpio.o(i.GPIOPinTypeI2C) for GPIOPinTypeI2C
    mpu6050.o(i.I2C_MPU6050_Init) refers to sysctl.o(i.SysCtlClockGet) for SysCtlClockGet
    mpu6050.o(i.I2C_MPU6050_Init) refers to i2c.o(i.I2CMasterInitExpClk) for I2CMasterInitExpClk
    mpu6050.o(i.I2C_Read) refers to i2c.o(i.I2CMasterSlaveAddrSet) for I2CMasterSlaveAddrSet
    mpu6050.o(i.I2C_Read) refers to i2c.o(i.I2CMasterDataPut) for I2CMasterDataPut
    mpu6050.o(i.I2C_Read) refers to i2c.o(i.I2CMasterControl) for I2CMasterControl
    mpu6050.o(i.I2C_Read) refers to i2c.o(i.I2CMasterBusy) for I2CMasterBusy
    mpu6050.o(i.I2C_Read) refers to i2c.o(i.I2CMasterDataGet) for I2CMasterDataGet
    mpu6050.o(i.I2C_Read_Data) refers to i2c.o(i.I2CMasterSlaveAddrSet) for I2CMasterSlaveAddrSet
    mpu6050.o(i.I2C_Read_Data) refers to i2c.o(i.I2CMasterDataPut) for I2CMasterDataPut
    mpu6050.o(i.I2C_Read_Data) refers to i2c.o(i.I2CMasterControl) for I2CMasterControl
    mpu6050.o(i.I2C_Read_Data) refers to i2c.o(i.I2CMasterBusy) for I2CMasterBusy
    mpu6050.o(i.I2C_Read_Data) refers to i2c.o(i.I2CMasterDataGet) for I2CMasterDataGet
    mpu6050.o(i.I2C_Write) refers to mpu6050.o(i.I2C_Write_Data) for I2C_Write_Data
    mpu6050.o(i.I2C_Write_Data) refers to i2c.o(i.I2CMasterSlaveAddrSet) for I2CMasterSlaveAddrSet
    mpu6050.o(i.I2C_Write_Data) refers to i2c.o(i.I2CMasterDataPut) for I2CMasterDataPut
    mpu6050.o(i.I2C_Write_Data) refers to i2c.o(i.I2CMasterControl) for I2CMasterControl
    mpu6050.o(i.I2C_Write_Data) refers to i2c.o(i.I2CMasterBusy) for I2CMasterBusy
    mpu6050.o(i.Kalman_Filter_Init) refers to mpu6050.o(.data) for f_Q_angle
    mpu6050.o(i.Kalman_Filter_Init) refers to mpu6050.o(.bss) for f_P
    mpu6050.o(i.Kalman_Filter_Process) refers to mpu6050.o(i.MPU6050_Get_Accel_Raw) for MPU6050_Get_Accel_Raw
    mpu6050.o(i.Kalman_Filter_Process) refers to mpu6050.o(i.MPU6050_Get_Gyro_Raw) for MPU6050_Get_Gyro_Raw
    mpu6050.o(i.Kalman_Filter_Process) refers to dflt_clz.o(x$fpl$dflt) for __aeabi_i2d
    mpu6050.o(i.Kalman_Filter_Process) refers to atan2.o(i.__hardfp_atan2) for __hardfp_atan2
    mpu6050.o(i.Kalman_Filter_Process) refers to dmul.o(x$fpl$dmul) for __aeabi_dmul
    mpu6050.o(i.Kalman_Filter_Process) refers to daddsub_clz.o(x$fpl$dadd) for __aeabi_dadd
    mpu6050.o(i.Kalman_Filter_Process) refers to sqrt.o(i.__hardfp_sqrt) for __hardfp_sqrt
    mpu6050.o(i.Kalman_Filter_Process) refers to basic.o(x$fpl$basic) for __aeabi_dneg
[...]
    Removing uart.o(i.UARTModemControlSet), (12 bytes).
    Removing uart.o(i.UARTModemStatusGet), (10 bytes).
    Removing uart.o(i.UARTParityModeGet), (8 bytes).
    Removing uart.o(i.UARTParityModeSet), (12 bytes).
    Removing uart.o(i.UARTRxErrorClear), (6 bytes).
    Removing uart.o(i.UARTRxErrorGet), (8 bytes).
    Removing uart.o(i.UARTSmartCardDisable), (10 bytes).
    Removing uart.o(i.UARTSmartCardEnable), (22 bytes).
    Removing uart.o(i.UARTSpaceAvail), (10 bytes).
    Removing uart.o(i.UARTTxIntModeGet), (8 bytes).
    Removing uart.o(i.UARTTxIntModeSet), (12 bytes).
    Removing uart.o(.constdata), (128 bytes).

248 unused section(s) (total 7046 bytes) removed from the image.

==============================================================================

Image Symbol Table

    Local Symbols

    Symbol Name                              Value     Ov Type        Size  Object(Section)

    RESET                                    0x00000000   Section      620  startup_tm4c123.o(RESET)
    ../clib/angel/boardlib.s                 0x00000000   Number         0  boardinit3.o ABSOLUTE
    ../clib/angel/boardlib.s                 0x00000000   Number         0  boardshut.o ABSOLUTE
    ../clib/angel/boardlib.s                 0x00000000   Number         0  boardinit1.o ABSOLUTE
    ../clib/angel/boardlib.s                 0x00000000   Number         0  boardinit2.o ABSOLUTE
    ../clib/angel/dczerorl.s                 0x00000000   Number         0  __dczerorl.o ABSOLUTE
    ../clib/angel/handlers.s                 0x00000000   Number         0  __scatter_zi.o ABSOLUTE
    ../clib/angel/kernel.s                   0x00000000   Number         0  __rtentry2.o ABSOLUTE
    ../clib/angel/kernel.s                   0x00000000   Number         0  rtexit2.o ABSOLUTE
    ../clib/angel/kernel.s                   0x00000000   Number         0  __rtentry.o ABSOLUTE
    ../clib/angel/kernel.s                   0x00000000   Number         0  rtexit.o ABSOLUTE
    ../clib/angel/kernel.s                   0x00000000   Number         0  __rtentry4.o ABSOLUTE
    ../clib/angel/rt.s                       0x00000000   Number         0  rt_errno_addr.o ABSOLUTE
    ../clib/angel/rt.s                       0x00000000   Number         0  rt_raise.o ABSOLUTE
    ../clib/angel/rt.s                       0x00000000   Number         0  rt_errno_addr_intlibspace.o ABSOLUTE
    ../clib/angel/scatter.s                  0x00000000   Number         0  __scatter.o ABSOLUTE
    ../clib/angel/startup.s                  0x00000000   Number         0  __main.o ABSOLUTE
    ../clib/angel/sys.s                      0x00000000   Number         0  sys_stackheap_outer.o ABSOLUTE
    ../clib/angel/sys.s                      0x00000000   Number         0  indicate_semi.o ABSOLUTE
    ../clib/angel/sys.s                      0x00000000   Number         0  libspace.o ABSOLUTE
    ../clib/angel/sys.s                      0x00000000   Number         0  use_no_semi.o ABSOLUTE
    ../clib/angel/sysapp.c                   0x00000000   Number         0  sys_command.o ABSOLUTE
    ../clib/angel/sysapp.c                   0x00000000   Number         0  sys_wrch.o ABSOLUTE
    ../clib/angel/sysapp.c                   0x00000000   Number         0  sys_exit.o ABSOLUTE
    ../clib/armsys.c                         0x00000000   Number         0  _get_argv_nomalloc.o ABSOLUTE
    ../clib/armsys.c                         0x00000000   Number         0  argv_veneer.o ABSOLUTE
    ../clib/armsys.c                         0x00000000   Number         0  argv_veneer.o ABSOLUTE
    ../clib/armsys.c                         0x00000000   Number         0  no_argv.o ABSOLUTE
    ../clib/fenv.c                           0x00000000   Number         0  _rserrno.o ABSOLUTE
    ../clib/heapalloc.c                      0x00000000   Number         0  hrguard.o ABSOLUTE
    ../clib/heapaux.c                        0x00000000   Number         0  heapauxi.o ABSOLUTE
    ../clib/libinit.s                        0x00000000   Number         0  libshutdown.o ABSOLUTE
    ../clib/libinit.s                        0x00000000   Number         0  libinit.o ABSOLUTE
    ../clib/libinit.s                        0x00000000   Number         0  libshutdown2.o ABSOLUTE
    ../clib/libinit.s                        0x00000000   Number         0  libinit2.o ABSOLUTE
    ../clib/printf.c                         0x00000000   Number         0  __printf.o ABSOLUTE
    ../clib/printf.c                         0x00000000   Number         0  __printf_flags_ss.o ABSOLUTE
    ../clib/printf.c                         0x00000000   Number         0  __printf_flags_wp.o ABSOLUTE
    ../clib/printf.c                         0x00000000   Number         0  __printf_wp.o ABSOLUTE
    ../clib/printf.c                         0x00000000   Number         0  __printf_ss_wp.o ABSOLUTE
    ../clib/printf.c                         0x00000000   Number         0  _printf_intcommon.o ABSOLUTE
    ../clib/printf.c                         0x00000000   Number         0  __2sprintf.o ABSOLUTE
    ../clib/printf.c                         0x00000000   Number         0  __printf_flags_ss_wp.o ABSOLUTE
    ../clib/printf.c                         0x00000000   Number         0  _sputc.o ABSOLUTE
    ../clib/printf.c                         0x00000000   Number         0  _printf_char_common.o ABSOLUTE
    ../clib/printf.c                         0x00000000   Number         0  noretval__2sprintf.o ABSOLUTE
    ../clib/printf.c                         0x00000000   Number         0  __printf_nopercent.o ABSOLUTE
    ../clib/printf.c                         0x00000000   Number         0  __printf_ss.o ABSOLUTE
    ../clib/printf.c                         0x00000000   Number         0  __printf_flags.o ABSOLUTE
    ../clib/printf.c                         0x00000000   Number         0  _printf_dec.o ABSOLUTE
    ../clib/printf_percent.s                 0x00000000   Number         0  _printf_percent.o ABSOLUTE
    ../clib/printf_percent.s                 0x00000000   Number         0  _printf_percent_end.o ABSOLUTE
    ../clib/printf_percent.s                 0x00000000   Number         0  _printf_d.o ABSOLUTE
    ../clib/signal.c                         0x00000000   Number         0  defsig_rtmem_inner.o ABSOLUTE
    ../clib/signal.c                         0x00000000   Number         0  __raise.o ABSOLUTE
    ../clib/signal.c                         0x00000000   Number         0  defsig_abrt_inner.o ABSOLUTE
    ../clib/signal.c                         0x00000000   Number         0  defsig_general.o ABSOLUTE
    ../clib/signal.c                         0x00000000   Number         0  defsig_rtred_inner.o ABSOLUTE
    ../clib/signal.c                         0x00000000   Number         0  defsig_other.o ABSOLUTE
    ../clib/signal.c                         0x00000000   Number         0  defsig_stak_inner.o ABSOLUTE
    ../clib/signal.c                         0x00000000   Number         0  defsig_fpe_inner.o ABSOLUTE
    ../clib/signal.c                         0x00000000   Number         0  defsig_cppl_inner.o ABSOLUTE
    ../clib/signal.c                         0x00000000   Number         0  defsig_pvfn_inner.o ABSOLUTE
    ../clib/signal.c                         0x00000000   Number         0  defsig_segv_inner.o ABSOLUTE
    ../clib/signal.c                         0x00000000   Number         0  defsig_rtmem_outer.o ABSOLUTE
    ../clib/signal.c                         0x00000000   Number         0  defsig_exit.o ABSOLUTE
    ../clib/signal.c                         0x00000000   Number         0  defsig_rtmem_formal.o ABSOLUTE
    ../clib/signal.s                         0x00000000   Number         0  defsig.o ABSOLUTE
    ../clib/stdlib.c                         0x00000000   Number         0  exit.o ABSOLUTE
    ../clib/string.c                         0x00000000   Number         0  strlen.o ABSOLUTE
    ../fplib/basic.s                         0x00000000   Number         0  basic.o ABSOLUTE
    ../fplib/d2f.s                           0x00000000   Number         0  d2f.o ABSOLUTE
    ../fplib/daddsub.s                       0x00000000   Number         0  daddsub_clz.o ABSOLUTE
    ../fplib/dcmpi.s                         0x00000000   Number         0  dcmpi.o ABSOLUTE
    ../fplib/ddiv.s                          0x00000000   Number         0  ddiv.o ABSOLUTE
    ../fplib/dflt.s                          0x00000000   Number         0  dflt_clz.o ABSOLUTE
    ../fplib/dleqf.s                         0x00000000   Number         0  dleqf.o ABSOLUTE
    ../fplib/dmul.s                          0x00000000   Number         0  dmul.o ABSOLUTE
    ../fplib/dnaninf.s                       0x00000000   Number         0  dnaninf.o ABSOLUTE
    ../fplib/dretinf.s                       0x00000000   Number         0  dretinf.o ABSOLUTE
    ../fplib/drleqf.s                        0x00000000   Number         0  drleqf.o ABSOLUTE
    ../fplib/dsqrt.s                         0x00000000   Number         0  dsqrt_umaal.o ABSOLUTE
    ../fplib/f2d.s                           0x00000000   Number         0  f2d.o ABSOLUTE
    ../fplib/fnaninf.s                       0x00000000   Number         0  fnaninf.o ABSOLUTE
    ../fplib/fpinit.s                        0x00000000   Number         0  fpinit.o ABSOLUTE
    ../fplib/fretinf.s                       0x00000000   Number         0  fretinf.o ABSOLUTE
    ../fplib/usenofp.s                       0x00000000   Number         0  usenofp.o ABSOLUTE
    ../mathlib/atan.c                        0x00000000   Number         0  atan.o ABSOLUTE
    ../mathlib/atan.c                        0x00000000   Number         0  atan_x.o ABSOLUTE
    ../mathlib/atan2.c                       0x00000000   Number         0  atan2_x.o ABSOLUTE
    ../mathlib/atan2.c                       0x00000000   Number         0  atan2.o ABSOLUTE
    ../mathlib/dunder.c                      0x00000000   Number         0  dunder.o ABSOLUTE
    ../mathlib/fabs.c                        0x00000000   Number         0  fabs.o ABSOLUTE
    ../mathlib/fpclassify.c                  0x00000000   Number         0  fpclassify.o ABSOLUTE
    ../mathlib/poly.c                        0x00000000   Number         0  poly.o ABSOLUTE
    ../mathlib/qnan.c                        0x00000000   Number         0  qnan.o ABSOLUTE
    ../mathlib/sqrt.c                        0x00000000   Number         0  sqrt_x.o ABSOLUTE
    ../mathlib/sqrt.c                        0x00000000   Number         0  sqrt.o ABSOLUTE
    ..\Source\MPU6050.c                      0x00000000   Number         0  mpu6050.o ABSOLUTE
    ..\Source\main.c                         0x00000000   Number         0  main.o ABSOLUTE
    RTE\Device\TM4C123GH6PM\startup_TM4C123.s 0x00000000   Number         0  startup_tm4c123.o ABSOLUTE
    RTE\Device\TM4C123GH6PM\system_TM4C123.c 0x00000000   Number         0  system_tm4c123.o ABSOLUTE
    RTE\\Device\\TM4C123GH6PM\\system_TM4C123.c 0x00000000   Number         0  system_tm4c123.o ABSOLUTE
    cpu.c                                    0x00000000   Number         0  cpu.o ABSOLUTE
    cpu.c                                    0x00000000   Number         0  cpu.o ABSOLUTE
    dc.s                                     0x00000000   Number         0  dc.o ABSOLUTE
    gpio.c                                   0x00000000   Number         0  gpio.o ABSOLUTE
    i2c.c                                    0x00000000   Number         0  i2c.o ABSOLUTE
    interrupt.c                              0x00000000   Number         0  interrupt.o ABSOLUTE
    sysctl.c                                 0x00000000   Number         0  sysctl.o ABSOLUTE
    sysctl.c                                 0x00000000   Number         0  sysctl.o ABSOLUTE
    timer.c                                  0x00000000   Number         0  timer.o ABSOLUTE
    uart.c                                   0x00000000   Number         0  uart.o ABSOLUTE
    !!!main                                  0x0000026c   Section        8  __main.o(!!!main)
    !!!scatter                               0x00000274   Section       52  __scatter.o(!!!scatter)
    !!dczerorl                               0x000002a8   Section       58  __dczerorl.o(!!dczerorl)
    !!handler_zi                             0x000002e4   Section       28  __scatter_zi.o(!!handler_zi)
    .ARM.Collect$$_printf_percent$$00000000  0x00000300   Section        0  _printf_percent.o(.ARM.Collect$$_printf_percent$$00000000)
    .ARM.Collect$$_printf_percent$$00000009  0x00000300   Section        6  _printf_d.o(.ARM.Collect$$_printf_percent$$00000009)
    .ARM.Collect$$_printf_percent$$00000017  0x00000306   Section        4  _printf_percent_end.o(.ARM.Collect$$_printf_percent$$00000017)
    .ARM.Collect$$libinit$$00000000          0x0000030a   Section        2  libinit.o(.ARM.Collect$$libinit$$00000000)
    .ARM.Collect$$libinit$$00000001          0x0000030c   Section        4  libinit2.o(.ARM.Collect$$libinit$$00000001)
    .ARM.Collect$$libinit$$00000004          0x00000310   Section        0  libinit2.o(.ARM.Collect$$libinit$$00000004)
    .ARM.Collect$$libinit$$0000000A          0x00000310   Section        0  libinit2.o(.ARM.Collect$$libinit$$0000000A)
    .ARM.Collect$$libinit$$0000000C          0x00000310   Section        0  libinit2.o(.ARM.Collect$$libinit$$0000000C)
    .ARM.Collect$$libinit$$0000000E          0x00000310   Section        0  libinit2.o(.ARM.Collect$$libinit$$0000000E)
    .ARM.Collect$$libinit$$00000011          0x00000310   Section        0  libinit2.o(.ARM.Collect$$libinit$$00000011)
    .ARM.Collect$$libinit$$00000013          0x00000310   Section        0  libinit2.o(.ARM.Collect$$libinit$$00000013)
    .ARM.Collect$$libinit$$00000015          0x00000310   Section        0  libinit2.o(.ARM.Collect$$libinit$$00000015)
    .ARM.Collect$$libinit$$00000017          0x00000310   Section        0  libinit2.o(.ARM.Collect$$libinit$$00000017)
    .ARM.Collect$$libinit$$00000019          0x00000310   Section        0  libinit2.o(.ARM.Collect$$libinit$$00000019)
    .ARM.Collect$$libinit$$0000001B          0x00000310   Section        0  libinit2.o(.ARM.Collect$$libinit$$0000001B)
    .ARM.Collect$$libinit$$0000001D          0x00000310   Section        0  libinit2.o(.ARM.Collect$$libinit$$0000001D)
    .ARM.Collect$$libinit$$0000001F          0x00000310   Section        0  libinit2.o(.ARM.Collect$$libinit$$0000001F)
    .ARM.Collect$$libinit$$00000021          0x00000310   Section        0  libinit2.o(.ARM.Collect$$libinit$$00000021)
    .ARM.Collect$$libinit$$00000023          0x00000310   Section        0  libinit2.o(.ARM.Collect$$libinit$$00000023)
    .ARM.Collect$$libinit$$00000025          0x00000310   Section        0  libinit2.o(.ARM.Collect$$libinit$$00000025)
    .ARM.Collect$$libinit$$0000002C          0x00000310   Section        0  libinit2.o(.ARM.Collect$$libinit$$0000002C)
    .ARM.Collect$$libinit$$0000002E          0x00000310   Section        0  libinit2.o(.ARM.Collect$$libinit$$0000002E)
    .ARM.Collect$$libinit$$00000030          0x00000310   Section        0  libinit2.o(.ARM.Collect$$libinit$$00000030)
    .ARM.Collect$$libinit$$00000032          0x00000310   Section        0  libinit2.o(.ARM.Collect$$libinit$$00000032)
    .ARM.Collect$$libinit$$00000033          0x00000310   Section        2  libinit2.o(.ARM.Collect$$libinit$$00000033)
    .ARM.Collect$$libshutdown$$00000000      0x00000312   Section        2  libshutdown.o(.ARM.Collect$$libshutdown$$00000000)
    .ARM.Collect$$libshutdown$$00000002      0x00000314   Section        0  libshutdown2.o(.ARM.Collect$$libshutdown$$00000002)
    .ARM.Collect$$libshutdown$$00000004      0x00000314   Section        0  libshutdown2.o(.ARM.Collect$$libshutdown$$00000004)
    .ARM.Collect$$libshutdown$$00000007      0x00000314   Section        0  libshutdown2.o(.ARM.Collect$$libshutdown$$00000007)
    .ARM.Collect$$libshutdown$$0000000A      0x00000314   Section        0  libshutdown2.o(.ARM.Collect$$libshutdown$$0000000A)
    .ARM.Collect$$libshutdown$$0000000C      0x00000314   Section        0  libshutdown2.o(.ARM.Collect$$libshutdown$$0000000C)
    .ARM.Collect$$libshutdown$$0000000F      0x00000314   Section        0  libshutdown2.o(.ARM.Collect$$libshutdown$$0000000F)
    .ARM.Collect$$libshutdown$$00000010      0x00000314   Section        2  libshutdown2.o(.ARM.Collect$$libshutdown$$00000010)
    .ARM.Collect$$rtentry$$00000000          0x00000316   Section        0  __rtentry.o(.ARM.Collect$$rtentry$$00000000)
    .ARM.Collect$$rtentry$$00000002          0x00000316   Section        0  __rtentry2.o(.ARM.Collect$$rtentry$$00000002)
    .ARM.Collect$$rtentry$$00000004          0x00000316   Section        6  __rtentry4.o(.ARM.Collect$$rtentry$$00000004)
    .ARM.Collect$$rtentry$$00000009          0x0000031c   Section        0  __rtentry2.o(.ARM.Collect$$rtentry$$00000009)
    .ARM.Collect$$rtentry$$0000000A          0x0000031c   Section        4  __rtentry2.o(.ARM.Collect$$rtentry$$0000000A)
    .ARM.Collect$$rtentry$$0000000C          0x00000320   Section        0  __rtentry2.o(.ARM.Collect$$rtentry$$0000000C)
    .ARM.Collect$$rtentry$$0000000D          0x00000320   Section        8  __rtentry2.o(.ARM.Collect$$rtentry$$0000000D)
    .ARM.Collect$$rtexit$$00000000           0x00000328   Section        2  rtexit.o(.ARM.Collect$$rtexit$$00000000)
    .ARM.Collect$$rtexit$$00000002           0x0000032a   Section        0  rtexit2.o(.ARM.Collect$$rtexit$$00000002)
    .ARM.Collect$$rtexit$$00000003           0x0000032a   Section        4  rtexit2.o(.ARM.Collect$$rtexit$$00000003)
    .ARM.Collect$$rtexit$$00000004           0x0000032e   Section        6  rtexit2.o(.ARM.Collect$$rtexit$$00000004)
    .emb_text                                0x00000334   Section        6  sysctl.o(.emb_text)
    $v0                                      0x00000334   Number         0  sysctl.o(.emb_text)
    .emb_text                                0x0000033c   Section       38  cpu.o(.emb_text)
    $v0                                      0x0000033c   Number         0  cpu.o(.emb_text)
    .text                                    0x00000364   Section      276  startup_tm4c123.o(.text)
    $v0                                      0x00000364   Number         0  startup_tm4c123.o(.text)
    .text                                    0x00000478   Section        0  noretval__2sprintf.o(.text)
    .text                                    0x000004a0   Section        0  __printf.o(.text)
    .text                                    0x00000508   Section        0  _printf_dec.o(.text)
    .text                                    0x00000580   Section        0  strlen.o(.text)
    .text                                    0x000005be   Section        0  heapauxi.o(.text)
    .text                                    0x000005c4   Section        0  _rserrno.o(.text)
    .text                                    0x000005da   Section        0  _printf_intcommon.o(.text)
    .text                                    0x0000068c   Section        0  _printf_char_common.o(.text)
    _printf_input_char                       0x0000068d   Thumb Code    10  _printf_char_common.o(.text)
    .text                                    0x000006bc   Section        0  _sputc.o(.text)
    .text                                    0x000006c8   Section        8  rt_errno_addr_intlibspace.o(.text)
    .text                                    0x000006d0   Section        8  libspace.o(.text)
    .text                                    0x000006d8   Section       74  sys_stackheap_outer.o(.text)
    .text                                    0x00000722   Section        0  exit.o(.text)
    .text                                    0x00000734   Section        0  sys_exit.o(.text)
    .text                                    0x00000740   Section        2  use_no_semi.o(.text)
    .text                                    0x00000742   Section        0  indicate_semi.o(.text)
    i.ABS                                    0x00000744   Section        0  mpu6050.o(i.ABS)
    ABS                                      0x00000745   Thumb Code    60  mpu6050.o(i.ABS)
    i.GPIODirModeSet                         0x00000788   Section        0  gpio.o(i.GPIODirModeSet)
    i.GPIOPadConfigSet                       0x000007b0   Section        0  gpio.o(i.GPIOPadConfigSet)
    i.GPIOPinConfigure                       0x000008e8   Section        0  gpio.o(i.GPIOPinConfigure)
    i.GPIOPinTypeGPIOOutput                  0x0000092c   Section        0  gpio.o(i.GPIOPinTypeGPIOOutput)
    i.GPIOPinTypeI2C                         0x00000948   Section        0  gpio.o(i.GPIOPinTypeI2C)
    i.GPIOPinTypeI2CSCL                      0x00000964   Section        0  gpio.o(i.GPIOPinTypeI2CSCL)
    i.GPIOPinTypeUART                        0x00000980   Section        0  gpio.o(i.GPIOPinTypeUART)
    i.GPIOPinWrite                           0x0000099c   Section        0  gpio.o(i.GPIOPinWrite)
    i.I2CMasterBusy                          0x000009a2   Section        0  i2c.o(i.I2CMasterBusy)
    i.I2CMasterControl                       0x000009ae   Section        0  i2c.o(i.I2CMasterControl)
    i.I2CMasterDataGet                       0x000009b2   Section        0  i2c.o(i.I2CMasterDataGet)
    i.I2CMasterDataPut                       0x000009b6   Section        0  i2c.o(i.I2CMasterDataPut)
    i.I2CMasterInitExpClk                    0x000009bc   Section        0  i2c.o(i.I2CMasterInitExpClk)
    i.I2CMasterSlaveAddrSet                  0x00000a10   Section        0  i2c.o(i.I2CMasterSlaveAddrSet)
    i.I2C_MPU6050_Init                       0x00000a18   Section        0  mpu6050.o(i.I2C_MPU6050_Init)
    I2C_MPU6050_Init                         0x00000a19   Thumb Code    86  mpu6050.o(i.I2C_MPU6050_Init)
    i.I2C_Read                               0x00000a7c   Section        0  mpu6050.o(i.I2C_Read)
    I2C_Read                                 0x00000a7d   Thumb Code    84  mpu6050.o(i.I2C_Read)
    i.I2C_Read_Data                          0x00000ad4   Section        0  mpu6050.o(i.I2C_Read_Data)
    I2C_Read_Data                            0x00000ad5   Thumb Code   168  mpu6050.o(i.I2C_Read_Data)
    i.I2C_Write                              0x00000b80   Section        0  mpu6050.o(i.I2C_Write)
    I2C_Write                                0x00000b81   Thumb Code    20  mpu6050.o(i.I2C_Write)
    i.I2C_Write_Data                         0x00000b94   Section        0  mpu6050.o(i.I2C_Write_Data)
    I2C_Write_Data                           0x00000b95   Thumb Code   126  mpu6050.o(i.I2C_Write_Data)
    i.IntEnable                              0x00000c18   Section        0  interrupt.o(i.IntEnable)
    i.IntMasterEnable                        0x00000c7c   Section        0  interrupt.o(i.IntMasterEnable)
    i.IntRegister                            0x00000c8c   Section        0  interrupt.o(i.IntRegister)
    i.Kalman_Filter_Init                     0x00000cc0   Section        0  mpu6050.o(i.Kalman_Filter_Init)
    Kalman_Filter_Init                       0x00000cc1   Thumb Code    86  mpu6050.o(i.Kalman_Filter_Init)
    i.Kalman_Filter_Process                  0x00000d40   Section        0  mpu6050.o(i.Kalman_Filter_Process)
    Kalman_Filter_Process                    0x00000d41   Thumb Code  1082  mpu6050.o(i.Kalman_Filter_Process)
    i.Kalman_Get_Angle                       0x000011ec   Section        0  mpu6050.o(i.Kalman_Get_Angle)
    Kalman_Get_Angle                         0x000011ed   Thumb Code   324  mpu6050.o(i.Kalman_Get_Angle)
    i.MPU6050_First_Get_Data                 0x0000134c   Section        0  mpu6050.o(i.MPU6050_First_Get_Data)
    MPU6050_First_Get_Data                   0x0000134d   Thumb Code   294  mpu6050.o(i.MPU6050_First_Get_Data)
    i.MPU6050_Get_Accel_Raw                  0x00001494   Section        0  mpu6050.o(i.MPU6050_Get_Accel_Raw)
    i.MPU6050_Get_Gyro_Raw                   0x000014d6   Section        0  mpu6050.o(i.MPU6050_Get_Gyro_Raw)
    i.MPU6050_Init                           0x00001518   Section        0  mpu6050.o(i.MPU6050_Init)
    i.SysCtlClockGet                         0x000015e0   Section        0  sysctl.o(i.SysCtlClockGet)
    i.SysCtlClockSet                         0x00001734   Section        0  sysctl.o(i.SysCtlClockSet)
    i.SysCtlPeripheralEnable                 0x00001854   Section        0  sysctl.o(i.SysCtlPeripheralEnable)
    i.SystemInit                             0x0000187c   Section        0  system_tm4c123.o(i.SystemInit)
    i.TimerConfigure                         0x00001914   Section        0  timer.o(i.TimerConfigure)
    i.TimerControlStall                      0x00001974   Section        0  timer.o(i.TimerControlStall)
    i.TimerEnable                            0x0000198a   Section        0  timer.o(i.TimerEnable)
    i.TimerIntClear                          0x00001998   Section        0  timer.o(i.TimerIntClear)
    i.TimerIntEnable                         0x0000199c   Section        0  timer.o(i.TimerIntEnable)
    i.TimerIntRegister                       0x000019a4   Section        0  timer.o(i.TimerIntRegister)
    i.TimerLoadSet                           0x00001a0c   Section        0  timer.o(i.TimerLoadSet)
    i.Timer_Init                             0x00001a20   Section        0  mpu6050.o(i.Timer_Init)
    Timer_Init                               0x00001a21   Thumb Code   108  mpu6050.o(i.Timer_Init)
    i.Timer_Interrupt_Handler                0x00001a9c   Section        0  mpu6050.o(i.Timer_Interrupt_Handler)
    Timer_Interrupt_Handler                  0x00001a9d   Thumb Code    62  mpu6050.o(i.Timer_Interrupt_Handler)
    i.UARTCharPut                            0x00001ae8   Section        0  uart.o(i.UARTCharPut)
    i.UARTConfigSetExpClk                    0x00001af4   Section        0  uart.o(i.UARTConfigSetExpClk)
    i.UARTIntEnable                          0x00001b62   Section        0  uart.o(i.UARTIntEnable)
    i.WriteSerial                            0x00001b6c   Section        0  main.o(i.WriteSerial)
    i.__ARM_fpclassify                       0x00001b8c   Section        0  fpclassify.o(i.__ARM_fpclassify)
    i.__hardfp_atan                          0x00001bc0   Section        0  atan.o(i.__hardfp_atan)
    i.__hardfp_atan2                         0x00001e98   Section        0  atan2.o(i.__hardfp_atan2)
    i.__hardfp_sqrt                          0x00002088   Section        0  sqrt.o(i.__hardfp_sqrt)
    i.__kernel_poly                          0x00002102   Section        0  poly.o(i.__kernel_poly)
    i.__mathlib_dbl_infnan                   0x000021fa   Section        0  dunder.o(i.__mathlib_dbl_infnan)
    i.__mathlib_dbl_infnan2                  0x0000220e   Section        0  dunder.o(i.__mathlib_dbl_infnan2)
    i.__mathlib_dbl_underflow                0x00002228   Section        0  dunder.o(i.__mathlib_dbl_underflow)
    i.atan                                   0x00002248   Section        0  atan.o(i.atan)
    i.delay                                  0x00002258   Section        0  mpu6050.o(i.delay)
    delay                                    0x00002259   Thumb Code    12  mpu6050.o(i.delay)
    i.fabs                                   0x00002264   Section        0  fabs.o(i.fabs)
    i.main                                   0x0000227c   Section        0  main.o(i.main)
    x$fpl$basic                              0x00002368   Section       24  basic.o(x$fpl$basic)
    $v0                                      0x00002368   Number         0  basic.o(x$fpl$basic)
    x$fpl$d2f                                0x00002380   Section       98  d2f.o(x$fpl$d2f)
    $v0                                      0x00002380   Number         0  d2f.o(x$fpl$d2f)
    x$fpl$dadd                               0x000023e4   Section      336  daddsub_clz.o(x$fpl$dadd)
    $v0                                      0x000023e4   Number         0  daddsub_clz.o(x$fpl$dadd)
    _dadd1                                   0x000023f5   Thumb Code     0  daddsub_clz.o(x$fpl$dadd)
    x$fpl$dcmpinf                            0x00002534   Section       24  dcmpi.o(x$fpl$dcmpinf)
    $v0                                      0x00002534   Number         0  dcmpi.o(x$fpl$dcmpinf)
    x$fpl$ddiv                               0x0000254c   Section      688  ddiv.o(x$fpl$ddiv)
    $v0                                      0x0000254c   Number         0  ddiv.o(x$fpl$ddiv)
    ddiv_entry                               0x00002553   Thumb Code     0  ddiv.o(x$fpl$ddiv)
    x$fpl$dflt                               0x000027fc   Section       46  dflt_clz.o(x$fpl$dflt)
    $v0                                      0x000027fc   Number         0  dflt_clz.o(x$fpl$dflt)
    x$fpl$dleqf                              0x0000282c   Section      120  dleqf.o(x$fpl$dleqf)
    $v0                                      0x0000282c   Number         0  dleqf.o(x$fpl$dleqf)
    x$fpl$dmul                               0x000028a4   Section      340  dmul.o(x$fpl$dmul)
    $v0                                      0x000028a4   Number         0  dmul.o(x$fpl$dmul)
    x$fpl$dnaninf                            0x000029f8   Section      156  dnaninf.o(x$fpl$dnaninf)
    $v0                                      0x000029f8   Number         0  dnaninf.o(x$fpl$dnaninf)
    x$fpl$dretinf                            0x00002a94   Section       12  dretinf.o(x$fpl$dretinf)
    $v0                                      0x00002a94   Number         0  dretinf.o(x$fpl$dretinf)
    x$fpl$drleqf                             0x00002aa0   Section      108  drleqf.o(x$fpl$drleqf)
    $v0                                      0x00002aa0   Number         0  drleqf.o(x$fpl$drleqf)
    x$fpl$drsb                               0x00002b0c   Section       22  daddsub_clz.o(x$fpl$drsb)
    $v0                                      0x00002b0c   Number         0  daddsub_clz.o(x$fpl$drsb)
    x$fpl$dsqrt                              0x00002b24   Section      408  dsqrt_umaal.o(x$fpl$dsqrt)
    $v0                                      0x00002b24   Number         0  dsqrt_umaal.o(x$fpl$dsqrt)
    x$fpl$dsub                               0x00002cbc   Section      468  daddsub_clz.o(x$fpl$dsub)
    $v0                                      0x00002cbc   Number         0  daddsub_clz.o(x$fpl$dsub)
    _dsub1                                   0x00002ccd   Thumb Code     0  daddsub_clz.o(x$fpl$dsub)
    x$fpl$f2d                                0x00002e90   Section       86  f2d.o(x$fpl$f2d)
    $v0                                      0x00002e90   Number         0  f2d.o(x$fpl$f2d)
    x$fpl$fnaninf                            0x00002ee6   Section      140  fnaninf.o(x$fpl$fnaninf)
    $v0                                      0x00002ee6   Number         0  fnaninf.o(x$fpl$fnaninf)
    x$fpl$fpinit                             0x00002f72   Section       10  fpinit.o(x$fpl$fpinit)
    $v0                                      0x00002f72   Number         0  fpinit.o(x$fpl$fpinit)
    x$fpl$fretinf                            0x00002f7c   Section       10  fretinf.o(x$fpl$fretinf)
    $v0                                      0x00002f7c   Number         0  fretinf.o(x$fpl$fretinf)
    x$fpl$usenofp                            0x00002f86   Section        0  usenofp.o(x$fpl$usenofp)
    .constdata                               0x00002f88   Section      552  gpio.o(.constdata)
    g_ppui32GPIOIntMapBlizzard               0x00002f88   Data         192  gpio.o(.constdata)
    g_ppui32GPIOIntMapSnowflake              0x00003048   Data         216  gpio.o(.constdata)
    g_pui32GPIOBaseAddrs                     0x00003120   Data         144  gpio.o(.constdata)
    .constdata                               0x000031b0   Section      268  interrupt.o(.constdata)
    g_pui32Priority                          0x000031b0   Data          32  interrupt.o(.constdata)
    g_pui32Regs                              0x000031d0   Data         156  interrupt.o(.constdata)
    g_pui32EnRegs                            0x0000326c   Data          20  interrupt.o(.constdata)
    g_pui32Dii16Regs                         0x00003280   Data          20  interrupt.o(.constdata)
    g_pui32PendRegs                          0x00003294   Data          20  interrupt.o(.constdata)
    g_pui32UnpendRegs                        0x000032a8   Data          20  interrupt.o(.constdata)
    .constdata                               0x000032bc   Section      596  sysctl.o(.constdata)
    g_pui32VCOFrequencies                    0x000032bc   Data           8  sysctl.o(.constdata)
    g_pui32Xtals                             0x000032c4   Data         108  sysctl.o(.constdata)
    g_pppui32XTALtoVCO                       0x00003330   Data         432  sysctl.o(.constdata)
    g_sXTALtoMEMTIM                          0x000034e0   Data          48  sysctl.o(.constdata)
    .constdata                               0x00003510   Section      160  timer.o(.constdata)
    g_ppui32TimerIntMap                      0x00003510   Data          96  timer.o(.constdata)
    g_ppui32TimerIntMapSnowflake             0x00003570   Data          64  timer.o(.constdata)
    .constdata                               0x000035b0   Section      152  atan.o(.constdata)
    atanhi                                   0x000035b0   Data          32  atan.o(.constdata)
    atanlo                                   0x000035d0   Data          32  atan.o(.constdata)
    aTodd                                    0x000035f0   Data          40  atan.o(.constdata)
    aTeven                                   0x00003618   Data          48  atan.o(.constdata)
    .constdata                               0x00003648   Section        8  qnan.o(.constdata)
    .data                                    0x20000000   Section       12  main.o(.data)
    i16_Accel_Raw                            0x20000000   Data           6  main.o(.data)
    i16_Gyro_Raw                             0x20000006   Data           6  main.o(.data)
    .data                                    0x20000010   Section       89  mpu6050.o(.data)
    ui32Period                               0x20000010   Data           4  mpu6050.o(.data)
    f_Q_angle                                0x20000014   Data           4  mpu6050.o(.data)
    f_Q_bias                                 0x20000018   Data           4  mpu6050.o(.data)
    f_R_measure                              0x2000001c   Data           4  mpu6050.o(.data)
    f_angle                                  0x20000020   Data           4  mpu6050.o(.data)
    f_bias                                   0x20000024   Data           4  mpu6050.o(.data)
    f_rate                                   0x20000028   Data           4  mpu6050.o(.data)
    f_angleX_                                0x2000002c   Data           4  mpu6050.o(.data)
    f_angleY_                                0x20000030   Data           4  mpu6050.o(.data)
    xx                                       0x20000068   Data           1  mpu6050.o(.data)
    vtable                                   0x20000400   Section      620  interrupt.o(vtable)
    g_pfnRAMVectors                          0x20000400   Data         620  interrupt.o(vtable)
    .bss                                     0x2000066c   Section       50  main.o(.bss)
    u8_Buf                                   0x2000066c   Data          50  main.o(.bss)
    .bss                                     0x200006a0   Section       16  mpu6050.o(.bss)
    f_P                                      0x200006a0   Data          16  mpu6050.o(.bss)
    .bss                                     0x200006b0   Section       96  libspace.o(.bss)
    HEAP                                     0x20000710   Section        0  startup_tm4c123.o(HEAP)
    STACK                                    0x20000710   Section      512  startup_tm4c123.o(STACK)
    Heap_Mem                                 0x20000710   Data           0  startup_tm4c123.o(HEAP)
    Stack_Mem                                0x20000710   Data         512  startup_tm4c123.o(STACK)
    __initial_sp                             0x20000910   Data           0  startup_tm4c123.o(STACK)

    Global Symbols

    Symbol Name                              Value     Ov Type        Size  Object(Section)

    BuildAttributes$$THM_ISAv4$E$P$D$K$B$S$7EM$VFPi3$EXTD16$VFPS$VFMA$PE$A:L22UL41UL21$X:L11$S22US41US21$IEEE1$IW$USESV6$~STKCKD$USESV7$~SHL$OTIME$ROPI$IEEEX$EBA8$UX$STANDARDLIB$REQ8$PRES8$EABIv2 0x00000000   Number         0  anon$$obj.o ABSOLUTE
    __ARM_use_no_argv                        0x00000000   Number         0  main.o ABSOLUTE
    __Vectors                                0x00000000   Data           4  startup_tm4c123.o(RESET)
    __ARM_exceptions_init                     - Undefined Weak Reference
    __alloca_initialize                       - Undefined Weak Reference
    __arm_preinit_                            - Undefined Weak Reference
    __cpp_initialize__aeabi_                  - Undefined Weak Reference
    __cxa_finalize                            - Undefined Weak Reference
    __rt_locale                               - Undefined Weak Reference
    __sigvec_lookup                           - Undefined Weak Reference
    _atexit_init                              - Undefined Weak Reference
    _call_atexit_fns                          - Undefined Weak Reference
    _clock_init                               - Undefined Weak Reference
    _fp_trap_init                             - Undefined Weak Reference
    _fp_trap_shutdown                         - Undefined Weak Reference
    _get_lc_collate                           - Undefined Weak Reference
    _get_lc_ctype                             - Undefined Weak Reference
    _get_lc_monetary                          - Undefined Weak Reference
    _get_lc_numeric                           - Undefined Weak Reference
    _get_lc_time                              - Undefined Weak Reference
    _getenv_init                              - Undefined Weak Reference
    _handle_redirection                       - Undefined Weak Reference
    _init_alloc                               - Undefined Weak Reference
    _init_user_alloc                          - Undefined Weak Reference
    _initio                                   - Undefined Weak Reference
    _printf_post_padding                      - Undefined Weak Reference
    _printf_pre_padding                       - Undefined Weak Reference
    _printf_truncate_signed                   - Undefined Weak Reference
    _printf_truncate_unsigned                 - Undefined Weak Reference
    _rand_init                                - Undefined Weak Reference
    _signal_finish                            - Undefined Weak Reference
    _signal_init                              - Undefined Weak Reference
    _terminate_alloc                          - Undefined Weak Reference
    _terminate_user_alloc                     - Undefined Weak Reference
    _terminateio                              - Undefined Weak Reference
    __Vectors_End                            0x0000026c   Data           0  startup_tm4c123.o(RESET)
    __Vectors_Size                           0x0000026c   Number         0  startup_tm4c123.o ABSOLUTE
    __main                                   0x0000026d   Thumb Code     8  __main.o(!!!main)
    __scatterload                            0x00000275   Thumb Code     0  __scatter.o(!!!scatter)
    __scatterload_rt2                        0x00000275   Thumb Code    44  __scatter.o(!!!scatter)
    __scatterload_rt2_thumb_only             0x00000275   Thumb Code     0  __scatter.o(!!!scatter)
    __scatterload_null                       0x00000283   Thumb Code     0  __scatter.o(!!!scatter)
    __decompress                             0x000002a9   Thumb Code    58  __dczerorl.o(!!dczerorl)
    __decompress0                            0x000002a9   Thumb Code     0  __dczerorl.o(!!dczerorl)
    __scatterload_zeroinit                   0x000002e5   Thumb Code    28  __scatter_zi.o(!!handler_zi)
    _printf_d                                0x00000301   Thumb Code     0  _printf_d.o(.ARM.Collect$$_printf_percent$$00000009)
    _printf_percent                          0x00000301   Thumb Code     0  _printf_percent.o(.ARM.Collect$$_printf_percent$$00000000)
    _printf_percent_end                      0x00000307   Thumb Code     0  _printf_percent_end.o(.ARM.Collect$$_printf_percent$$00000017)
    __rt_lib_init                            0x0000030b   Thumb Code     0  libinit.o(.ARM.Collect$$libinit$$00000000)
    __rt_lib_init_fp_1                       0x0000030d   Thumb Code     0  libinit2.o(.ARM.Collect$$libinit$$00000001)
    __rt_lib_init_alloca_1                   0x00000311   Thumb Code     0  libinit2.o(.ARM.Collect$$libinit$$0000002E)
    __rt_lib_init_argv_1                     0x00000311   Thumb Code     0  libinit2.o(.ARM.Collect$$libinit$$0000002C)
    __rt_lib_init_atexit_1                   0x00000311   Thumb Code     0  libinit2.o(.ARM.Collect$$libinit$$0000001B)
    __rt_lib_init_clock_1                    0x00000311   Thumb Code     0  libinit2.o(.ARM.Collect$$libinit$$00000021)
    __rt_lib_init_cpp_1                      0x00000311   Thumb Code     0  libinit2.o(.ARM.Collect$$libinit$$00000032)
    __rt_lib_init_exceptions_1               0x00000311   Thumb Code     0  libinit2.o(.ARM.Collect$$libinit$$00000030)
    __rt_lib_init_fp_trap_1                  0x00000311   Thumb Code     0  libinit2.o(.ARM.Collect$$libinit$$0000001F)
    __rt_lib_init_getenv_1                   0x00000311   Thumb Code     0  libinit2.o(.ARM.Collect$$libinit$$00000023)
    __rt_lib_init_heap_1                     0x00000311   Thumb Code     0  libinit2.o(.ARM.Collect$$libinit$$0000000A)
    __rt_lib_init_lc_collate_1               0x00000311   Thumb Code     0  libinit2.o(.ARM.Collect$$libinit$$00000011)
    __rt_lib_init_lc_ctype_1                 0x00000311   Thumb Code     0  libinit2.o(.ARM.Collect$$libinit$$00000013)
    __rt_lib_init_lc_monetary_1              0x00000311   Thumb Code     0  libinit2.o(.ARM.Collect$$libinit$$00000015)
    __rt_lib_init_lc_numeric_1               0x00000311   Thumb Code     0  libinit2.o(.ARM.Collect$$libinit$$00000017)
    __rt_lib_init_lc_time_1                  0x00000311   Thumb Code     0  libinit2.o(.ARM.Collect$$libinit$$00000019)
    __rt_lib_init_preinit_1                  0x00000311   Thumb Code     0  libinit2.o(.ARM.Collect$$libinit$$00000004)
    __rt_lib_init_rand_1                     0x00000311   Thumb Code     0  libinit2.o(.ARM.Collect$$libinit$$0000000E)
    __rt_lib_init_return                     0x00000311   Thumb Code     0  libinit2.o(.ARM.Collect$$libinit$$00000033)
    __rt_lib_init_signal_1                   0x00000311   Thumb Code     0  libinit2.o(.ARM.Collect$$libinit$$0000001D)
    __rt_lib_init_stdio_1                    0x00000311   Thumb Code     0  libinit2.o(.ARM.Collect$$libinit$$00000025)
    __rt_lib_init_user_alloc_1               0x00000311   Thumb Code     0  libinit2.o(.ARM.Collect$$libinit$$0000000C)
    __rt_lib_shutdown                        0x00000313   Thumb Code     0  libshutdown.o(.ARM.Collect$$libshutdown$$00000000)
    __rt_lib_shutdown_cpp_1                  0x00000315   Thumb Code     0  libshutdown2.o(.ARM.Collect$$libshutdown$$00000002)
    __rt_lib_shutdown_fp_trap_1              0x00000315   Thumb Code     0  libshutdown2.o(.ARM.Collect$$libshutdown$$00000007)
    __rt_lib_shutdown_heap_1                 0x00000315   Thumb Code     0  libshutdown2.o(.ARM.Collect$$libshutdown$$0000000F)
    __rt_lib_shutdown_return                 0x00000315   Thumb Code     0  libshutdown2.o(.ARM.Collect$$libshutdown$$00000010)
    __rt_lib_shutdown_signal_1               0x00000315   Thumb Code     0  libshutdown2.o(.ARM.Collect$$libshutdown$$0000000A)
    __rt_lib_shutdown_stdio_1                0x00000315   Thumb Code     0  libshutdown2.o(.ARM.Collect$$libshutdown$$00000004)
    __rt_lib_shutdown_user_alloc_1           0x00000315   Thumb Code     0  libshutdown2.o(.ARM.Collect$$libshutdown$$0000000C)
    __rt_entry                               0x00000317   Thumb Code     0  __rtentry.o(.ARM.Collect$$rtentry$$00000000)
    __rt_entry_presh_1                       0x00000317   Thumb Code     0  __rtentry2.o(.ARM.Collect$$rtentry$$00000002)
    __rt_entry_sh                            0x00000317   Thumb Code     0  __rtentry4.o(.ARM.Collect$$rtentry$$00000004)
    __rt_entry_li                            0x0000031d   Thumb Code     0  __rtentry2.o(.ARM.Collect$$rtentry$$0000000A)
    __rt_entry_postsh_1                      0x0000031d   Thumb Code     0  __rtentry2.o(.ARM.Collect$$rtentry$$00000009)
    __rt_entry_main                          0x00000321   Thumb Code     0  __rtentry2.o(.ARM.Collect$$rtentry$$0000000D)
    __rt_entry_postli_1                      0x00000321   Thumb Code     0  __rtentry2.o(.ARM.Collect$$rtentry$$0000000C)
    __rt_exit                                0x00000329   Thumb Code     0  rtexit.o(.ARM.Collect$$rtexit$$00000000)
    __rt_exit_ls                             0x0000032b   Thumb Code     0  rtexit2.o(.ARM.Collect$$rtexit$$00000003)
    __rt_exit_prels_1                        0x0000032b   Thumb Code     0  rtexit2.o(.ARM.Collect$$rtexit$$00000002)
    __rt_exit_exit                           0x0000032f   Thumb Code     0  rtexit2.o(.ARM.Collect$$rtexit$$00000004)
    SysCtlDelay                              0x00000335   Thumb Code     6  sysctl.o(.emb_text)
    CPUcpsid                                 0x0000033d   Thumb Code     8  cpu.o(.emb_text)
    CPUprimask                               0x00000345   Thumb Code     6  cpu.o(.emb_text)
    CPUcpsie                                 0x0000034b   Thumb Code     8  cpu.o(.emb_text)
    CPUwfi                                   0x00000353   Thumb Code     4  cpu.o(.emb_text)
    CPUbasepriSet                            0x00000357   Thumb Code     6  cpu.o(.emb_text)
    CPUbasepriGet                            0x0000035d   Thumb Code     6  cpu.o(.emb_text)
    Reset_Handler                            0x00000365   Thumb Code     8  startup_tm4c123.o(.text)
    NMI_Handler                              0x0000036d   Thumb Code     2  startup_tm4c123.o(.text)
    HardFault_Handler                        0x0000036f   Thumb Code     2  startup_tm4c123.o(.text)
    MemManage_Handler                        0x00000371   Thumb Code     2  startup_tm4c123.o(.text)
    BusFault_Handler                         0x00000373   Thumb Code     2  startup_tm4c123.o(.text)
    UsageFault_Handler                       0x00000375   Thumb Code     2  startup_tm4c123.o(.text)
    SVC_Handler                              0x00000377   Thumb Code     2  startup_tm4c123.o(.text)
    DebugMon_Handler                         0x00000379   Thumb Code     2  startup_tm4c123.o(.text)
    PendSV_Handler                           0x0000037b   Thumb Code     2  startup_tm4c123.o(.text)
    SysTick_Handler                          0x0000037d   Thumb Code     2  startup_tm4c123.o(.text)
    GPIOA_Handler                            0x0000037f   Thumb Code     2  startup_tm4c123.o(.text)
    GPIOB_Handler                            0x00000381   Thumb Code     2  startup_tm4c123.o(.text)
    GPIOC_Handler                            0x00000383   Thumb Code     2  startup_tm4c123.o(.text)
    GPIOD_Handler                            0x00000385   Thumb Code     2  startup_tm4c123.o(.text)
    GPIOE_Handler                            0x00000387   Thumb Code     2  startup_tm4c123.o(.text)
    UART0_Handler                            0x00000389   Thumb Code     2  startup_tm4c123.o(.text)
    UART1_Handler                            0x0000038b   Thumb Code     2  startup_tm4c123.o(.text)
    SSI0_Handler                             0x0000038d   Thumb Code     2  startup_tm4c123.o(.text)
    I2C0_Handler                             0x0000038f   Thumb Code     2  startup_tm4c123.o(.text)
    PMW0_FAULT_Handler                       0x00000391   Thumb Code     2  startup_tm4c123.o(.text)
    PWM0_0_Handler                           0x00000393   Thumb Code     2  startup_tm4c123.o(.text)
    PWM0_1_Handler                           0x00000395   Thumb Code     2  startup_tm4c123.o(.text)
    PWM0_2_Handler                           0x00000397   Thumb Code     2  startup_tm4c123.o(.text)
    QEI0_Handler                             0x00000399   Thumb Code     2  startup_tm4c123.o(.text)
    ADC0SS0_Handler                          0x0000039b   Thumb Code     2  startup_tm4c123.o(.text)
    ADC0SS1_Handler                          0x0000039d   Thumb Code     2  startup_tm4c123.o(.text)
    ADC0SS2_Handler                          0x0000039f   Thumb Code     2  startup_tm4c123.o(.text)
    ADC0SS3_Handler                          0x000003a1   Thumb Code     2  startup_tm4c123.o(.text)
    WDT0_Handler                             0x000003a3   Thumb Code     2  startup_tm4c123.o(.text)
    TIMER0A_Handler                          0x000003a5   Thumb Code     2  startup_tm4c123.o(.text)
    TIMER0B_Handler                          0x000003a7   Thumb Code     2  startup_tm4c123.o(.text)
    TIMER1A_Handler                          0x000003a9   Thumb Code     2  startup_tm4c123.o(.text)
    TIMER1B_Handler                          0x000003ab   Thumb Code     2  startup_tm4c123.o(.text)
    TIMER2A_Handler                          0x000003ad   Thumb Code     2  startup_tm4c123.o(.text)
    TIMER2B_Handler                          0x000003af   Thumb Code     2  startup_tm4c123.o(.text)
    COMP0_Handler                            0x000003b1   Thumb Code     2  startup_tm4c123.o(.text)
    COMP1_Handler                            0x000003b3   Thumb Code     2  startup_tm4c123.o(.text)
    COMP2_Handler                            0x000003b5   Thumb Code     2  startup_tm4c123.o(.text)
    SYSCTL_Handler                           0x000003b7   Thumb Code     2  startup_tm4c123.o(.text)
    FLASH_Handler                            0x000003b9   Thumb Code     2  startup_tm4c123.o(.text)
    GPIOF_Handler                            0x000003bb   Thumb Code     2  startup_tm4c123.o(.text)
    GPIOG_Handler                            0x000003bd   Thumb Code     2  startup_tm4c123.o(.text)
    GPIOH_Handler                            0x000003bf   Thumb Code     2  startup_tm4c123.o(.text)
    UART2_Handler                            0x000003c1   Thumb Code     2  startup_tm4c123.o(.text)
    SSI1_Handler                             0x000003c3   Thumb Code     2  startup_tm4c123.o(.text)
    TIMER3A_Handler                          0x000003c5   Thumb Code     2  startup_tm4c123.o(.text)
    TIMER3B_Handler                          0x000003c7   Thumb Code     2  startup_tm4c123.o(.text)
    I2C1_Handler                             0x000003c9   Thumb Code     2  startup_tm4c123.o(.text)
    QEI1_Handler                             0x000003cb   Thumb Code     2  startup_tm4c123.o(.text)
    CAN0_Handler                             0x000003cd   Thumb Code     2  startup_tm4c123.o(.text)
    CAN1_Handler                             0x000003cf   Thumb Code     2  startup_tm4c123.o(.text)
    CAN2_Handler                             0x000003d1   Thumb Code     2  startup_tm4c123.o(.text)
    HIB_Handler                              0x000003d3   Thumb Code     2  startup_tm4c123.o(.text)
    USB0_Handler                             0x000003d5   Thumb Code     2  startup_tm4c123.o(.text)
    PWM0_3_Handler                           0x000003d7   Thumb Code     2  startup_tm4c123.o(.text)
    UDMA_Handler                             0x000003d9   Thumb Code     2  startup_tm4c123.o(.text)
    UDMAERR_Handler                          0x000003db   Thumb Code     2  startup_tm4c123.o(.text)
    ADC1SS0_Handler                          0x000003dd   Thumb Code     2  startup_tm4c123.o(.text)
    ADC1SS1_Handler                          0x000003df   Thumb Code     2  startup_tm4c123.o(.text)
    ADC1SS2_Handler                          0x000003e1   Thumb Code     2  startup_tm4c123.o(.text)
    ADC1SS3_Handler                          0x000003e3   Thumb Code     2  startup_tm4c123.o(.text)
    GPIOJ_Handler                            0x000003e5   Thumb Code     2  startup_tm4c123.o(.text)
    GPIOK_Handler                            0x000003e7   Thumb Code     2  startup_tm4c123.o(.text)
    GPIOL_Handler                            0x000003e9   Thumb Code     2  startup_tm4c123.o(.text)
    SSI2_Handler                             0x000003eb   Thumb Code     2  startup_tm4c123.o(.text)
    SSI3_Handler                             0x000003ed   Thumb Code     2  startup_tm4c123.o(.text)
    UART3_Handler                            0x000003ef   Thumb Code     2  startup_tm4c123.o(.text)
    UART4_Handler                            0x000003f1   Thumb Code     2  startup_tm4c123.o(.text)
    UART5_Handler                            0x000003f3   Thumb Code     2  startup_tm4c123.o(.text)
    UART6_Handler                            0x000003f5   Thumb Code     2  startup_tm4c123.o(.text)
    UART7_Handler                            0x000003f7   Thumb Code     2  startup_tm4c123.o(.text)
    I2C2_Handler                             0x000003f9   Thumb Code     2  startup_tm4c123.o(.text)
    I2C3_Handler                             0x000003fb   Thumb Code     2  startup_tm4c123.o(.text)
    TIMER4A_Handler                          0x000003fd   Thumb Code     2  startup_tm4c123.o(.text)
    TIMER4B_Handler                          0x000003ff   Thumb Code     2  startup_tm4c123.o(.text)
    TIMER5A_Handler                          0x00000401   Thumb Code     2  startup_tm4c123.o(.text)
    TIMER5B_Handler                          0x00000403   Thumb Code     2  startup_tm4c123.o(.text)
    WTIMER0A_Handler                         0x00000405   Thumb Code     2  startup_tm4c123.o(.text)
    WTIMER0B_Handler                         0x00000407   Thumb Code     2  startup_tm4c123.o(.text)
    WTIMER1A_Handler                         0x00000409   Thumb Code     2  startup_tm4c123.o(.text)
    WTIMER1B_Handler                         0x0000040b   Thumb Code     2  startup_tm4c123.o(.text)
    WTIMER2A_Handler                         0x0000040d   Thumb Code     2  startup_tm4c123.o(.text)
    WTIMER2B_Handler                         0x0000040f   Thumb Code     2  startup_tm4c123.o(.text)
    WTIMER3A_Handler                         0x00000411   Thumb Code     2  startup_tm4c123.o(.text)
    WTIMER3B_Handler                         0x00000413   Thumb Code     2  startup_tm4c123.o(.text)
    WTIMER4A_Handler                         0x00000415   Thumb Code     2  startup_tm4c123.o(.text)
    WTIMER4B_Handler                         0x00000417   Thumb Code     2  startup_tm4c123.o(.text)
    WTIMER5A_Handler                         0x00000419   Thumb Code     2  startup_tm4c123.o(.text)
    WTIMER5B_Handler                         0x0000041b   Thumb Code     2  startup_tm4c123.o(.text)
    FPU_Handler                              0x0000041d   Thumb Code     2  startup_tm4c123.o(.text)
    I2C4_Handler                             0x0000041f   Thumb Code     2  startup_tm4c123.o(.text)
    I2C5_Handler                             0x00000421   Thumb Code     2  startup_tm4c123.o(.text)
    GPIOM_Handler                            0x00000423   Thumb Code     2  startup_tm4c123.o(.text)
    GPION_Handler                            0x00000425   Thumb Code     2  startup_tm4c123.o(.text)
    QEI2_Handler                             0x00000427   Thumb Code     2  startup_tm4c123.o(.text)
    GPIOP0_Handler                           0x00000429   Thumb Code     2  startup_tm4c123.o(.text)
    GPIOP1_Handler                           0x0000042b   Thumb Code     2  startup_tm4c123.o(.text)
    GPIOP2_Handler                           0x0000042d   Thumb Code     2  startup_tm4c123.o(.text)
    GPIOP3_Handler                           0x0000042f   Thumb Code     2  startup_tm4c123.o(.text)
    GPIOP4_Handler                           0x00000431   Thumb Code     2  startup_tm4c123.o(.text)
    GPIOP5_Handler                           0x00000433   Thumb Code     2  startup_tm4c123.o(.text)
    GPIOP6_Handler                           0x00000435   Thumb Code     2  startup_tm4c123.o(.text)
    GPIOP7_Handler                           0x00000437   Thumb Code     2  startup_tm4c123.o(.text)
    GPIOQ0_Handler                           0x00000439   Thumb Code     2  startup_tm4c123.o(.text)
    GPIOQ1_Handler                           0x0000043b   Thumb Code     2  startup_tm4c123.o(.text)
    GPIOQ2_Handler                           0x0000043d   Thumb Code     2  startup_tm4c123.o(.text)
    GPIOQ3_Handler                           0x0000043f   Thumb Code     2  startup_tm4c123.o(.text)
    GPIOQ4_Handler                           0x00000441   Thumb Code     2  startup_tm4c123.o(.text)
    GPIOQ5_Handler                           0x00000443   Thumb Code     2  startup_tm4c123.o(.text)
    GPIOQ6_Handler                           0x00000445   Thumb Code     2  startup_tm4c123.o(.text)
    GPIOQ7_Handler                           0x00000447   Thumb Code     2  startup_tm4c123.o(.text)
    GPIOR_Handler                            0x00000449   Thumb Code     2  startup_tm4c123.o(.text)
    GPIOS_Handler                            0x0000044b   Thumb Code     2  startup_tm4c123.o(.text)
    PMW1_0_Handler                           0x0000044d   Thumb Code     2  startup_tm4c123.o(.text)
    PWM1_1_Handler                           0x0000044f   Thumb Code     2  startup_tm4c123.o(.text)
    PWM1_2_Handler                           0x00000451   Thumb Code     2  startup_tm4c123.o(.text)
    PWM1_3_Handler                           0x00000453   Thumb Code     2  startup_tm4c123.o(.text)
    PWM1_FAULT_Handler                       0x00000455   Thumb Code     2  startup_tm4c123.o(.text)
    __user_initial_stackheap                 0x00000459   Thumb Code     0  startup_tm4c123.o(.text)
    __2sprintf                               0x00000479   Thumb Code    34  noretval__2sprintf.o(.text)
    __printf                                 0x000004a1   Thumb Code   104  __printf.o(.text)
    _printf_int_dec                          0x00000509   Thumb Code   104  _printf_dec.o(.text)
    strlen                                   0x00000581   Thumb Code    62  strlen.o(.text)
    __use_two_region_memory                  0x000005bf   Thumb Code     2  heapauxi.o(.text)
    __rt_heap_escrow$2region                 0x000005c1   Thumb Code     2  heapauxi.o(.text)
    __rt_heap_expand$2region                 0x000005c3   Thumb Code     2  heapauxi.o(.text)
    __read_errno                             0x000005c5   Thumb Code    10  _rserrno.o(.text)
    __set_errno                              0x000005cf   Thumb Code    12  _rserrno.o(.text)
    _printf_int_common                       0x000005db   Thumb Code   178  _printf_intcommon.o(.text)
    _printf_char_common                      0x00000697   Thumb Code    32  _printf_char_common.o(.text)
    _sputc                                   0x000006bd   Thumb Code    10  _sputc.o(.text)
    __aeabi_errno_addr                       0x000006c9   Thumb Code     8  rt_errno_addr_intlibspace.o(.text)
    __errno$intlibspace                      0x000006c9   Thumb Code     0  rt_errno_addr_intlibspace.o(.text)
    __rt_errno_addr$intlibspace              0x000006c9   Thumb Code     0  rt_errno_addr_intlibspace.o(.text)
    __user_libspace                          0x000006d1   Thumb Code     8  libspace.o(.text)
    __user_perproc_libspace                  0x000006d1   Thumb Code     0  libspace.o(.text)
    __user_perthread_libspace                0x000006d1   Thumb Code     0  libspace.o(.text)
    __user_setup_stackheap                   0x000006d9   Thumb Code    74  sys_stackheap_outer.o(.text)
    exit                                     0x00000723   Thumb Code    18  exit.o(.text)
    _sys_exit                                0x00000735   Thumb Code     8  sys_exit.o(.text)
    __I$use$semihosting                      0x00000741   Thumb Code     0  use_no_semi.o(.text)
    __use_no_semihosting_swi                 0x00000741   Thumb Code     2  use_no_semi.o(.text)
    __semihosting_library_function           0x00000743   Thumb Code     0  indicate_semi.o(.text)
    GPIODirModeSet                           0x00000789   Thumb Code    40  gpio.o(i.GPIODirModeSet)
    GPIOPadConfigSet                         0x000007b1   Thumb Code   312  gpio.o(i.GPIOPadConfigSet)
    GPIOPinConfigure                         0x000008e9   Thumb Code    60  gpio.o(i.GPIOPinConfigure)
    GPIOPinTypeGPIOOutput                    0x0000092d   Thumb Code    28  gpio.o(i.GPIOPinTypeGPIOOutput)
    GPIOPinTypeI2C                           0x00000949   Thumb Code    28  gpio.o(i.GPIOPinTypeI2C)
    GPIOPinTypeI2CSCL                        0x00000965   Thumb Code    28  gpio.o(i.GPIOPinTypeI2CSCL)
    GPIOPinTypeUART                          0x00000981   Thumb Code    28  gpio.o(i.GPIOPinTypeUART)
    GPIOPinWrite                             0x0000099d   Thumb Code     6  gpio.o(i.GPIOPinWrite)
    I2CMasterBusy                            0x000009a3   Thumb Code    12  i2c.o(i.I2CMasterBusy)
    I2CMasterControl                         0x000009af   Thumb Code     4  i2c.o(i.I2CMasterControl)
    I2CMasterDataGet                         0x000009b3   Thumb Code     4  i2c.o(i.I2CMasterDataGet)
    I2CMasterDataPut                         0x000009b7   Thumb Code     4  i2c.o(i.I2CMasterDataPut)
    I2CMasterInitExpClk                      0x000009bd   Thumb Code    72  i2c.o(i.I2CMasterInitExpClk)
    I2CMasterSlaveAddrSet                    0x00000a11   Thumb Code     8  i2c.o(i.I2CMasterSlaveAddrSet)
    IntEnable                                0x00000c19   Thumb Code    92  interrupt.o(i.IntEnable)
    IntMasterEnable                          0x00000c7d   Thumb Code    14  interrupt.o(i.IntMasterEnable)
    IntRegister                              0x00000c8d   Thumb Code    44  interrupt.o(i.IntRegister)
    MPU6050_Get_Accel_Raw                    0x00001495   Thumb Code    66  mpu6050.o(i.MPU6050_Get_Accel_Raw)
    MPU6050_Get_Gyro_Raw                     0x000014d7   Thumb Code    66  mpu6050.o(i.MPU6050_Get_Gyro_Raw)
    MPU6050_Init                             0x00001519   Thumb Code   200  mpu6050.o(i.MPU6050_Init)
    SysCtlClockGet                           0x000015e1   Thumb Code   304  sysctl.o(i.SysCtlClockGet)
    SysCtlClockSet                           0x00001735   Thumb Code   270  sysctl.o(i.SysCtlClockSet)
    SysCtlPeripheralEnable                   0x00001855   Thumb Code    36  sysctl.o(i.SysCtlPeripheralEnable)
    SystemInit                               0x0000187d   Thumb Code   112  system_tm4c123.o(i.SystemInit)
    TimerConfigure                           0x00001915   Thumb Code    88  timer.o(i.TimerConfigure)
    TimerControlStall                        0x00001975   Thumb Code    22  timer.o(i.TimerControlStall)
    TimerEnable                              0x0000198b   Thumb Code    14  timer.o(i.TimerEnable)
    TimerIntClear                            0x00001999   Thumb Code     4  timer.o(i.TimerIntClear)
    TimerIntEnable                           0x0000199d   Thumb Code     8  timer.o(i.TimerIntEnable)
    TimerIntRegister                         0x000019a5   Thumb Code    88  timer.o(i.TimerIntRegister)
    TimerLoadSet                             0x00001a0d   Thumb Code    18  timer.o(i.TimerLoadSet)
    UARTCharPut                              0x00001ae9   Thumb Code    12  uart.o(i.UARTCharPut)
    UARTConfigSetExpClk                      0x00001af5   Thumb Code   110  uart.o(i.UARTConfigSetExpClk)
    UARTIntEnable                            0x00001b63   Thumb Code     8  uart.o(i.UARTIntEnable)
    WriteSerial                              0x00001b6d   Thumb Code    28  main.o(i.WriteSerial)
    __ARM_fpclassify                         0x00001b8d   Thumb Code    48  fpclassify.o(i.__ARM_fpclassify)
    __hardfp_atan                            0x00001bc1   Thumb Code   622  atan.o(i.__hardfp_atan)
    __hardfp_atan2                           0x00001e99   Thumb Code   432  atan2.o(i.__hardfp_atan2)
    __hardfp_sqrt                            0x00002089   Thumb Code   122  sqrt.o(i.__hardfp_sqrt)
    __kernel_poly                            0x00002103   Thumb Code   248  poly.o(i.__kernel_poly)
    __mathlib_dbl_infnan                     0x000021fb   Thumb Code    20  dunder.o(i.__mathlib_dbl_infnan)
    __mathlib_dbl_infnan2                    0x0000220f   Thumb Code    20  dunder.o(i.__mathlib_dbl_infnan2)
    __mathlib_dbl_underflow                  0x00002229   Thumb Code    24  dunder.o(i.__mathlib_dbl_underflow)
    atan                                     0x00002249   Thumb Code    16  atan.o(i.atan)
    fabs                                     0x00002265   Thumb Code    24  fabs.o(i.fabs)
    main                                     0x0000227d   Thumb Code   184  main.o(i.main)
    __aeabi_dneg                             0x00002369   Thumb Code     0  basic.o(x$fpl$basic)
    _dneg                                    0x00002369   Thumb Code     6  basic.o(x$fpl$basic)
    __aeabi_fneg                             0x0000236f   Thumb Code     0  basic.o(x$fpl$basic)
    _fneg                                    0x0000236f   Thumb Code     6  basic.o(x$fpl$basic)
    _dabs                                    0x00002375   Thumb Code     6  basic.o(x$fpl$basic)
    _fabs                                    0x0000237b   Thumb Code     6  basic.o(x$fpl$basic)
    __aeabi_d2f                              0x00002381   Thumb Code     0  d2f.o(x$fpl$d2f)
    _d2f                                     0x00002381   Thumb Code    98  d2f.o(x$fpl$d2f)
    __aeabi_dadd                             0x000023e5   Thumb Code     0  daddsub_clz.o(x$fpl$dadd)
    _dadd                                    0x000023e5   Thumb Code   332  daddsub_clz.o(x$fpl$dadd)
    __fpl_dcmp_Inf                           0x00002535   Thumb Code    24  dcmpi.o(x$fpl$dcmpinf)
    __aeabi_ddiv                             0x0000254d   Thumb Code     0  ddiv.o(x$fpl$ddiv)
    _ddiv                                    0x0000254d   Thumb Code   552  ddiv.o(x$fpl$ddiv)
    __aeabi_i2d                              0x000027fd   Thumb Code     0  dflt_clz.o(x$fpl$dflt)
    _dflt                                    0x000027fd   Thumb Code    46  dflt_clz.o(x$fpl$dflt)
    __aeabi_cdcmple                          0x0000282d   Thumb Code     0  dleqf.o(x$fpl$dleqf)
    _dcmple                                  0x0000282d   Thumb Code   120  dleqf.o(x$fpl$dleqf)
    __fpl_dcmple_InfNaN                      0x0000288f   Thumb Code     0  dleqf.o(x$fpl$dleqf)
    __aeabi_dmul                             0x000028a5   Thumb Code     0  dmul.o(x$fpl$dmul)
    _dmul                                    0x000028a5   Thumb Code   332  dmul.o(x$fpl$dmul)
    __fpl_dnaninf                            0x000029f9   Thumb Code   156  dnaninf.o(x$fpl$dnaninf)
    __fpl_dretinf                            0x00002a95   Thumb Code    12  dretinf.o(x$fpl$dretinf)
    __aeabi_cdrcmple                         0x00002aa1   Thumb Code     0  drleqf.o(x$fpl$drleqf)
    _drcmple                                 0x00002aa1   Thumb Code   108  drleqf.o(x$fpl$drleqf)
    __aeabi_drsub                            0x00002b0d   Thumb Code     0  daddsub_clz.o(x$fpl$drsb)
    _drsb                                    0x00002b0d   Thumb Code    22  daddsub_clz.o(x$fpl$drsb)
    _dsqrt                                   0x00002b25   Thumb Code   404  dsqrt_umaal.o(x$fpl$dsqrt)
    __aeabi_dsub                             0x00002cbd   Thumb Code     0  daddsub_clz.o(x$fpl$dsub)
    _dsub                                    0x00002cbd   Thumb Code   464  daddsub_clz.o(x$fpl$dsub)
    __aeabi_f2d                              0x00002e91   Thumb Code     0  f2d.o(x$fpl$f2d)
    _f2d                                     0x00002e91   Thumb Code    86  f2d.o(x$fpl$f2d)
    __fpl_fnaninf                            0x00002ee7   Thumb Code   140  fnaninf.o(x$fpl$fnaninf)
    _fp_init                                 0x00002f73   Thumb Code    10  fpinit.o(x$fpl$fpinit)
    __fplib_config_fpu_vfp                   0x00002f7b   Thumb Code     0  fpinit.o(x$fpl$fpinit)
    __fplib_config_pureend_doubles           0x00002f7b   Thumb Code     0  fpinit.o(x$fpl$fpinit)
    __fpl_fretinf                            0x00002f7d   Thumb Code    10  fretinf.o(x$fpl$fretinf)
    __I$use$fp                               0x00002f86   Number         0  usenofp.o(x$fpl$usenofp)
    __mathlib_zero                           0x00003648   Data           8  qnan.o(.constdata)
    Region$$Table$$Base                      0x00003650   Number         0  anon$$obj.o(Region$$Table)
    Region$$Table$$Limit                     0x00003670   Number         0  anon$$obj.o(Region$$Table)
    gyroXangle                               0x20000038   Data           8  mpu6050.o(.data)
    gyroYangle                               0x20000040   Data           8  mpu6050.o(.data)
    compAngleX                               0x20000048   Data           8  mpu6050.o(.data)
    compAngleY                               0x20000050   Data           8  mpu6050.o(.data)
    kalAngleX                                0x20000058   Data           8  mpu6050.o(.data)
    kalAngleY                                0x20000060   Data           8  mpu6050.o(.data)
    __libspace_start                         0x200006b0   Data          96  libspace.o(.bss)
    __temporary_stack_top$libspace           0x20000710   Data           0  libspace.o(.bss)



==============================================================================

Memory Map of the image

  Image Entry point : 0x0000026d

  Load Region LR_IROM1 (Base: 0x00000000, Size: 0x00003cdc, Max: 0x00040000, ABSOLUTE, COMPRESSED[0x0000368c])

    Execution Region ER_IROM1 (Base: 0x00000000, Size: 0x00003670, Max: 0x00040000, ABSOLUTE)

    Base Addr    Size         Type   Attr      Idx    E Section Name        Object

    0x00000000   0x0000026c   Data   RO          232    RESET               startup_tm4c123.o
    0x0000026c   0x00000008   Code   RO         2010  * !!!main             c_w.l(__main.o)
    0x00000274   0x00000034   Code   RO         2289    !!!scatter          c_w.l(__scatter.o)
    0x000002a8   0x0000003a   Code   RO         2287    !!dczerorl          c_w.l(__dczerorl.o)
    0x000002e2   0x00000002   PAD
    0x000002e4   0x0000001c   Code   RO         2291    !!handler_zi        c_w.l(__scatter_zi.o)
    0x00000300   0x00000000   Code   RO         2005    .ARM.Collect$$_printf_percent$$00000000  c_w.l(_printf_percent.o)
    0x00000300   0x00000006   Code   RO         2004    .ARM.Collect$$_printf_percent$$00000009  c_w.l(_printf_d.o)
    0x00000306   0x00000004   Code   RO         2087    .ARM.Collect$$_printf_percent$$00000017  c_w.l(_printf_percent_end.o)
    0x0000030a   0x00000002   Code   RO         2160    .ARM.Collect$$libinit$$00000000  c_w.l(libinit.o)
    0x0000030c   0x00000004   Code   RO         2163    .ARM.Collect$$libinit$$00000001  c_w.l(libinit2.o)
    0x00000310   0x00000000   Code   RO         2166    .ARM.Collect$$libinit$$00000004  c_w.l(libinit2.o)
    0x00000310   0x00000000   Code   RO         2169    .ARM.Collect$$libinit$$0000000A  c_w.l(libinit2.o)
    0x00000310   0x00000000   Code   RO         2171    .ARM.Collect$$libinit$$0000000C  c_w.l(libinit2.o)
    0x00000310   0x00000000   Code   RO         2173    .ARM.Collect$$libinit$$0000000E  c_w.l(libinit2.o)
    0x00000310   0x00000000   Code   RO         2176    .ARM.Collect$$libinit$$00000011  c_w.l(libinit2.o)
    0x00000310   0x00000000   Code   RO         2178    .ARM.Collect$$libinit$$00000013  c_w.l(libinit2.o)
    0x00000310   0x00000000   Code   RO         2180    .ARM.Collect$$libinit$$00000015  c_w.l(libinit2.o)
    0x00000310   0x00000000   Code   RO         2182    .ARM.Collect$$libinit$$00000017  c_w.l(libinit2.o)
    0x00000310   0x00000000   Code   RO         2184    .ARM.Collect$$libinit$$00000019  c_w.l(libinit2.o)
    0x00000310   0x00000000   Code   RO         2186    .ARM.Collect$$libinit$$0000001B  c_w.l(libinit2.o)
    0x00000310   0x00000000   Code   RO         2188    .ARM.Collect$$libinit$$0000001D  c_w.l(libinit2.o)
    0x00000310   0x00000000   Code   RO         2190    .ARM.Collect$$libinit$$0000001F  c_w.l(libinit2.o)
    0x00000310   0x00000000   Code   RO         2192    .ARM.Collect$$libinit$$00000021  c_w.l(libinit2.o)
    0x00000310   0x00000000   Code   RO         2194    .ARM.Collect$$libinit$$00000023  c_w.l(libinit2.o)
    0x00000310   0x00000000   Code   RO         2196    .ARM.Collect$$libinit$$00000025  c_w.l(libinit2.o)
    0x00000310   0x00000000   Code   RO         2200    .ARM.Collect$$libinit$$0000002C  c_w.l(libinit2.o)
    0x00000310   0x00000000   Code   RO         2202    .ARM.Collect$$libinit$$0000002E  c_w.l(libinit2.o)
    0x00000310   0x00000000   Code   RO         2204    .ARM.Collect$$libinit$$00000030  c_w.l(libinit2.o)
    0x00000310   0x00000000   Code   RO         2206    .ARM.Collect$$libinit$$00000032  c_w.l(libinit2.o)
    0x00000310   0x00000002   Code   RO         2207    .ARM.Collect$$libinit$$00000033  c_w.l(libinit2.o)
    0x00000312   0x00000002   Code   RO         2227    .ARM.Collect$$libshutdown$$00000000  c_w.l(libshutdown.o)
    0x00000314   0x00000000   Code   RO         2240    .ARM.Collect$$libshutdown$$00000002  c_w.l(libshutdown2.o)
    0x00000314   0x00000000   Code   RO         2242    .ARM.Collect$$libshutdown$$00000004  c_w.l(libshutdown2.o)
    0x00000314   0x00000000   Code   RO         2245    .ARM.Collect$$libshutdown$$00000007  c_w.l(libshutdown2.o)
    0x00000314   0x00000000   Code   RO         2248    .ARM.Collect$$libshutdown$$0000000A  c_w.l(libshutdown2.o)
    0x00000314   0x00000000   Code   RO         2250    .ARM.Collect$$libshutdown$$0000000C  c_w.l(libshutdown2.o)
    0x00000314   0x00000000   Code   RO         2253    .ARM.Collect$$libshutdown$$0000000F  c_w.l(libshutdown2.o)
    0x00000314   0x00000002   Code   RO         2254    .ARM.Collect$$libshutdown$$00000010  c_w.l(libshutdown2.o)
    0x00000316   0x00000000   Code   RO         2078    .ARM.Collect$$rtentry$$00000000  c_w.l(__rtentry.o)
    0x00000316   0x00000000   Code   RO         2127    .ARM.Collect$$rtentry$$00000002  c_w.l(__rtentry2.o)
    0x00000316   0x00000006   Code   RO         2139    .ARM.Collect$$rtentry$$00000004  c_w.l(__rtentry4.o)
    0x0000031c   0x00000000   Code   RO         2129    .ARM.Collect$$rtentry$$00000009  c_w.l(__rtentry2.o)
    0x0000031c   0x00000004   Code   RO         2130    .ARM.Collect$$rtentry$$0000000A  c_w.l(__rtentry2.o)
    0x00000320   0x00000000   Code   RO         2132    .ARM.Collect$$rtentry$$0000000C  c_w.l(__rtentry2.o)
    0x00000320   0x00000008   Code   RO         2133    .ARM.Collect$$rtentry$$0000000D  c_w.l(__rtentry2.o)
    0x00000328   0x00000002   Code   RO         2161    .ARM.Collect$$rtexit$$00000000  c_w.l(rtexit.o)
    0x0000032a   0x00000000   Code   RO         2209    .ARM.Collect$$rtexit$$00000002  c_w.l(rtexit2.o)
    0x0000032a   0x00000004   Code   RO         2210    .ARM.Collect$$rtexit$$00000003  c_w.l(rtexit2.o)
    0x0000032e   0x00000006   Code   RO         2211    .ARM.Collect$$rtexit$$00000004  c_w.l(rtexit2.o)
    0x00000334   0x00000006   Code   RO         1079    .emb_text           driverlib.lib(sysctl.o)
    0x0000033a   0x00000002   PAD
    0x0000033c   0x00000026   Code   RO         1964    .emb_text           driverlib.lib(cpu.o)
    0x00000362   0x00000002   PAD
    0x00000364   0x00000114   Code   RO          233    .text               startup_tm4c123.o
    0x00000478   0x00000028   Code   RO         1978    .text               c_w.l(noretval__2sprintf.o)
    0x000004a0   0x00000068   Code   RO         1980    .text               c_w.l(__printf.o)
    0x00000508   0x00000078   Code   RO         1982    .text               c_w.l(_printf_dec.o)
    0x00000580   0x0000003e   Code   RO         2006    .text               c_w.l(strlen.o)
    0x000005be   0x00000006   Code   RO         2008    .text               c_w.l(heapauxi.o)
    0x000005c4   0x00000016   Code   RO         2079    .text               c_w.l(_rserrno.o)
    0x000005da   0x000000b2   Code   RO         2081    .text               c_w.l(_printf_intcommon.o)
    0x0000068c   0x00000030   Code   RO         2083    .text               c_w.l(_printf_char_common.o)
    0x000006bc   0x0000000a   Code   RO         2085    .text               c_w.l(_sputc.o)
    0x000006c6   0x00000002   PAD
    0x000006c8   0x00000008   Code   RO         2144    .text               c_w.l(rt_errno_addr_intlibspace.o)
    0x000006d0   0x00000008   Code   RO         2148    .text               c_w.l(libspace.o)
    0x000006d8   0x0000004a   Code   RO         2151    .text               c_w.l(sys_stackheap_outer.o)
    0x00000722   0x00000012   Code   RO         2153    .text               c_w.l(exit.o)
    0x00000734   0x0000000c   Code   RO         2219    .text               c_w.l(sys_exit.o)
    0x00000740   0x00000002   Code   RO         2230    .text               c_w.l(use_no_semi.o)
    0x00000742   0x00000000   Code   RO         2232    .text               c_w.l(indicate_semi.o)
    0x00000742   0x00000002   PAD
    0x00000744   0x00000044   Code   RO           64    i.ABS               mpu6050.o
    0x00000788   0x00000028   Code   RO          300    i.GPIODirModeSet    driverlib.lib(gpio.o)
    0x000007b0   0x00000138   Code   RO          312    i.GPIOPadConfigSet  driverlib.lib(gpio.o)
    0x000008e8   0x00000044   Code   RO          313    i.GPIOPinConfigure  driverlib.lib(gpio.o)
    0x0000092c   0x0000001c   Code   RO          324    i.GPIOPinTypeGPIOOutput  driverlib.lib(gpio.o)
    0x00000948   0x0000001c   Code   RO          327    i.GPIOPinTypeI2C    driverlib.lib(gpio.o)
    0x00000964   0x0000001c   Code   RO          328    i.GPIOPinTypeI2CSCL  driverlib.lib(gpio.o)
    0x00000980   0x0000001c   Code   RO          336    i.GPIOPinTypeUART   driverlib.lib(gpio.o)
    0x0000099c   0x00000006   Code   RO          342    i.GPIOPinWrite      driverlib.lib(gpio.o)
    0x000009a2   0x0000000c   Code   RO          637    i.I2CMasterBusy     driverlib.lib(i2c.o)
    0x000009ae   0x00000004   Code   RO          638    i.I2CMasterControl  driverlib.lib(i2c.o)
    0x000009b2   0x00000004   Code   RO          639    i.I2CMasterDataGet  driverlib.lib(i2c.o)
    0x000009b6   0x00000004   Code   RO          640    i.I2CMasterDataPut  driverlib.lib(i2c.o)
    0x000009ba   0x00000002   PAD
    0x000009bc   0x00000054   Code   RO          645    i.I2CMasterInitExpClk  driverlib.lib(i2c.o)
    0x00000a10   0x00000008   Code   RO          655    i.I2CMasterSlaveAddrSet  driverlib.lib(i2c.o)
    0x00000a18   0x00000064   Code   RO           65    i.I2C_MPU6050_Init  mpu6050.o
    0x00000a7c   0x00000058   Code   RO           66    i.I2C_Read          mpu6050.o
    0x00000ad4   0x000000ac   Code   RO           67    i.I2C_Read_Data     mpu6050.o
    0x00000b80   0x00000014   Code   RO           68    i.I2C_Write         mpu6050.o
    0x00000b94   0x00000084   Code   RO           69    i.I2C_Write_Data    mpu6050.o
    0x00000c18   0x00000064   Code   RO          964    i.IntEnable         driverlib.lib(interrupt.o)
    0x00000c7c   0x0000000e   Code   RO          967    i.IntMasterEnable   driverlib.lib(interrupt.o)
    0x00000c8a   0x00000002   PAD
    0x00000c8c   0x00000034   Code   RO          976    i.IntRegister       driverlib.lib(interrupt.o)
    0x00000cc0   0x00000080   Code   RO           70    i.Kalman_Filter_Init  mpu6050.o
    0x00000d40   0x000004ac   Code   RO           71    i.Kalman_Filter_Process  mpu6050.o
    0x000011ec   0x00000160   Code   RO           72    i.Kalman_Get_Angle  mpu6050.o
    0x0000134c   0x00000148   Code   RO           82    i.MPU6050_First_Get_Data  mpu6050.o
    0x00001494   0x00000042   Code   RO           83    i.MPU6050_Get_Accel_Raw  mpu6050.o
    0x000014d6   0x00000042   Code   RO           84    i.MPU6050_Get_Gyro_Raw  mpu6050.o
    0x00001518   0x000000c8   Code   RO           85    i.MPU6050_Init      mpu6050.o
    0x000015e0   0x00000154   Code   RO         1082    i.SysCtlClockGet    driverlib.lib(sysctl.o)
    0x00001734   0x00000120   Code   RO         1084    i.SysCtlClockSet    driverlib.lib(sysctl.o)
    0x00001854   0x00000028   Code   RO         1113    i.SysCtlPeripheralEnable  driverlib.lib(sysctl.o)
    0x0000187c   0x00000098   Code   RO          242    i.SystemInit        system_tm4c123.o
    0x00001914   0x00000060   Code   RO         1431    i.TimerConfigure    driverlib.lib(timer.o)
    0x00001974   0x00000016   Code   RO         1434    i.TimerControlStall  driverlib.lib(timer.o)
    0x0000198a   0x0000000e   Code   RO         1440    i.TimerEnable       driverlib.lib(timer.o)
    0x00001998   0x00000004   Code   RO         1441    i.TimerIntClear     driverlib.lib(timer.o)
    0x0000199c   0x00000008   Code   RO         1443    i.TimerIntEnable    driverlib.lib(timer.o)
    0x000019a4   0x00000068   Code   RO         1444    i.TimerIntRegister  driverlib.lib(timer.o)
    0x00001a0c   0x00000012   Code   RO         1449    i.TimerLoadSet      driverlib.lib(timer.o)
    0x00001a1e   0x00000002   PAD
    0x00001a20   0x0000007c   Code   RO           87    i.Timer_Init        mpu6050.o
    0x00001a9c   0x0000004c   Code   RO           88    i.Timer_Interrupt_Handler  mpu6050.o
    0x00001ae8   0x0000000c   Code   RO         1677    i.UARTCharPut       driverlib.lib(uart.o)
    0x00001af4   0x0000006e   Code   RO         1683    i.UARTConfigSetExpClk  driverlib.lib(uart.o)
    0x00001b62   0x00000008   Code   RO         1698    i.UARTIntEnable     driverlib.lib(uart.o)
    0x00001b6a   0x00000002   PAD
    0x00001b6c   0x00000020   Code   RO            1    i.WriteSerial       main.o
    0x00001b8c   0x00000030   Code   RO         2121    i.__ARM_fpclassify  m_wm.l(fpclassify.o)
    0x00001bbc   0x00000004   PAD
    0x00001bc0   0x000002d8   Code   RO         2040    i.__hardfp_atan     m_wm.l(atan.o)
    0x00001e98   0x000001f0   Code   RO         2054    i.__hardfp_atan2    m_wm.l(atan2.o)
    0x00002088   0x0000007a   Code   RO         2066    i.__hardfp_sqrt     m_wm.l(sqrt.o)
    0x00002102   0x000000f8   Code   RO         2123    i.__kernel_poly     m_wm.l(poly.o)
    0x000021fa   0x00000014   Code   RO         2102    i.__mathlib_dbl_infnan  m_wm.l(dunder.o)
    0x0000220e   0x00000014   Code   RO         2103    i.__mathlib_dbl_infnan2  m_wm.l(dunder.o)
    0x00002222   0x00000006   PAD
    0x00002228   0x00000020   Code   RO         2107    i.__mathlib_dbl_underflow  m_wm.l(dunder.o)
    0x00002248   0x00000010   Code   RO         2042    i.atan              m_wm.l(atan.o)
    0x00002258   0x0000000c   Code   RO           89    i.delay             mpu6050.o
    0x00002264   0x00000018   Code   RO         2117    i.fabs              m_wm.l(fabs.o)
    0x0000227c   0x000000ec   Code   RO            2    i.main              main.o
    0x00002368   0x00000018   Code   RO         2012    x$fpl$basic         fz_wm.l(basic.o)
    0x00002380   0x00000062   Code   RO         2014    x$fpl$d2f           fz_wm.l(d2f.o)
    0x000023e2   0x00000002   PAD
    0x000023e4   0x00000150   Code   RO         2016    x$fpl$dadd          fz_wm.l(daddsub_clz.o)
    0x00002534   0x00000018   Code   RO         2088    x$fpl$dcmpinf       fz_wm.l(dcmpi.o)
    0x0000254c   0x000002b0   Code   RO         2023    x$fpl$ddiv          fz_wm.l(ddiv.o)
    0x000027fc   0x0000002e   Code   RO         2027    x$fpl$dflt          fz_wm.l(dflt_clz.o)
    0x0000282a   0x00000002   PAD
    0x0000282c   0x00000078   Code   RO         2032    x$fpl$dleqf         fz_wm.l(dleqf.o)
    0x000028a4   0x00000154   Code   RO         2034    x$fpl$dmul          fz_wm.l(dmul.o)
    0x000029f8   0x0000009c   Code   RO         2090    x$fpl$dnaninf       fz_wm.l(dnaninf.o)
    0x00002a94   0x0000000c   Code   RO         2092    x$fpl$dretinf       fz_wm.l(dretinf.o)
    0x00002aa0   0x0000006c   Code   RO         2036    x$fpl$drleqf        fz_wm.l(drleqf.o)
    0x00002b0c   0x00000016   Code   RO         2017    x$fpl$drsb          fz_wm.l(daddsub_clz.o)
    0x00002b22   0x00000002   PAD
    0x00002b24   0x00000198   Code   RO         2094    x$fpl$dsqrt         fz_wm.l(dsqrt_umaal.o)
    0x00002cbc   0x000001d4   Code   RO         2018    x$fpl$dsub          fz_wm.l(daddsub_clz.o)
    0x00002e90   0x00000056   Code   RO         2038    x$fpl$f2d           fz_wm.l(f2d.o)
    0x00002ee6   0x0000008c   Code   RO         2096    x$fpl$fnaninf       fz_wm.l(fnaninf.o)
    0x00002f72   0x0000000a   Code   RO         2217    x$fpl$fpinit        fz_wm.l(fpinit.o)
    0x00002f7c   0x0000000a   Code   RO         2098    x$fpl$fretinf       fz_wm.l(fretinf.o)
    0x00002f86   0x00000000   Code   RO         2100    x$fpl$usenofp       fz_wm.l(usenofp.o)
    0x00002f86   0x00000002   PAD
    0x00002f88   0x00000228   Data   RO          344    .constdata          driverlib.lib(gpio.o)
    0x000031b0   0x0000010c   Data   RO          980    .constdata          driverlib.lib(interrupt.o)
    0x000032bc   0x00000254   Data   RO         1135    .constdata          driverlib.lib(sysctl.o)
    0x00003510   0x000000a0   Data   RO         1465    .constdata          driverlib.lib(timer.o)
    0x000035b0   0x00000098   Data   RO         2043    .constdata          m_wm.l(atan.o)
    0x00003648   0x00000008   Data   RO         2125    .constdata          m_wm.l(qnan.o)
    0x00003650   0x00000020   Data   RO         2285    Region$$Table       anon$$obj.o


    Execution Region RW_IRAM1 (Base: 0x20000000, Size: 0x00000910, Max: 0x00008000, ABSOLUTE, COMPRESSED[0x0000001c])

    Base Addr    Size         Type   Attr      Idx    E Section Name        Object

    0x20000000   0x0000000c   Data   RW            4    .data               main.o
    0x2000000c   0x00000004   PAD
    0x20000010   0x00000059   Data   RW           91    .data               mpu6050.o
    0x20000069   0x00000397   PAD
    0x20000400   0x0000026c   Data   RW          981    vtable              driverlib.lib(interrupt.o)
    0x2000066c   0x00000032   Zero   RW            3    .bss                main.o
    0x2000069e   0x00000002   PAD
    0x200006a0   0x00000010   Zero   RW           90    .bss                mpu6050.o
    0x200006b0   0x00000060   Zero   RW         2149    .bss                c_w.l(libspace.o)
    0x20000710   0x00000000   Zero   RW          231    HEAP                startup_tm4c123.o
    0x20000710   0x00000200   Zero   RW          230    STACK               startup_tm4c123.o


==============================================================================

Image component sizes


      Code (inc. data)   RO Data    RW Data    ZI Data      Debug   Object Name

       268         56          0         12         50       6537   main.o
      3128        284          0         89         16      11756   mpu6050.o
       276         24        620          0        512       5488   startup_tm4c123.o
       152         40          0          0          0        601   system_tm4c123.o

    ----------------------------------------------------------------------
      3824        404        652       1024        580      24382   Object Totals
         0          0         32          0          0          0   (incl. Generated)
         0          0          0        923          2          0   (incl. Padding)

    ----------------------------------------------------------------------

      Code (inc. data)   RO Data    RW Data    ZI Data      Debug   Library Member Name

        58          0          0          0          0          0   __dczerorl.o
         8          0          0          0          0         68   __main.o
       104          0          0          0          0         84   __printf.o
         0          0          0          0          0          0   __rtentry.o
        12          0          0          0          0          0   __rtentry2.o
         6          0          0          0          0          0   __rtentry4.o
        52          8          0          0          0          0   __scatter.o
        28          0          0          0          0          0   __scatter_zi.o
        48          6          0          0          0         96   _printf_char_common.o
         6          0          0          0          0          0   _printf_d.o
       120         16          0          0          0         92   _printf_dec.o
       178          0          0          0          0         88   _printf_intcommon.o
         0          0          0          0          0          0   _printf_percent.o
         4          0          0          0          0          0   _printf_percent_end.o
        22          0          0          0          0        100   _rserrno.o
        10          0          0          0          0         68   _sputc.o
        18          0          0          0          0         80   exit.o
         6          0          0          0          0        152   heapauxi.o
         0          0          0          0          0          0   indicate_semi.o
         2          0          0          0          0          0   libinit.o
         6          0          0          0          0          0   libinit2.o
         2          0          0          0          0          0   libshutdown.o
         2          0          0          0          0          0   libshutdown2.o
         8          4          0          0         96         68   libspace.o
        40          6          0          0          0         84   noretval__2sprintf.o
         8          4          0          0          0         68   rt_errno_addr_intlibspace.o
         2          0          0          0          0          0   rtexit.o
        10          0          0          0          0          0   rtexit2.o
        62          0          0          0          0         76   strlen.o
        12          4          0          0          0         68   sys_exit.o
        74          0          0          0          0         80   sys_stackheap_outer.o
         2          0          0          0          0         68   use_no_semi.o
        38          0          0          0          0        572   cpu.o
       538          8        552          0          0       8745   gpio.o
       116         12          0          0          0       3972   i2c.o
       166         16        268        620          0       2668   interrupt.o
       674         58        596          0          0       4395   sysctl.o
       266         24        160          0          0       4882   timer.o
       130          0          0          0          0       2565   uart.o
        24          0          0          0          0        164   basic.o
        98          4          0          0          0        140   d2f.o
       826         16          0          0          0        492   daddsub_clz.o
        24          0          0          0          0        116   dcmpi.o
       688        140          0          0          0        256   ddiv.o
        46          0          0          0          0        116   dflt_clz.o
       120          4          0          0          0        140   dleqf.o
       340         12          0          0          0        152   dmul.o
       156          4          0          0          0        140   dnaninf.o
        12          0          0          0          0        116   dretinf.o
       108          0          0          0          0        128   drleqf.o
       408         56          0          0          0        168   dsqrt_umaal.o
        86          4          0          0          0        132   f2d.o
       140          4          0          0          0        132   fnaninf.o
        10          0          0          0          0        116   fpinit.o
        10          0          0          0          0        116   fretinf.o
         0          0          0          0          0          0   usenofp.o
       744        106        152          0          0        352   atan.o
       496         64          0          0          0        192   atan2.o
        72          8          0          0          0        372   dunder.o
        24          0          0          0          0        124   fabs.o
        48          0          0          0          0        124   fpclassify.o
       248          0          0          0          0        152   poly.o
         0          0          8          0          0          0   qnan.o
       122          0          0          0          0        148   sqrt.o

    ----------------------------------------------------------------------
      7724        588       1736        620         96      33227   Library Totals
        36          0          0          0          0          0   (incl. Padding)

    ----------------------------------------------------------------------

      Code (inc. data)   RO Data    RW Data    ZI Data      Debug   Library Name

       910         48          0          0         96       1340   c_w.l
      1928        118       1576        620          0      27799   driverlib.lib
      3096        244          0          0          0       2624   fz_wm.l
      1754        178        160          0          0       1464   m_wm.l

    ----------------------------------------------------------------------
      7724        588       1736        620         96      33227   Library Totals

    ----------------------------------------------------------------------

==============================================================================


      Code (inc. data)   RO Data    RW Data    ZI Data      Debug   

     11548        992       2388       1644        676      49885   Grand Totals
     11548        992       2388         28        676      49885   ELF Image Totals (compressed)
     11548        992       2388         28          0          0   ROM Totals

==============================================================================

    Total RO  Size (Code + RO Data)                13936 (  13.61kB)
    Total RW  Size (RW Data + ZI Data)              2320 (   2.27kB)
    Total ROM Size (Code + RO Data + RW Data)      13964 (  13.64kB)

==============================================================================

