Component: ARM Compiler 5.06 update 5 (build 528) Tool: armlink [4d35e2]

==============================================================================

Section Cross References

    main.o(i.WriteSerial) refers to uart.o(i.UARTCharPut) for UARTCharPut
    main.o(i.main) refers to sysctl.o(i.SysCtlClockSet) for SysCtlClockSet
    main.o(i.main) refers to sysctl.o(i.SysCtlPeripheralEnable) for SysCtlPeripheralEnable
    main.o(i.main) refers to gpio.o(i.GPIOPinTypeGPIOOutput) for GPIOPinTypeGPIOOutput
    main.o(i.main) refers to gpio.o(i.GPIOPinConfigure) for GPIOPinConfigure
    main.o(i.main) refers to gpio.o(i.GPIOPinTypeUART) for GPIOPinTypeUART
    main.o(i.main) refers to sysctl.o(i.SysCtlClockGet) for SysCtlClockGet
    main.o(i.main) refers to uart.o(i.UARTConfigSetExpClk) for UARTConfigSetExpClk
    main.o(i.main) refers to interrupt.o(i.IntEnable) for IntEnable
    main.o(i.main) refers to uart.o(i.UARTIntEnable) for UARTIntEnable
    main.o(i.main) refers to interrupt.o(i.IntMasterEnable) for IntMasterEnable
    main.o(i.main) refers to mpu6050.o(i.MPU6050_Init) for MPU6050_Init
    mpu6050.o(i.I2C_Read_Data) refers to i2c.o(i.I2CMasterSlaveAddrSet) for I2CMasterSlaveAddrSet
    mpu6050.o(i.I2C_Read_Data) refers to i2c.o(i.I2CMasterDataPut) for I2CMasterDataPut
    mpu6050.o(i.I2C_Read_Data) refers to i2c.o(i.I2CMasterControl) for I2CMasterControl
    mpu6050.o(i.I2C_Read_Data) refers to i2c.o(i.I2CMasterBusy) for I2CMasterBusy
    mpu6050.o(i.I2C_Read_Data) refers to i2c.o(i.I2CMasterDataGet) for I2CMasterDataGet
    mpu6050.o(i.I2C_Write) refers to mpu6050.o(i.I2C_Write_Data) for I2C_Write_Data
    mpu6050.o(i.I2C_Write_Data) refers to i2c.o(i.I2CMasterSlaveAddrSet) for I2CMasterSlaveAddrSet
    mpu6050.o(i.I2C_Write_Data) refers to i2c.o(i.I2CMasterDataPut) for I2CMasterDataPut
    mpu6050.o(i.I2C_Write_Data) refers to i2c.o(i.I2CMasterControl) for I2CMasterControl
    mpu6050.o(i.I2C_Write_Data) refers to i2c.o(i.I2CMasterBusy) for I2CMasterBusy
    mpu6050.o(i.Kalman_Filter_Init) refers to kalman.o(i.initKalman) for initKalman
    mpu6050.o(i.Kalman_Filter_Init) refers to mpu6050.o(i.MPU6050_Get_Accel_Raw) for MPU6050_Get_Accel_Raw
    mpu6050.o(i.Kalman_Filter_Init) refers to f2d.o(x$fpl$f2d) for __aeabi_f2d
    mpu6050.o(i.Kalman_Filter_Init) refers to sqrt.o(i.__hardfp_sqrt) for __hardfp_sqrt
    mpu6050.o(i.Kalman_Filter_Init) refers to ddiv.o(x$fpl$ddiv) for __aeabi_ddiv
    mpu6050.o(i.Kalman_Filter_Init) refers to atan.o(i.__hardfp_atan) for __hardfp_atan
    mpu6050.o(i.Kalman_Filter_Init) refers to dmul.o(x$fpl$dmul) for __aeabi_dmul
    mpu6050.o(i.Kalman_Filter_Init) refers to d2f.o(x$fpl$d2f) for __aeabi_d2f
    mpu6050.o(i.Kalman_Filter_Init) refers to atan2.o(i.__hardfp_atan2) for __hardfp_atan2
    mpu6050.o(i.Kalman_Filter_Init) refers to kalman.o(i.setAngle) for setAngle
    mpu6050.o(i.Kalman_Filter_Init) refers to mpu6050.o(.bss) for .bss
    mpu6050.o(i.Kalman_Filter_Process) refers to _printf_percent.o(.ARM.Collect$$_printf_percent$$00000000) for _printf_percent
    mpu6050.o(i.Kalman_Filter_Process) refers to _printf_d.o(.ARM.Collect$$_printf_percent$$00000009) for _printf_d
    mpu6050.o(i.Kalman_Filter_Process) refers to _printf_dec.o(.text) for _printf_int_dec
    mpu6050.o(i.Kalman_Filter_Process) refers to mpu6050.o(i.MPU6050_Get_Accel_Raw) for MPU6050_Get_Accel_Raw
    mpu6050.o(i.Kalman_Filter_Process) refers to mpu6050.o(i.MPU6050_Get_Gyro_Raw) for MPU6050_Get_Gyro_Raw
    mpu6050.o(i.Kalman_Filter_Process) refers to f2d.o(x$fpl$f2d) for __aeabi_f2d
    mpu6050.o(i.Kalman_Filter_Process) refers to sqrt.o(i.__hardfp_sqrt) for __hardfp_sqrt
    mpu6050.o(i.Kalman_Filter_Process) refers to ddiv.o(x$fpl$ddiv) for __aeabi_ddiv
    mpu6050.o(i.Kalman_Filter_Process) refers to atan.o(i.__hardfp_atan) for __hardfp_atan
    mpu6050.o(i.Kalman_Filter_Process) refers to dmul.o(x$fpl$dmul) for __aeabi_dmul
    mpu6050.o(i.Kalman_Filter_Process) refers to d2f.o(x$fpl$d2f) for __aeabi_d2f
    mpu6050.o(i.Kalman_Filter_Process) refers to atan2.o(i.__hardfp_atan2) for __hardfp_atan2
    mpu6050.o(i.Kalman_Filter_Process) refers to drleqf.o(x$fpl$drleqf) for __aeabi_cdrcmple
    mpu6050.o(i.Kalman_Filter_Process) refers to dleqf.o(x$fpl$dleqf) for __aeabi_cdcmple
    mpu6050.o(i.Kalman_Filter_Process) refers to kalman.o(i.setAngle) for setAngle
    mpu6050.o(i.Kalman_Filter_Process) refers to kalman.o(i.getAngle) for getAngle
    mpu6050.o(i.Kalman_Filter_Process) refers to basic.o(x$fpl$basic) for __aeabi_dneg
    mpu6050.o(i.Kalman_Filter_Process) refers to daddsub_clz.o(x$fpl$dadd) for __aeabi_dadd
    mpu6050.o(i.Kalman_Filter_Process) refers to dfix.o(x$fpl$dfix) for __aeabi_d2iz
    mpu6050.o(i.Kalman_Filter_Process) refers to noretval__2sprintf.o(.text) for __2sprintf
    mpu6050.o(i.Kalman_Filter_Process) refers to strlen.o(.text) for strlen
    mpu6050.o(i.Kalman_Filter_Process) refers to main.o(i.WriteSerial) for WriteSerial
[...]
    ../clib/angel/scatter.s                  0x00000000   Number         0  __scatter.o ABSOLUTE
    ../clib/angel/startup.s                  0x00000000   Number         0  __main.o ABSOLUTE
    ../clib/angel/sys.s                      0x00000000   Number         0  sys_stackheap_outer.o ABSOLUTE
    ../clib/angel/sys.s                      0x00000000   Number         0  libspace.o ABSOLUTE
    ../clib/angel/sys.s                      0x00000000   Number         0  indicate_semi.o ABSOLUTE
    ../clib/angel/sys.s                      0x00000000   Number         0  use_no_semi.o ABSOLUTE
    ../clib/angel/sysapp.c                   0x00000000   Number         0  sys_wrch.o ABSOLUTE
    ../clib/angel/sysapp.c                   0x00000000   Number         0  sys_exit.o ABSOLUTE
    ../clib/angel/sysapp.c                   0x00000000   Number         0  sys_command.o ABSOLUTE
    ../clib/armsys.c                         0x00000000   Number         0  _get_argv_nomalloc.o ABSOLUTE
    ../clib/armsys.c                         0x00000000   Number         0  argv_veneer.o ABSOLUTE
    ../clib/armsys.c                         0x00000000   Number         0  no_argv.o ABSOLUTE
    ../clib/armsys.c                         0x00000000   Number         0  argv_veneer.o ABSOLUTE
    ../clib/fenv.c                           0x00000000   Number         0  _rserrno.o ABSOLUTE
    ../clib/heapalloc.c                      0x00000000   Number         0  hrguard.o ABSOLUTE
    ../clib/heapaux.c                        0x00000000   Number         0  heapauxi.o ABSOLUTE
    ../clib/libinit.s                        0x00000000   Number         0  libinit2.o ABSOLUTE
    ../clib/libinit.s                        0x00000000   Number         0  libshutdown.o ABSOLUTE
    ../clib/libinit.s                        0x00000000   Number         0  libinit.o ABSOLUTE
    ../clib/libinit.s                        0x00000000   Number         0  libshutdown2.o ABSOLUTE
    ../clib/printf.c                         0x00000000   Number         0  __printf_nopercent.o ABSOLUTE
    ../clib/printf.c                         0x00000000   Number         0  __printf_ss_wp.o ABSOLUTE
    ../clib/printf.c                         0x00000000   Number         0  __printf_flags_ss_wp.o ABSOLUTE
    ../clib/printf.c                         0x00000000   Number         0  __printf_flags_ss.o ABSOLUTE
    ../clib/printf.c                         0x00000000   Number         0  __printf_wp.o ABSOLUTE
    ../clib/printf.c                         0x00000000   Number         0  __printf_ss.o ABSOLUTE
    ../clib/printf.c                         0x00000000   Number         0  __printf_flags.o ABSOLUTE
    ../clib/printf.c                         0x00000000   Number         0  _printf_dec.o ABSOLUTE
    ../clib/printf.c                         0x00000000   Number         0  _sputc.o ABSOLUTE
    ../clib/printf.c                         0x00000000   Number         0  _printf_char_common.o ABSOLUTE
    ../clib/printf.c                         0x00000000   Number         0  noretval__2sprintf.o ABSOLUTE
    ../clib/printf.c                         0x00000000   Number         0  __printf.o ABSOLUTE
    ../clib/printf.c                         0x00000000   Number         0  __2sprintf.o ABSOLUTE
    ../clib/printf.c                         0x00000000   Number         0  __printf_flags_wp.o ABSOLUTE
    ../clib/printf.c                         0x00000000   Number         0  _printf_intcommon.o ABSOLUTE
    ../clib/printf_percent.s                 0x00000000   Number         0  _printf_d.o ABSOLUTE
    ../clib/printf_percent.s                 0x00000000   Number         0  _printf_percent.o ABSOLUTE
    ../clib/printf_percent.s                 0x00000000   Number         0  _printf_percent_end.o ABSOLUTE
    ../clib/signal.c                         0x00000000   Number         0  __raise.o ABSOLUTE
    ../clib/signal.c                         0x00000000   Number         0  defsig_rtmem_inner.o ABSOLUTE
    ../clib/signal.c                         0x00000000   Number         0  defsig_exit.o ABSOLUTE
    ../clib/signal.c                         0x00000000   Number         0  defsig_rtmem_formal.o ABSOLUTE
    ../clib/signal.c                         0x00000000   Number         0  defsig_rtmem_outer.o ABSOLUTE
    ../clib/signal.c                         0x00000000   Number         0  defsig_other.o ABSOLUTE
    ../clib/signal.c                         0x00000000   Number         0  defsig_segv_inner.o ABSOLUTE
    ../clib/signal.c                         0x00000000   Number         0  defsig_cppl_inner.o ABSOLUTE
    ../clib/signal.c                         0x00000000   Number         0  defsig_pvfn_inner.o ABSOLUTE
    ../clib/signal.c                         0x00000000   Number         0  defsig_stak_inner.o ABSOLUTE
    ../clib/signal.c                         0x00000000   Number         0  defsig_rtred_inner.o ABSOLUTE
    ../clib/signal.c                         0x00000000   Number         0  defsig_fpe_inner.o ABSOLUTE
    ../clib/signal.c                         0x00000000   Number         0  defsig_abrt_inner.o ABSOLUTE
    ../clib/signal.c                         0x00000000   Number         0  defsig_general.o ABSOLUTE
    ../clib/signal.s                         0x00000000   Number         0  defsig.o ABSOLUTE
    ../clib/stdlib.c                         0x00000000   Number         0  exit.o ABSOLUTE
    ../clib/string.c                         0x00000000   Number         0  strlen.o ABSOLUTE
    ../fplib/basic.s                         0x00000000   Number         0  basic.o ABSOLUTE
    ../fplib/d2f.s                           0x00000000   Number         0  d2f.o ABSOLUTE
    ../fplib/daddsub.s                       0x00000000   Number         0  daddsub_clz.o ABSOLUTE
    ../fplib/dcmpi.s                         0x00000000   Number         0  dcmpi.o ABSOLUTE
    ../fplib/ddiv.s                          0x00000000   Number         0  ddiv.o ABSOLUTE
    ../fplib/dfix.s                          0x00000000   Number         0  dfix.o ABSOLUTE
    ../fplib/dleqf.s                         0x00000000   Number         0  dleqf.o ABSOLUTE
    ../fplib/dmul.s                          0x00000000   Number         0  dmul.o ABSOLUTE
    ../fplib/dnaninf.s                       0x00000000   Number         0  dnaninf.o ABSOLUTE
    ../fplib/dretinf.s                       0x00000000   Number         0  dretinf.o ABSOLUTE
    ../fplib/drleqf.s                        0x00000000   Number         0  drleqf.o ABSOLUTE
    ../fplib/dsqrt.s                         0x00000000   Number         0  dsqrt_umaal.o ABSOLUTE
    ../fplib/f2d.s                           0x00000000   Number         0  f2d.o ABSOLUTE
    ../fplib/fnaninf.s                       0x00000000   Number         0  fnaninf.o ABSOLUTE
    ../fplib/fpinit.s                        0x00000000   Number         0  fpinit.o ABSOLUTE
    ../fplib/fretinf.s                       0x00000000   Number         0  fretinf.o ABSOLUTE
    ../fplib/usenofp.s                       0x00000000   Number         0  usenofp.o ABSOLUTE
    ../mathlib/atan.c                        0x00000000   Number         0  atan.o ABSOLUTE
    ../mathlib/atan.c                        0x00000000   Number         0  atan_x.o ABSOLUTE
    ../mathlib/atan2.c                       0x00000000   Number         0  atan2_x.o ABSOLUTE
    ../mathlib/atan2.c                       0x00000000   Number         0  atan2.o ABSOLUTE
    ../mathlib/dunder.c                      0x00000000   Number         0  dunder.o ABSOLUTE
    ../mathlib/fabs.c                        0x00000000   Number         0  fabs.o ABSOLUTE
    ../mathlib/fpclassify.c                  0x00000000   Number         0  fpclassify.o ABSOLUTE
    ../mathlib/poly.c                        0x00000000   Number         0  poly.o ABSOLUTE
    ../mathlib/qnan.c                        0x00000000   Number         0  qnan.o ABSOLUTE
    ../mathlib/sqrt.c                        0x00000000   Number         0  sqrt_x.o ABSOLUTE
    ../mathlib/sqrt.c                        0x00000000   Number         0  sqrt.o ABSOLUTE
    ..\Source\Kalman.c                       0x00000000   Number         0  kalman.o ABSOLUTE
    ..\Source\MPU6050.c                      0x00000000   Number         0  mpu6050.o ABSOLUTE
    ..\Source\main.c                         0x00000000   Number         0  main.o ABSOLUTE
    RTE\Device\TM4C123GH6PM\startup_TM4C123.s 0x00000000   Number         0  startup_tm4c123.o ABSOLUTE
    RTE\Device\TM4C123GH6PM\system_TM4C123.c 0x00000000   Number         0  system_tm4c123.o ABSOLUTE
    RTE\\Device\\TM4C123GH6PM\\system_TM4C123.c 0x00000000   Number         0  system_tm4c123.o ABSOLUTE
    cpu.c                                    0x00000000   Number         0  cpu.o ABSOLUTE
    cpu.c                                    0x00000000   Number         0  cpu.o ABSOLUTE
    dc.s                                     0x00000000   Number         0  dc.o ABSOLUTE
    gpio.c                                   0x00000000   Number         0  gpio.o ABSOLUTE
    i2c.c                                    0x00000000   Number         0  i2c.o ABSOLUTE
    interrupt.c                              0x00000000   Number         0  interrupt.o ABSOLUTE
    sysctl.c                                 0x00000000   Number         0  sysctl.o ABSOLUTE
    sysctl.c                                 0x00000000   Number         0  sysctl.o ABSOLUTE
    timer.c                                  0x00000000   Number         0  timer.o ABSOLUTE
    uart.c                                   0x00000000   Number         0  uart.o ABSOLUTE
    !!!main                                  0x0000026c   Section        8  __main.o(!!!main)
    !!!scatter                               0x00000274   Section       52  __scatter.o(!!!scatter)
    !!dczerorl                               0x000002a8   Section       58  __dczerorl.o(!!dczerorl)
    !!handler_zi                             0x000002e4   Section       28  __scatter_zi.o(!!handler_zi)
    .ARM.Collect$$_printf_percent$$00000000  0x00000300   Section        0  _printf_percent.o(.ARM.Collect$$_printf_percent$$00000000)
    .ARM.Collect$$_printf_percent$$00000009  0x00000300   Section        6  _printf_d.o(.ARM.Collect$$_printf_percent$$00000009)
    .ARM.Collect$$_printf_percent$$00000017  0x00000306   Section        4  _printf_percent_end.o(.ARM.Collect$$_printf_percent$$00000017)
    .ARM.Collect$$libinit$$00000000          0x0000030a   Section        2  libinit.o(.ARM.Collect$$libinit$$00000000)
    .ARM.Collect$$libinit$$00000001          0x0000030c   Section        4  libinit2.o(.ARM.Collect$$libinit$$00000001)
    .ARM.Collect$$libinit$$00000004          0x00000310   Section        0  libinit2.o(.ARM.Collect$$libinit$$00000004)
    .ARM.Collect$$libinit$$0000000A          0x00000310   Section        0  libinit2.o(.ARM.Collect$$libinit$$0000000A)
    .ARM.Collect$$libinit$$0000000C          0x00000310   Section        0  libinit2.o(.ARM.Collect$$libinit$$0000000C)
    .ARM.Collect$$libinit$$0000000E          0x00000310   Section        0  libinit2.o(.ARM.Collect$$libinit$$0000000E)
    .ARM.Collect$$libinit$$00000011          0x00000310   Section        0  libinit2.o(.ARM.Collect$$libinit$$00000011)
    .ARM.Collect$$libinit$$00000013          0x00000310   Section        0  libinit2.o(.ARM.Collect$$libinit$$00000013)
    .ARM.Collect$$libinit$$00000015          0x00000310   Section        0  libinit2.o(.ARM.Collect$$libinit$$00000015)
    .ARM.Collect$$libinit$$00000017          0x00000310   Section        0  libinit2.o(.ARM.Collect$$libinit$$00000017)
    .ARM.Collect$$libinit$$00000019          0x00000310   Section        0  libinit2.o(.ARM.Collect$$libinit$$00000019)
    .ARM.Collect$$libinit$$0000001B          0x00000310   Section        0  libinit2.o(.ARM.Collect$$libinit$$0000001B)
    .ARM.Collect$$libinit$$0000001D          0x00000310   Section        0  libinit2.o(.ARM.Collect$$libinit$$0000001D)
    .ARM.Collect$$libinit$$0000001F          0x00000310   Section        0  libinit2.o(.ARM.Collect$$libinit$$0000001F)
    .ARM.Collect$$libinit$$00000021          0x00000310   Section        0  libinit2.o(.ARM.Collect$$libinit$$00000021)
    .ARM.Collect$$libinit$$00000023          0x00000310   Section        0  libinit2.o(.ARM.Collect$$libinit$$00000023)
    .ARM.Collect$$libinit$$00000025          0x00000310   Section        0  libinit2.o(.ARM.Collect$$libinit$$00000025)
    .ARM.Collect$$libinit$$0000002C          0x00000310   Section        0  libinit2.o(.ARM.Collect$$libinit$$0000002C)
    .ARM.Collect$$libinit$$0000002E          0x00000310   Section        0  libinit2.o(.ARM.Collect$$libinit$$0000002E)
    .ARM.Collect$$libinit$$00000030          0x00000310   Section        0  libinit2.o(.ARM.Collect$$libinit$$00000030)
    .ARM.Collect$$libinit$$00000032          0x00000310   Section        0  libinit2.o(.ARM.Collect$$libinit$$00000032)
    .ARM.Collect$$libinit$$00000033          0x00000310   Section        2  libinit2.o(.ARM.Collect$$libinit$$00000033)
    .ARM.Collect$$libshutdown$$00000000      0x00000312   Section        2  libshutdown.o(.ARM.Collect$$libshutdown$$00000000)
    .ARM.Collect$$libshutdown$$00000002      0x00000314   Section        0  libshutdown2.o(.ARM.Collect$$libshutdown$$00000002)
    .ARM.Collect$$libshutdown$$00000004      0x00000314   Section        0  libshutdown2.o(.ARM.Collect$$libshutdown$$00000004)
    .ARM.Collect$$libshutdown$$00000007      0x00000314   Section        0  libshutdown2.o(.ARM.Collect$$libshutdown$$00000007)
    .ARM.Collect$$libshutdown$$0000000A      0x00000314   Section        0  libshutdown2.o(.ARM.Collect$$libshutdown$$0000000A)
    .ARM.Collect$$libshutdown$$0000000C      0x00000314   Section        0  libshutdown2.o(.ARM.Collect$$libshutdown$$0000000C)
    .ARM.Collect$$libshutdown$$0000000F      0x00000314   Section        0  libshutdown2.o(.ARM.Collect$$libshutdown$$0000000F)
    .ARM.Collect$$libshutdown$$00000010      0x00000314   Section        2  libshutdown2.o(.ARM.Collect$$libshutdown$$00000010)
    .ARM.Collect$$rtentry$$00000000          0x00000316   Section        0  __rtentry.o(.ARM.Collect$$rtentry$$00000000)
    .ARM.Collect$$rtentry$$00000002          0x00000316   Section        0  __rtentry2.o(.ARM.Collect$$rtentry$$00000002)
    .ARM.Collect$$rtentry$$00000004          0x00000316   Section        6  __rtentry4.o(.ARM.Collect$$rtentry$$00000004)
    .ARM.Collect$$rtentry$$00000009          0x0000031c   Section        0  __rtentry2.o(.ARM.Collect$$rtentry$$00000009)
    .ARM.Collect$$rtentry$$0000000A          0x0000031c   Section        4  __rtentry2.o(.ARM.Collect$$rtentry$$0000000A)
    .ARM.Collect$$rtentry$$0000000C          0x00000320   Section        0  __rtentry2.o(.ARM.Collect$$rtentry$$0000000C)
    .ARM.Collect$$rtentry$$0000000D          0x00000320   Section        8  __rtentry2.o(.ARM.Collect$$rtentry$$0000000D)
    .ARM.Collect$$rtexit$$00000000           0x00000328   Section        2  rtexit.o(.ARM.Collect$$rtexit$$00000000)
    .ARM.Collect$$rtexit$$00000002           0x0000032a   Section        0  rtexit2.o(.ARM.Collect$$rtexit$$00000002)
    .ARM.Collect$$rtexit$$00000003           0x0000032a   Section        4  rtexit2.o(.ARM.Collect$$rtexit$$00000003)
    .ARM.Collect$$rtexit$$00000004           0x0000032e   Section        6  rtexit2.o(.ARM.Collect$$rtexit$$00000004)
    .emb_text                                0x00000334   Section        6  sysctl.o(.emb_text)
    $v0                                      0x00000334   Number         0  sysctl.o(.emb_text)
    .emb_text                                0x0000033c   Section       38  cpu.o(.emb_text)
    $v0                                      0x0000033c   Number         0  cpu.o(.emb_text)
    .text                                    0x00000364   Section      276  startup_tm4c123.o(.text)
    $v0                                      0x00000364   Number         0  startup_tm4c123.o(.text)
    .text                                    0x00000478   Section        0  noretval__2sprintf.o(.text)
    .text                                    0x000004a0   Section        0  __printf.o(.text)
    .text                                    0x00000508   Section        0  _printf_dec.o(.text)
    .text                                    0x00000580   Section        0  strlen.o(.text)
    .text                                    0x000005be   Section        0  heapauxi.o(.text)
    .text                                    0x000005c4   Section        0  _rserrno.o(.text)
    .text                                    0x000005da   Section        0  _printf_intcommon.o(.text)
    .text                                    0x0000068c   Section        0  _printf_char_common.o(.text)
    _printf_input_char                       0x0000068d   Thumb Code    10  _printf_char_common.o(.text)
    .text                                    0x000006bc   Section        0  _sputc.o(.text)
    .text                                    0x000006c8   Section        8  rt_errno_addr_intlibspace.o(.text)
    .text                                    0x000006d0   Section        8  libspace.o(.text)
    .text                                    0x000006d8   Section       74  sys_stackheap_outer.o(.text)
    .text                                    0x00000722   Section        0  exit.o(.text)
    .text                                    0x00000734   Section        0  sys_exit.o(.text)
    .text                                    0x00000740   Section        2  use_no_semi.o(.text)
    .text                                    0x00000742   Section        0  indicate_semi.o(.text)
    i.GPIODirModeSet                         0x00000742   Section        0  gpio.o(i.GPIODirModeSet)
    i.GPIOPadConfigSet                       0x0000076a   Section        0  gpio.o(i.GPIOPadConfigSet)
    i.GPIOPinConfigure                       0x000008a4   Section        0  gpio.o(i.GPIOPinConfigure)
    i.GPIOPinTypeGPIOOutput                  0x000008e8   Section        0  gpio.o(i.GPIOPinTypeGPIOOutput)
    i.GPIOPinTypeI2C                         0x00000904   Section        0  gpio.o(i.GPIOPinTypeI2C)
    i.GPIOPinTypeI2CSCL                      0x00000920   Section        0  gpio.o(i.GPIOPinTypeI2CSCL)
    i.GPIOPinTypeUART                        0x0000093c   Section        0  gpio.o(i.GPIOPinTypeUART)
    i.GPIOPinWrite                           0x00000958   Section        0  gpio.o(i.GPIOPinWrite)
    i.I2CMasterBusy                          0x0000095e   Section        0  i2c.o(i.I2CMasterBusy)
    i.I2CMasterControl                       0x0000096a   Section        0  i2c.o(i.I2CMasterControl)
    i.I2CMasterDataGet                       0x0000096e   Section        0  i2c.o(i.I2CMasterDataGet)
    i.I2CMasterDataPut                       0x00000972   Section        0  i2c.o(i.I2CMasterDataPut)
    i.I2CMasterInitExpClk                    0x00000978   Section        0  i2c.o(i.I2CMasterInitExpClk)
    i.I2CMasterSlaveAddrSet                  0x000009cc   Section        0  i2c.o(i.I2CMasterSlaveAddrSet)
    i.I2C_Read_Data                          0x000009d4   Section        0  mpu6050.o(i.I2C_Read_Data)
    I2C_Read_Data                            0x000009d5   Thumb Code   164  mpu6050.o(i.I2C_Read_Data)
    i.I2C_Write                              0x00000a7c   Section        0  mpu6050.o(i.I2C_Write)
    I2C_Write                                0x00000a7d   Thumb Code    12  mpu6050.o(i.I2C_Write)
    i.I2C_Write_Data                         0x00000a88   Section        0  mpu6050.o(i.I2C_Write_Data)
    I2C_Write_Data                           0x00000a89   Thumb Code   126  mpu6050.o(i.I2C_Write_Data)
    i.IntEnable                              0x00000b0c   Section        0  interrupt.o(i.IntEnable)
    i.IntMasterEnable                        0x00000b70   Section        0  interrupt.o(i.IntMasterEnable)
    i.IntRegister                            0x00000b80   Section        0  interrupt.o(i.IntRegister)
    i.Kalman_Filter_Init                     0x00000bb4   Section        0  mpu6050.o(i.Kalman_Filter_Init)
    Kalman_Filter_Init                       0x00000bb5   Thumb Code   234  mpu6050.o(i.Kalman_Filter_Init)
    i.Kalman_Filter_Process                  0x00000cac   Section        0  mpu6050.o(i.Kalman_Filter_Process)
    Kalman_Filter_Process                    0x00000cad   Thumb Code   976  mpu6050.o(i.Kalman_Filter_Process)
    i.MPU6050_First_Get_Data                 0x000010f0   Section        0  mpu6050.o(i.MPU6050_First_Get_Data)
    MPU6050_First_Get_Data                   0x000010f1   Thumb Code    86  mpu6050.o(i.MPU6050_First_Get_Data)
    i.MPU6050_Get_Accel_Raw                  0x00001150   Section        0  mpu6050.o(i.MPU6050_Get_Accel_Raw)
    i.MPU6050_Get_Gyro_Raw                   0x0000117a   Section        0  mpu6050.o(i.MPU6050_Get_Gyro_Raw)
    i.MPU6050_Init                           0x000011a4   Section        0  mpu6050.o(i.MPU6050_Init)
    i.SysCtlClockGet                         0x000012ec   Section        0  sysctl.o(i.SysCtlClockGet)
    i.SysCtlClockSet                         0x00001440   Section        0  sysctl.o(i.SysCtlClockSet)
    i.SysCtlPeripheralEnable                 0x00001560   Section        0  sysctl.o(i.SysCtlPeripheralEnable)
    i.SystemInit                             0x00001588   Section        0  system_tm4c123.o(i.SystemInit)
    i.TimerConfigure                         0x0000160c   Section        0  timer.o(i.TimerConfigure)
    i.TimerControlStall                      0x0000166c   Section        0  timer.o(i.TimerControlStall)
    i.TimerEnable                            0x00001682   Section        0  timer.o(i.TimerEnable)
    i.TimerIntClear                          0x00001690   Section        0  timer.o(i.TimerIntClear)
    i.TimerIntEnable                         0x00001694   Section        0  timer.o(i.TimerIntEnable)
    i.TimerIntRegister                       0x0000169c   Section        0  timer.o(i.TimerIntRegister)
    i.TimerLoadSet                           0x00001704   Section        0  timer.o(i.TimerLoadSet)
    i.Timer_Init                             0x00001718   Section        0  mpu6050.o(i.Timer_Init)
    Timer_Init                               0x00001719   Thumb Code   108  mpu6050.o(i.Timer_Init)
    i.Timer_Interrupt_Handler                0x00001794   Section        0  mpu6050.o(i.Timer_Interrupt_Handler)
    Timer_Interrupt_Handler                  0x00001795   Thumb Code    50  mpu6050.o(i.Timer_Interrupt_Handler)
    i.UARTCharPut                            0x000017d4   Section        0  uart.o(i.UARTCharPut)
    i.UARTConfigSetExpClk                    0x000017e0   Section        0  uart.o(i.UARTConfigSetExpClk)
    i.UARTIntEnable                          0x0000184e   Section        0  uart.o(i.UARTIntEnable)
    i.WriteSerial                            0x00001858   Section        0  main.o(i.WriteSerial)
    i.__ARM_fpclassify                       0x00001880   Section        0  fpclassify.o(i.__ARM_fpclassify)
    i.__hardfp_atan                          0x000018b0   Section        0  atan.o(i.__hardfp_atan)
    i.__hardfp_atan2                         0x00001b88   Section        0  atan2.o(i.__hardfp_atan2)
    i.__hardfp_sqrt                          0x00001d78   Section        0  sqrt.o(i.__hardfp_sqrt)
    i.__kernel_poly                          0x00001df2   Section        0  poly.o(i.__kernel_poly)
    i.__mathlib_dbl_infnan                   0x00001eea   Section        0  dunder.o(i.__mathlib_dbl_infnan)
    i.__mathlib_dbl_infnan2                  0x00001efe   Section        0  dunder.o(i.__mathlib_dbl_infnan2)
    i.__mathlib_dbl_underflow                0x00001f18   Section        0  dunder.o(i.__mathlib_dbl_underflow)
    i.atan                                   0x00001f38   Section        0  atan.o(i.atan)
    i.fabs                                   0x00001f48   Section        0  fabs.o(i.fabs)
    i.getAngle                               0x00001f60   Section        0  kalman.o(i.getAngle)
    i.initKalman                             0x00002000   Section        0  kalman.o(i.initKalman)
    i.main                                   0x00002048   Section        0  main.o(i.main)
    i.setAngle                               0x000020c4   Section        0  kalman.o(i.setAngle)
    x$fpl$basic                              0x000020ca   Section       24  basic.o(x$fpl$basic)
    $v0                                      0x000020ca   Number         0  basic.o(x$fpl$basic)
    x$fpl$d2f                                0x000020e4   Section       98  d2f.o(x$fpl$d2f)
    $v0                                      0x000020e4   Number         0  d2f.o(x$fpl$d2f)
    x$fpl$dadd                               0x00002148   Section      336  daddsub_clz.o(x$fpl$dadd)
    $v0                                      0x00002148   Number         0  daddsub_clz.o(x$fpl$dadd)
    _dadd1                                   0x00002159   Thumb Code     0  daddsub_clz.o(x$fpl$dadd)
    x$fpl$dcmpinf                            0x00002298   Section       24  dcmpi.o(x$fpl$dcmpinf)
    $v0                                      0x00002298   Number         0  dcmpi.o(x$fpl$dcmpinf)
    x$fpl$ddiv                               0x000022b0   Section      688  ddiv.o(x$fpl$ddiv)
    $v0                                      0x000022b0   Number         0  ddiv.o(x$fpl$ddiv)
    ddiv_entry                               0x000022b7   Thumb Code     0  ddiv.o(x$fpl$ddiv)
    x$fpl$dfix                               0x00002560   Section       94  dfix.o(x$fpl$dfix)
    $v0                                      0x00002560   Number         0  dfix.o(x$fpl$dfix)
    x$fpl$dleqf                              0x000025c0   Section      120  dleqf.o(x$fpl$dleqf)
    $v0                                      0x000025c0   Number         0  dleqf.o(x$fpl$dleqf)
    x$fpl$dmul                               0x00002638   Section      340  dmul.o(x$fpl$dmul)
    $v0                                      0x00002638   Number         0  dmul.o(x$fpl$dmul)
    x$fpl$dnaninf                            0x0000278c   Section      156  dnaninf.o(x$fpl$dnaninf)
    $v0                                      0x0000278c   Number         0  dnaninf.o(x$fpl$dnaninf)
    x$fpl$dretinf                            0x00002828   Section       12  dretinf.o(x$fpl$dretinf)
    $v0                                      0x00002828   Number         0  dretinf.o(x$fpl$dretinf)
    x$fpl$drleqf                             0x00002834   Section      108  drleqf.o(x$fpl$drleqf)
    $v0                                      0x00002834   Number         0  drleqf.o(x$fpl$drleqf)
    x$fpl$drsb                               0x000028a0   Section       22  daddsub_clz.o(x$fpl$drsb)
    $v0                                      0x000028a0   Number         0  daddsub_clz.o(x$fpl$drsb)
    x$fpl$dsqrt                              0x000028b8   Section      408  dsqrt_umaal.o(x$fpl$dsqrt)
    $v0                                      0x000028b8   Number         0  dsqrt_umaal.o(x$fpl$dsqrt)
    x$fpl$dsub                               0x00002a50   Section      468  daddsub_clz.o(x$fpl$dsub)
    $v0                                      0x00002a50   Number         0  daddsub_clz.o(x$fpl$dsub)
    _dsub1                                   0x00002a61   Thumb Code     0  daddsub_clz.o(x$fpl$dsub)
    x$fpl$f2d                                0x00002c24   Section       86  f2d.o(x$fpl$f2d)
    $v0                                      0x00002c24   Number         0  f2d.o(x$fpl$f2d)
    x$fpl$fnaninf                            0x00002c7a   Section      140  fnaninf.o(x$fpl$fnaninf)
    $v0                                      0x00002c7a   Number         0  fnaninf.o(x$fpl$fnaninf)
    x$fpl$fpinit                             0x00002d06   Section       10  fpinit.o(x$fpl$fpinit)
    $v0                                      0x00002d06   Number         0  fpinit.o(x$fpl$fpinit)
    x$fpl$fretinf                            0x00002d10   Section       10  fretinf.o(x$fpl$fretinf)
    $v0                                      0x00002d10   Number         0  fretinf.o(x$fpl$fretinf)
    x$fpl$usenofp                            0x00002d1a   Section        0  usenofp.o(x$fpl$usenofp)
    .constdata                               0x00002d1c   Section      552  gpio.o(.constdata)
    g_ppui32GPIOIntMapBlizzard               0x00002d1c   Data         192  gpio.o(.constdata)
    g_ppui32GPIOIntMapSnowflake              0x00002ddc   Data         216  gpio.o(.constdata)
    g_pui32GPIOBaseAddrs                     0x00002eb4   Data         144  gpio.o(.constdata)
    .constdata                               0x00002f44   Section      268  interrupt.o(.constdata)
    g_pui32Priority                          0x00002f44   Data          32  interrupt.o(.constdata)
    g_pui32Regs                              0x00002f64   Data         156  interrupt.o(.constdata)
    g_pui32EnRegs                            0x00003000   Data          20  interrupt.o(.constdata)
    g_pui32Dii16Regs                         0x00003014   Data          20  interrupt.o(.constdata)
    g_pui32PendRegs                          0x00003028   Data          20  interrupt.o(.constdata)
    g_pui32UnpendRegs                        0x0000303c   Data          20  interrupt.o(.constdata)
    .constdata                               0x00003050   Section      596  sysctl.o(.constdata)
    g_pui32VCOFrequencies                    0x00003050   Data           8  sysctl.o(.constdata)
    g_pui32Xtals                             0x00003058   Data         108  sysctl.o(.constdata)
    g_pppui32XTALtoVCO                       0x000030c4   Data         432  sysctl.o(.constdata)
    g_sXTALtoMEMTIM                          0x00003274   Data          48  sysctl.o(.constdata)
    .constdata                               0x000032a4   Section      160  timer.o(.constdata)
    g_ppui32TimerIntMap                      0x000032a4   Data          96  timer.o(.constdata)
    g_ppui32TimerIntMapSnowflake             0x00003304   Data          64  timer.o(.constdata)
    .constdata                               0x00003348   Section      152  atan.o(.constdata)
    atanhi                                   0x00003348   Data          32  atan.o(.constdata)
    atanlo                                   0x00003368   Data          32  atan.o(.constdata)
    aTodd                                    0x00003388   Data          40  atan.o(.constdata)
    aTeven                                   0x000033b0   Data          48  atan.o(.constdata)
    .constdata                               0x000033e0   Section        8  qnan.o(.constdata)
    .data                                    0x20000000   Section      128  mpu6050.o(.data)
    xx                                       0x20000000   Data           1  mpu6050.o(.data)
    f_angle                                  0x20000004   Data           4  mpu6050.o(.data)
    accX                                     0x20000008   Data           4  mpu6050.o(.data)
    accY                                     0x2000000c   Data           4  mpu6050.o(.data)
    accZ                                     0x20000010   Data           4  mpu6050.o(.data)
    gyroX                                    0x20000014   Data           4  mpu6050.o(.data)
    gyroY                                    0x20000018   Data           4  mpu6050.o(.data)
    gyroZ                                    0x2000001c   Data           4  mpu6050.o(.data)
    roll                                     0x20000020   Data           4  mpu6050.o(.data)
    pitch                                    0x20000024   Data           4  mpu6050.o(.data)
    gyroXrate                                0x20000028   Data           4  mpu6050.o(.data)
    gyroYrate                                0x2000002c   Data           4  mpu6050.o(.data)
    ui32Period                               0x20000030   Data           4  mpu6050.o(.data)
    f_angleX_                                0x20000034   Data           4  mpu6050.o(.data)
    f_angleY_                                0x20000038   Data           4  mpu6050.o(.data)
    i16_Gyro                                 0x2000003c   Data           6  mpu6050.o(.data)
    i16_Accel                                0x20000042   Data           6  mpu6050.o(.data)
    i16_Gyro                                 0x20000048   Data           6  mpu6050.o(.data)
    gyroXangle                               0x20000050   Data           8  mpu6050.o(.data)
    gyroYangle                               0x20000058   Data           8  mpu6050.o(.data)
    compAngleX                               0x20000060   Data           8  mpu6050.o(.data)
    compAngleY                               0x20000068   Data           8  mpu6050.o(.data)
    kalAngleX                                0x20000070   Data           8  mpu6050.o(.data)
    kalAngleY                                0x20000078   Data           8  mpu6050.o(.data)
    vtable                                   0x20000400   Section      620  interrupt.o(vtable)
    g_pfnRAMVectors                          0x20000400   Data         620  interrupt.o(vtable)
    .bss                                     0x2000066c   Section      142  mpu6050.o(.bss)
    i32_CalibGyro                            0x2000066c   Data          12  mpu6050.o(.bss)
    u8_Buf                                   0x200006c8   Data          50  mpu6050.o(.bss)
    .bss                                     0x200006fc   Section       96  libspace.o(.bss)
    HEAP                                     0x20000760   Section        0  startup_tm4c123.o(HEAP)
    STACK                                    0x20000760   Section      512  startup_tm4c123.o(STACK)
    Heap_Mem                                 0x20000760   Data           0  startup_tm4c123.o(HEAP)
    Stack_Mem                                0x20000760   Data         512  startup_tm4c123.o(STACK)
    __initial_sp                             0x20000960   Data           0  startup_tm4c123.o(STACK)

    Global Symbols

    Symbol Name                              Value     Ov Type        Size  Object(Section)

    BuildAttributes$$THM_ISAv4$E$P$D$K$B$S$7EM$VFPi3$EXTD16$VFPS$VFMA$PE$A:L22UL41UL21$X:L11$S22US41US21$IEEE1$IW$USESV6$~STKCKD$USESV7$~SHL$OTIME$ROPI$IEEEX$EBA8$UX$STANDARDLIB$REQ8$PRES8$EABIv2 0x00000000   Number         0  anon$$obj.o ABSOLUTE
    __ARM_use_no_argv                        0x00000000   Number         0  main.o ABSOLUTE
    __Vectors                                0x00000000   Data           4  startup_tm4c123.o(RESET)
    __ARM_exceptions_init                     - Undefined Weak Reference
    __alloca_initialize                       - Undefined Weak Reference
    __arm_preinit_                            - Undefined Weak Reference
    __cpp_initialize__aeabi_                  - Undefined Weak Reference
    __cxa_finalize                            - Undefined Weak Reference
    __rt_locale                               - Undefined Weak Reference
    __sigvec_lookup                           - Undefined Weak Reference
    _atexit_init                              - Undefined Weak Reference
    _call_atexit_fns                          - Undefined Weak Reference
    _clock_init                               - Undefined Weak Reference
    _fp_trap_init                             - Undefined Weak Reference
    _fp_trap_shutdown                         - Undefined Weak Reference
    _get_lc_collate                           - Undefined Weak Reference
    _get_lc_ctype                             - Undefined Weak Reference
    _get_lc_monetary                          - Undefined Weak Reference
    _get_lc_numeric                           - Undefined Weak Reference
    _get_lc_time                              - Undefined Weak Reference
    _getenv_init                              - Undefined Weak Reference
    _handle_redirection                       - Undefined Weak Reference
    _init_alloc                               - Undefined Weak Reference
    _init_user_alloc                          - Undefined Weak Reference
    _initio                                   - Undefined Weak Reference
    _printf_post_padding                      - Undefined Weak Reference
    _printf_pre_padding                       - Undefined Weak Reference
    _printf_truncate_signed                   - Undefined Weak Reference
    _printf_truncate_unsigned                 - Undefined Weak Reference
    _rand_init                                - Undefined Weak Reference
    _signal_finish                            - Undefined Weak Reference
    _signal_init                              - Undefined Weak Reference
    _terminate_alloc                          - Undefined Weak Reference
    _terminate_user_alloc                     - Undefined Weak Reference
    _terminateio                              - Undefined Weak Reference
    __Vectors_End                            0x0000026c   Data           0  startup_tm4c123.o(RESET)
    __Vectors_Size                           0x0000026c   Number         0  startup_tm4c123.o ABSOLUTE
    __main                                   0x0000026d   Thumb Code     8  __main.o(!!!main)
    __scatterload                            0x00000275   Thumb Code     0  __scatter.o(!!!scatter)
    __scatterload_rt2                        0x00000275   Thumb Code    44  __scatter.o(!!!scatter)
    __scatterload_rt2_thumb_only             0x00000275   Thumb Code     0  __scatter.o(!!!scatter)
    __scatterload_null                       0x00000283   Thumb Code     0  __scatter.o(!!!scatter)
    __decompress                             0x000002a9   Thumb Code    58  __dczerorl.o(!!dczerorl)
    __decompress0                            0x000002a9   Thumb Code     0  __dczerorl.o(!!dczerorl)
    __scatterload_zeroinit                   0x000002e5   Thumb Code    28  __scatter_zi.o(!!handler_zi)
    _printf_d                                0x00000301   Thumb Code     0  _printf_d.o(.ARM.Collect$$_printf_percent$$00000009)
    _printf_percent                          0x00000301   Thumb Code     0  _printf_percent.o(.ARM.Collect$$_printf_percent$$00000000)
    _printf_percent_end                      0x00000307   Thumb Code     0  _printf_percent_end.o(.ARM.Collect$$_printf_percent$$00000017)
    __rt_lib_init                            0x0000030b   Thumb Code     0  libinit.o(.ARM.Collect$$libinit$$00000000)
    __rt_lib_init_fp_1                       0x0000030d   Thumb Code     0  libinit2.o(.ARM.Collect$$libinit$$00000001)
    __rt_lib_init_alloca_1                   0x00000311   Thumb Code     0  libinit2.o(.ARM.Collect$$libinit$$0000002E)
    __rt_lib_init_argv_1                     0x00000311   Thumb Code     0  libinit2.o(.ARM.Collect$$libinit$$0000002C)
    __rt_lib_init_atexit_1                   0x00000311   Thumb Code     0  libinit2.o(.ARM.Collect$$libinit$$0000001B)
    __rt_lib_init_clock_1                    0x00000311   Thumb Code     0  libinit2.o(.ARM.Collect$$libinit$$00000021)
    __rt_lib_init_cpp_1                      0x00000311   Thumb Code     0  libinit2.o(.ARM.Collect$$libinit$$00000032)
    __rt_lib_init_exceptions_1               0x00000311   Thumb Code     0  libinit2.o(.ARM.Collect$$libinit$$00000030)
    __rt_lib_init_fp_trap_1                  0x00000311   Thumb Code     0  libinit2.o(.ARM.Collect$$libinit$$0000001F)
    __rt_lib_init_getenv_1                   0x00000311   Thumb Code     0  libinit2.o(.ARM.Collect$$libinit$$00000023)
    __rt_lib_init_heap_1                     0x00000311   Thumb Code     0  libinit2.o(.ARM.Collect$$libinit$$0000000A)
    __rt_lib_init_lc_collate_1               0x00000311   Thumb Code     0  libinit2.o(.ARM.Collect$$libinit$$00000011)
    __rt_lib_init_lc_ctype_1                 0x00000311   Thumb Code     0  libinit2.o(.ARM.Collect$$libinit$$00000013)
    __rt_lib_init_lc_monetary_1              0x00000311   Thumb Code     0  libinit2.o(.ARM.Collect$$libinit$$00000015)
    __rt_lib_init_lc_numeric_1               0x00000311   Thumb Code     0  libinit2.o(.ARM.Collect$$libinit$$00000017)
    __rt_lib_init_lc_time_1                  0x00000311   Thumb Code     0  libinit2.o(.ARM.Collect$$libinit$$00000019)
    __rt_lib_init_preinit_1                  0x00000311   Thumb Code     0  libinit2.o(.ARM.Collect$$libinit$$00000004)
    __rt_lib_init_rand_1                     0x00000311   Thumb Code     0  libinit2.o(.ARM.Collect$$libinit$$0000000E)
    __rt_lib_init_return                     0x00000311   Thumb Code     0  libinit2.o(.ARM.Collect$$libinit$$00000033)
    __rt_lib_init_signal_1                   0x00000311   Thumb Code     0  libinit2.o(.ARM.Collect$$libinit$$0000001D)
    __rt_lib_init_stdio_1                    0x00000311   Thumb Code     0  libinit2.o(.ARM.Collect$$libinit$$00000025)
    __rt_lib_init_user_alloc_1               0x00000311   Thumb Code     0  libinit2.o(.ARM.Collect$$libinit$$0000000C)
    __rt_lib_shutdown                        0x00000313   Thumb Code     0  libshutdown.o(.ARM.Collect$$libshutdown$$00000000)
    __rt_lib_shutdown_cpp_1                  0x00000315   Thumb Code     0  libshutdown2.o(.ARM.Collect$$libshutdown$$00000002)
    __rt_lib_shutdown_fp_trap_1              0x00000315   Thumb Code     0  libshutdown2.o(.ARM.Collect$$libshutdown$$00000007)
    __rt_lib_shutdown_heap_1                 0x00000315   Thumb Code     0  libshutdown2.o(.ARM.Collect$$libshutdown$$0000000F)
    __rt_lib_shutdown_return                 0x00000315   Thumb Code     0  libshutdown2.o(.ARM.Collect$$libshutdown$$00000010)
    __rt_lib_shutdown_signal_1               0x00000315   Thumb Code     0  libshutdown2.o(.ARM.Collect$$libshutdown$$0000000A)
    __rt_lib_shutdown_stdio_1                0x00000315   Thumb Code     0  libshutdown2.o(.ARM.Collect$$libshutdown$$00000004)
    __rt_lib_shutdown_user_alloc_1           0x00000315   Thumb Code     0  libshutdown2.o(.ARM.Collect$$libshutdown$$0000000C)
    __rt_entry                               0x00000317   Thumb Code     0  __rtentry.o(.ARM.Collect$$rtentry$$00000000)
    __rt_entry_presh_1                       0x00000317   Thumb Code     0  __rtentry2.o(.ARM.Collect$$rtentry$$00000002)
    __rt_entry_sh                            0x00000317   Thumb Code     0  __rtentry4.o(.ARM.Collect$$rtentry$$00000004)
    __rt_entry_li                            0x0000031d   Thumb Code     0  __rtentry2.o(.ARM.Collect$$rtentry$$0000000A)
    __rt_entry_postsh_1                      0x0000031d   Thumb Code     0  __rtentry2.o(.ARM.Collect$$rtentry$$00000009)
    __rt_entry_main                          0x00000321   Thumb Code     0  __rtentry2.o(.ARM.Collect$$rtentry$$0000000D)
    __rt_entry_postli_1                      0x00000321   Thumb Code     0  __rtentry2.o(.ARM.Collect$$rtentry$$0000000C)
    __rt_exit                                0x00000329   Thumb Code     0  rtexit.o(.ARM.Collect$$rtexit$$00000000)
    __rt_exit_ls                             0x0000032b   Thumb Code     0  rtexit2.o(.ARM.Collect$$rtexit$$00000003)
    __rt_exit_prels_1                        0x0000032b   Thumb Code     0  rtexit2.o(.ARM.Collect$$rtexit$$00000002)
    __rt_exit_exit                           0x0000032f   Thumb Code     0  rtexit2.o(.ARM.Collect$$rtexit$$00000004)
    SysCtlDelay                              0x00000335   Thumb Code     6  sysctl.o(.emb_text)
    CPUcpsid                                 0x0000033d   Thumb Code     8  cpu.o(.emb_text)
    CPUprimask                               0x00000345   Thumb Code     6  cpu.o(.emb_text)
    CPUcpsie                                 0x0000034b   Thumb Code     8  cpu.o(.emb_text)
    CPUwfi                                   0x00000353   Thumb Code     4  cpu.o(.emb_text)
    CPUbasepriSet                            0x00000357   Thumb Code     6  cpu.o(.emb_text)
    CPUbasepriGet                            0x0000035d   Thumb Code     6  cpu.o(.emb_text)
    Reset_Handler                            0x00000365   Thumb Code     8  startup_tm4c123.o(.text)
    NMI_Handler                              0x0000036d   Thumb Code     2  startup_tm4c123.o(.text)
    HardFault_Handler                        0x0000036f   Thumb Code     2  startup_tm4c123.o(.text)
    MemManage_Handler                        0x00000371   Thumb Code     2  startup_tm4c123.o(.text)
    BusFault_Handler                         0x00000373   Thumb Code     2  startup_tm4c123.o(.text)
    UsageFault_Handler                       0x00000375   Thumb Code     2  startup_tm4c123.o(.text)
    SVC_Handler                              0x00000377   Thumb Code     2  startup_tm4c123.o(.text)
    DebugMon_Handler                         0x00000379   Thumb Code     2  startup_tm4c123.o(.text)
    PendSV_Handler                           0x0000037b   Thumb Code     2  startup_tm4c123.o(.text)
    SysTick_Handler                          0x0000037d   Thumb Code     2  startup_tm4c123.o(.text)
    GPIOA_Handler                            0x0000037f   Thumb Code     2  startup_tm4c123.o(.text)
    GPIOB_Handler                            0x00000381   Thumb Code     2  startup_tm4c123.o(.text)
    GPIOC_Handler                            0x00000383   Thumb Code     2  startup_tm4c123.o(.text)
    GPIOD_Handler                            0x00000385   Thumb Code     2  startup_tm4c123.o(.text)
    GPIOE_Handler                            0x00000387   Thumb Code     2  startup_tm4c123.o(.text)
    UART0_Handler                            0x00000389   Thumb Code     2  startup_tm4c123.o(.text)
    UART1_Handler                            0x0000038b   Thumb Code     2  startup_tm4c123.o(.text)
    SSI0_Handler                             0x0000038d   Thumb Code     2  startup_tm4c123.o(.text)
    I2C0_Handler                             0x0000038f   Thumb Code     2  startup_tm4c123.o(.text)
    PMW0_FAULT_Handler                       0x00000391   Thumb Code     2  startup_tm4c123.o(.text)
    PWM0_0_Handler                           0x00000393   Thumb Code     2  startup_tm4c123.o(.text)
    PWM0_1_Handler                           0x00000395   Thumb Code     2  startup_tm4c123.o(.text)
    PWM0_2_Handler                           0x00000397   Thumb Code     2  startup_tm4c123.o(.text)
    QEI0_Handler                             0x00000399   Thumb Code     2  startup_tm4c123.o(.text)
    ADC0SS0_Handler                          0x0000039b   Thumb Code     2  startup_tm4c123.o(.text)
    ADC0SS1_Handler                          0x0000039d   Thumb Code     2  startup_tm4c123.o(.text)
    ADC0SS2_Handler                          0x0000039f   Thumb Code     2  startup_tm4c123.o(.text)
    ADC0SS3_Handler                          0x000003a1   Thumb Code     2  startup_tm4c123.o(.text)
    WDT0_Handler                             0x000003a3   Thumb Code     2  startup_tm4c123.o(.text)
    TIMER0A_Handler                          0x000003a5   Thumb Code     2  startup_tm4c123.o(.text)
    TIMER0B_Handler                          0x000003a7   Thumb Code     2  startup_tm4c123.o(.text)
    TIMER1A_Handler                          0x000003a9   Thumb Code     2  startup_tm4c123.o(.text)
    TIMER1B_Handler                          0x000003ab   Thumb Code     2  startup_tm4c123.o(.text)
    TIMER2A_Handler                          0x000003ad   Thumb Code     2  startup_tm4c123.o(.text)
    TIMER2B_Handler                          0x000003af   Thumb Code     2  startup_tm4c123.o(.text)
    COMP0_Handler                            0x000003b1   Thumb Code     2  startup_tm4c123.o(.text)
    COMP1_Handler                            0x000003b3   Thumb Code     2  startup_tm4c123.o(.text)
    COMP2_Handler                            0x000003b5   Thumb Code     2  startup_tm4c123.o(.text)
    SYSCTL_Handler                           0x000003b7   Thumb Code     2  startup_tm4c123.o(.text)
    FLASH_Handler                            0x000003b9   Thumb Code     2  startup_tm4c123.o(.text)
    GPIOF_Handler                            0x000003bb   Thumb Code     2  startup_tm4c123.o(.text)
    GPIOG_Handler                            0x000003bd   Thumb Code     2  startup_tm4c123.o(.text)
    GPIOH_Handler                            0x000003bf   Thumb Code     2  startup_tm4c123.o(.text)
    UART2_Handler                            0x000003c1   Thumb Code     2  startup_tm4c123.o(.text)
    SSI1_Handler                             0x000003c3   Thumb Code     2  startup_tm4c123.o(.text)
    TIMER3A_Handler                          0x000003c5   Thumb Code     2  startup_tm4c123.o(.text)
    TIMER3B_Handler                          0x000003c7   Thumb Code     2  startup_tm4c123.o(.text)
    I2C1_Handler                             0x000003c9   Thumb Code     2  startup_tm4c123.o(.text)
    QEI1_Handler                             0x000003cb   Thumb Code     2  startup_tm4c123.o(.text)
    CAN0_Handler                             0x000003cd   Thumb Code     2  startup_tm4c123.o(.text)
    CAN1_Handler                             0x000003cf   Thumb Code     2  startup_tm4c123.o(.text)
    CAN2_Handler                             0x000003d1   Thumb Code     2  startup_tm4c123.o(.text)
    HIB_Handler                              0x000003d3   Thumb Code     2  startup_tm4c123.o(.text)
    USB0_Handler                             0x000003d5   Thumb Code     2  startup_tm4c123.o(.text)
    PWM0_3_Handler                           0x000003d7   Thumb Code     2  startup_tm4c123.o(.text)
    UDMA_Handler                             0x000003d9   Thumb Code     2  startup_tm4c123.o(.text)
    UDMAERR_Handler                          0x000003db   Thumb Code     2  startup_tm4c123.o(.text)
    ADC1SS0_Handler                          0x000003dd   Thumb Code     2  startup_tm4c123.o(.text)
    ADC1SS1_Handler                          0x000003df   Thumb Code     2  startup_tm4c123.o(.text)
    ADC1SS2_Handler                          0x000003e1   Thumb Code     2  startup_tm4c123.o(.text)
    ADC1SS3_Handler                          0x000003e3   Thumb Code     2  startup_tm4c123.o(.text)
    GPIOJ_Handler                            0x000003e5   Thumb Code     2  startup_tm4c123.o(.text)
    GPIOK_Handler                            0x000003e7   Thumb Code     2  startup_tm4c123.o(.text)
    GPIOL_Handler                            0x000003e9   Thumb Code     2  startup_tm4c123.o(.text)
    SSI2_Handler                             0x000003eb   Thumb Code     2  startup_tm4c123.o(.text)
    SSI3_Handler                             0x000003ed   Thumb Code     2  startup_tm4c123.o(.text)
    UART3_Handler                            0x000003ef   Thumb Code     2  startup_tm4c123.o(.text)
    UART4_Handler                            0x000003f1   Thumb Code     2  startup_tm4c123.o(.text)
    UART5_Handler                            0x000003f3   Thumb Code     2  startup_tm4c123.o(.text)
    UART6_Handler                            0x000003f5   Thumb Code     2  startup_tm4c123.o(.text)
    UART7_Handler                            0x000003f7   Thumb Code     2  startup_tm4c123.o(.text)
    I2C2_Handler                             0x000003f9   Thumb Code     2  startup_tm4c123.o(.text)
    I2C3_Handler                             0x000003fb   Thumb Code     2  startup_tm4c123.o(.text)
    TIMER4A_Handler                          0x000003fd   Thumb Code     2  startup_tm4c123.o(.text)
    TIMER4B_Handler                          0x000003ff   Thumb Code     2  startup_tm4c123.o(.text)
    TIMER5A_Handler                          0x00000401   Thumb Code     2  startup_tm4c123.o(.text)
    TIMER5B_Handler                          0x00000403   Thumb Code     2  startup_tm4c123.o(.text)
    WTIMER0A_Handler                         0x00000405   Thumb Code     2  startup_tm4c123.o(.text)
    WTIMER0B_Handler                         0x00000407   Thumb Code     2  startup_tm4c123.o(.text)
    WTIMER1A_Handler                         0x00000409   Thumb Code     2  startup_tm4c123.o(.text)
    WTIMER1B_Handler                         0x0000040b   Thumb Code     2  startup_tm4c123.o(.text)
    WTIMER2A_Handler                         0x0000040d   Thumb Code     2  startup_tm4c123.o(.text)
    WTIMER2B_Handler                         0x0000040f   Thumb Code     2  startup_tm4c123.o(.text)
    WTIMER3A_Handler                         0x00000411   Thumb Code     2  startup_tm4c123.o(.text)
    WTIMER3B_Handler                         0x00000413   Thumb Code     2  startup_tm4c123.o(.text)
    WTIMER4A_Handler                         0x00000415   Thumb Code     2  startup_tm4c123.o(.text)
    WTIMER4B_Handler                         0x00000417   Thumb Code     2  startup_tm4c123.o(.text)
    WTIMER5A_Handler                         0x00000419   Thumb Code     2  startup_tm4c123.o(.text)
    WTIMER5B_Handler                         0x0000041b   Thumb Code     2  startup_tm4c123.o(.text)
    FPU_Handler                              0x0000041d   Thumb Code     2  startup_tm4c123.o(.text)
    I2C4_Handler                             0x0000041f   Thumb Code     2  startup_tm4c123.o(.text)
    I2C5_Handler                             0x00000421   Thumb Code     2  startup_tm4c123.o(.text)
    GPIOM_Handler                            0x00000423   Thumb Code     2  startup_tm4c123.o(.text)
    GPION_Handler                            0x00000425   Thumb Code     2  startup_tm4c123.o(.text)
    QEI2_Handler                             0x00000427   Thumb Code     2  startup_tm4c123.o(.text)
    GPIOP0_Handler                           0x00000429   Thumb Code     2  startup_tm4c123.o(.text)
    GPIOP1_Handler                           0x0000042b   Thumb Code     2  startup_tm4c123.o(.text)
    GPIOP2_Handler                           0x0000042d   Thumb Code     2  startup_tm4c123.o(.text)
    GPIOP3_Handler                           0x0000042f   Thumb Code     2  startup_tm4c123.o(.text)
    GPIOP4_Handler                           0x00000431   Thumb Code     2  startup_tm4c123.o(.text)
    GPIOP5_Handler                           0x00000433   Thumb Code     2  startup_tm4c123.o(.text)
    GPIOP6_Handler                           0x00000435   Thumb Code     2  startup_tm4c123.o(.text)
    GPIOP7_Handler                           0x00000437   Thumb Code     2  startup_tm4c123.o(.text)
    GPIOQ0_Handler                           0x00000439   Thumb Code     2  startup_tm4c123.o(.text)
    GPIOQ1_Handler                           0x0000043b   Thumb Code     2  startup_tm4c123.o(.text)
    GPIOQ2_Handler                           0x0000043d   Thumb Code     2  startup_tm4c123.o(.text)
    GPIOQ3_Handler                           0x0000043f   Thumb Code     2  startup_tm4c123.o(.text)
    GPIOQ4_Handler                           0x00000441   Thumb Code     2  startup_tm4c123.o(.text)
    GPIOQ5_Handler                           0x00000443   Thumb Code     2  startup_tm4c123.o(.text)
    GPIOQ6_Handler                           0x00000445   Thumb Code     2  startup_tm4c123.o(.text)
    GPIOQ7_Handler                           0x00000447   Thumb Code     2  startup_tm4c123.o(.text)
    GPIOR_Handler                            0x00000449   Thumb Code     2  startup_tm4c123.o(.text)
    GPIOS_Handler                            0x0000044b   Thumb Code     2  startup_tm4c123.o(.text)
    PMW1_0_Handler                           0x0000044d   Thumb Code     2  startup_tm4c123.o(.text)
    PWM1_1_Handler                           0x0000044f   Thumb Code     2  startup_tm4c123.o(.text)
    PWM1_2_Handler                           0x00000451   Thumb Code     2  startup_tm4c123.o(.text)
    PWM1_3_Handler                           0x00000453   Thumb Code     2  startup_tm4c123.o(.text)
    PWM1_FAULT_Handler                       0x00000455   Thumb Code     2  startup_tm4c123.o(.text)
    __user_initial_stackheap                 0x00000459   Thumb Code     0  startup_tm4c123.o(.text)
    __2sprintf                               0x00000479   Thumb Code    34  noretval__2sprintf.o(.text)
    __printf                                 0x000004a1   Thumb Code   104  __printf.o(.text)
    _printf_int_dec                          0x00000509   Thumb Code   104  _printf_dec.o(.text)
    strlen                                   0x00000581   Thumb Code    62  strlen.o(.text)
    __use_two_region_memory                  0x000005bf   Thumb Code     2  heapauxi.o(.text)
    __rt_heap_escrow$2region                 0x000005c1   Thumb Code     2  heapauxi.o(.text)
    __rt_heap_expand$2region                 0x000005c3   Thumb Code     2  heapauxi.o(.text)
    __read_errno                             0x000005c5   Thumb Code    10  _rserrno.o(.text)
    __set_errno                              0x000005cf   Thumb Code    12  _rserrno.o(.text)
    _printf_int_common                       0x000005db   Thumb Code   178  _printf_intcommon.o(.text)
    _printf_char_common                      0x00000697   Thumb Code    32  _printf_char_common.o(.text)
    _sputc                                   0x000006bd   Thumb Code    10  _sputc.o(.text)
    __aeabi_errno_addr                       0x000006c9   Thumb Code     8  rt_errno_addr_intlibspace.o(.text)
    __errno$intlibspace                      0x000006c9   Thumb Code     0  rt_errno_addr_intlibspace.o(.text)
    __rt_errno_addr$intlibspace              0x000006c9   Thumb Code     0  rt_errno_addr_intlibspace.o(.text)
    __user_libspace                          0x000006d1   Thumb Code     8  libspace.o(.text)
    __user_perproc_libspace                  0x000006d1   Thumb Code     0  libspace.o(.text)
    __user_perthread_libspace                0x000006d1   Thumb Code     0  libspace.o(.text)
    __user_setup_stackheap                   0x000006d9   Thumb Code    74  sys_stackheap_outer.o(.text)
    exit                                     0x00000723   Thumb Code    18  exit.o(.text)
    _sys_exit                                0x00000735   Thumb Code     8  sys_exit.o(.text)
    __I$use$semihosting                      0x00000741   Thumb Code     0  use_no_semi.o(.text)
    __use_no_semihosting_swi                 0x00000741   Thumb Code     2  use_no_semi.o(.text)
    GPIODirModeSet                           0x00000743   Thumb Code    40  gpio.o(i.GPIODirModeSet)
    __semihosting_library_function           0x00000743   Thumb Code     0  indicate_semi.o(.text)
    GPIOPadConfigSet                         0x0000076b   Thumb Code   312  gpio.o(i.GPIOPadConfigSet)
    GPIOPinConfigure                         0x000008a5   Thumb Code    60  gpio.o(i.GPIOPinConfigure)
    GPIOPinTypeGPIOOutput                    0x000008e9   Thumb Code    28  gpio.o(i.GPIOPinTypeGPIOOutput)
    GPIOPinTypeI2C                           0x00000905   Thumb Code    28  gpio.o(i.GPIOPinTypeI2C)
    GPIOPinTypeI2CSCL                        0x00000921   Thumb Code    28  gpio.o(i.GPIOPinTypeI2CSCL)
    GPIOPinTypeUART                          0x0000093d   Thumb Code    28  gpio.o(i.GPIOPinTypeUART)
    GPIOPinWrite                             0x00000959   Thumb Code     6  gpio.o(i.GPIOPinWrite)
    I2CMasterBusy                            0x0000095f   Thumb Code    12  i2c.o(i.I2CMasterBusy)
    I2CMasterControl                         0x0000096b   Thumb Code     4  i2c.o(i.I2CMasterControl)
    I2CMasterDataGet                         0x0000096f   Thumb Code     4  i2c.o(i.I2CMasterDataGet)
    I2CMasterDataPut                         0x00000973   Thumb Code     4  i2c.o(i.I2CMasterDataPut)
    I2CMasterInitExpClk                      0x00000979   Thumb Code    72  i2c.o(i.I2CMasterInitExpClk)
    I2CMasterSlaveAddrSet                    0x000009cd   Thumb Code     8  i2c.o(i.I2CMasterSlaveAddrSet)
    IntEnable                                0x00000b0d   Thumb Code    92  interrupt.o(i.IntEnable)
    IntMasterEnable                          0x00000b71   Thumb Code    14  interrupt.o(i.IntMasterEnable)
    IntRegister                              0x00000b81   Thumb Code    44  interrupt.o(i.IntRegister)
    MPU6050_Get_Accel_Raw                    0x00001151   Thumb Code    42  mpu6050.o(i.MPU6050_Get_Accel_Raw)
    MPU6050_Get_Gyro_Raw                     0x0000117b   Thumb Code    42  mpu6050.o(i.MPU6050_Get_Gyro_Raw)
    MPU6050_Init                             0x000011a5   Thumb Code   316  mpu6050.o(i.MPU6050_Init)
    SysCtlClockGet                           0x000012ed   Thumb Code   304  sysctl.o(i.SysCtlClockGet)
    SysCtlClockSet                           0x00001441   Thumb Code   270  sysctl.o(i.SysCtlClockSet)
    SysCtlPeripheralEnable                   0x00001561   Thumb Code    36  sysctl.o(i.SysCtlPeripheralEnable)
    SystemInit                               0x00001589   Thumb Code    90  system_tm4c123.o(i.SystemInit)
    TimerConfigure                           0x0000160d   Thumb Code    88  timer.o(i.TimerConfigure)
    TimerControlStall                        0x0000166d   Thumb Code    22  timer.o(i.TimerControlStall)
    TimerEnable                              0x00001683   Thumb Code    14  timer.o(i.TimerEnable)
    TimerIntClear                            0x00001691   Thumb Code     4  timer.o(i.TimerIntClear)
    TimerIntEnable                           0x00001695   Thumb Code     8  timer.o(i.TimerIntEnable)
    TimerIntRegister                         0x0000169d   Thumb Code    88  timer.o(i.TimerIntRegister)
    TimerLoadSet                             0x00001705   Thumb Code    18  timer.o(i.TimerLoadSet)
    UARTCharPut                              0x000017d5   Thumb Code    12  uart.o(i.UARTCharPut)
    UARTConfigSetExpClk                      0x000017e1   Thumb Code   110  uart.o(i.UARTConfigSetExpClk)
    UARTIntEnable                            0x0000184f   Thumb Code     8  uart.o(i.UARTIntEnable)
    WriteSerial                              0x00001859   Thumb Code    34  main.o(i.WriteSerial)
    __ARM_fpclassify                         0x00001881   Thumb Code    48  fpclassify.o(i.__ARM_fpclassify)
    __hardfp_atan                            0x000018b1   Thumb Code   622  atan.o(i.__hardfp_atan)
    __hardfp_atan2                           0x00001b89   Thumb Code   432  atan2.o(i.__hardfp_atan2)
    __hardfp_sqrt                            0x00001d79   Thumb Code   122  sqrt.o(i.__hardfp_sqrt)
    __kernel_poly                            0x00001df3   Thumb Code   248  poly.o(i.__kernel_poly)
    __mathlib_dbl_infnan                     0x00001eeb   Thumb Code    20  dunder.o(i.__mathlib_dbl_infnan)
    __mathlib_dbl_infnan2                    0x00001eff   Thumb Code    20  dunder.o(i.__mathlib_dbl_infnan2)
    __mathlib_dbl_underflow                  0x00001f19   Thumb Code    24  dunder.o(i.__mathlib_dbl_underflow)
    atan                                     0x00001f39   Thumb Code    16  atan.o(i.atan)
    fabs                                     0x00001f49   Thumb Code    24  fabs.o(i.fabs)
    getAngle                                 0x00001f61   Thumb Code   158  kalman.o(i.getAngle)
    initKalman                               0x00002001   Thumb Code    54  kalman.o(i.initKalman)
    main                                     0x00002049   Thumb Code   102  main.o(i.main)
    setAngle                                 0x000020c5   Thumb Code     6  kalman.o(i.setAngle)
    __aeabi_dneg                             0x000020cb   Thumb Code     0  basic.o(x$fpl$basic)
    _dneg                                    0x000020cb   Thumb Code     6  basic.o(x$fpl$basic)
    __aeabi_fneg                             0x000020d1   Thumb Code     0  basic.o(x$fpl$basic)
    _fneg                                    0x000020d1   Thumb Code     6  basic.o(x$fpl$basic)
    _dabs                                    0x000020d7   Thumb Code     6  basic.o(x$fpl$basic)
    _fabs                                    0x000020dd   Thumb Code     6  basic.o(x$fpl$basic)
    __aeabi_d2f                              0x000020e5   Thumb Code     0  d2f.o(x$fpl$d2f)
    _d2f                                     0x000020e5   Thumb Code    98  d2f.o(x$fpl$d2f)
    __aeabi_dadd                             0x00002149   Thumb Code     0  daddsub_clz.o(x$fpl$dadd)
    _dadd                                    0x00002149   Thumb Code   332  daddsub_clz.o(x$fpl$dadd)
    __fpl_dcmp_Inf                           0x00002299   Thumb Code    24  dcmpi.o(x$fpl$dcmpinf)
    __aeabi_ddiv                             0x000022b1   Thumb Code     0  ddiv.o(x$fpl$ddiv)
    _ddiv                                    0x000022b1   Thumb Code   552  ddiv.o(x$fpl$ddiv)
    __aeabi_d2iz                             0x00002561   Thumb Code     0  dfix.o(x$fpl$dfix)
    _dfix                                    0x00002561   Thumb Code    94  dfix.o(x$fpl$dfix)
    __aeabi_cdcmple                          0x000025c1   Thumb Code     0  dleqf.o(x$fpl$dleqf)
    _dcmple                                  0x000025c1   Thumb Code   120  dleqf.o(x$fpl$dleqf)
    __fpl_dcmple_InfNaN                      0x00002623   Thumb Code     0  dleqf.o(x$fpl$dleqf)
    __aeabi_dmul                             0x00002639   Thumb Code     0  dmul.o(x$fpl$dmul)
    _dmul                                    0x00002639   Thumb Code   332  dmul.o(x$fpl$dmul)
    __fpl_dnaninf                            0x0000278d   Thumb Code   156  dnaninf.o(x$fpl$dnaninf)
    __fpl_dretinf                            0x00002829   Thumb Code    12  dretinf.o(x$fpl$dretinf)
    __aeabi_cdrcmple                         0x00002835   Thumb Code     0  drleqf.o(x$fpl$drleqf)
    _drcmple                                 0x00002835   Thumb Code   108  drleqf.o(x$fpl$drleqf)
    __aeabi_drsub                            0x000028a1   Thumb Code     0  daddsub_clz.o(x$fpl$drsb)
    _drsb                                    0x000028a1   Thumb Code    22  daddsub_clz.o(x$fpl$drsb)
    _dsqrt                                   0x000028b9   Thumb Code   404  dsqrt_umaal.o(x$fpl$dsqrt)
    __aeabi_dsub                             0x00002a51   Thumb Code     0  daddsub_clz.o(x$fpl$dsub)
    _dsub                                    0x00002a51   Thumb Code   464  daddsub_clz.o(x$fpl$dsub)
    __aeabi_f2d                              0x00002c25   Thumb Code     0  f2d.o(x$fpl$f2d)
    _f2d                                     0x00002c25   Thumb Code    86  f2d.o(x$fpl$f2d)
    __fpl_fnaninf                            0x00002c7b   Thumb Code   140  fnaninf.o(x$fpl$fnaninf)
    _fp_init                                 0x00002d07   Thumb Code    10  fpinit.o(x$fpl$fpinit)
    __fplib_config_fpu_vfp                   0x00002d0f   Thumb Code     0  fpinit.o(x$fpl$fpinit)
    __fplib_config_pureend_doubles           0x00002d0f   Thumb Code     0  fpinit.o(x$fpl$fpinit)
    __fpl_fretinf                            0x00002d11   Thumb Code    10  fretinf.o(x$fpl$fretinf)
    __I$use$fp                               0x00002d1a   Number         0  usenofp.o(x$fpl$usenofp)
    __mathlib_zero                           0x000033e0   Data           8  qnan.o(.constdata)
    Region$$Table$$Base                      0x000033e8   Number         0  anon$$obj.o(Region$$Table)
    Region$$Table$$Limit                     0x00003408   Number         0  anon$$obj.o(Region$$Table)
    RollKalman                               0x20000678   Data          40  mpu6050.o(.bss)
    PitchKalman                              0x200006a0   Data          40  mpu6050.o(.bss)
    __libspace_start                         0x200006fc   Data          96  libspace.o(.bss)
    __temporary_stack_top$libspace           0x2000075c   Data           0  libspace.o(.bss)



==============================================================================

Memory Map of the image

  Image Entry point : 0x0000026d

  Load Region LR_IROM1 (Base: 0x00000000, Size: 0x00003a74, Max: 0x00040000, ABSOLUTE, COMPRESSED[0x00003418])

    Execution Region ER_IROM1 (Exec base: 0x00000000, Load base: 0x00000000, Size: 0x00003408, Max: 0x00040000, ABSOLUTE)

    Exec Addr    Load Addr    Size         Type   Attr      Idx    E Section Name        Object

    0x00000000   0x00000000   0x0000026c   Data   RO          230    RESET               startup_tm4c123.o
    0x0000026c   0x0000026c   0x00000008   Code   RO         2008  * !!!main             c_w.l(__main.o)
    0x00000274   0x00000274   0x00000034   Code   RO         2285    !!!scatter          c_w.l(__scatter.o)
    0x000002a8   0x000002a8   0x0000003a   Code   RO         2283    !!dczerorl          c_w.l(__dczerorl.o)
    0x000002e2   0x000002e2   0x00000002   PAD
    0x000002e4   0x000002e4   0x0000001c   Code   RO         2287    !!handler_zi        c_w.l(__scatter_zi.o)
    0x00000300   0x00000300   0x00000000   Code   RO         2003    .ARM.Collect$$_printf_percent$$00000000  c_w.l(_printf_percent.o)
    0x00000300   0x00000300   0x00000006   Code   RO         2002    .ARM.Collect$$_printf_percent$$00000009  c_w.l(_printf_d.o)
    0x00000306   0x00000306   0x00000004   Code   RO         2083    .ARM.Collect$$_printf_percent$$00000017  c_w.l(_printf_percent_end.o)
    0x0000030a   0x0000030a   0x00000002   Code   RO         2156    .ARM.Collect$$libinit$$00000000  c_w.l(libinit.o)
    0x0000030c   0x0000030c   0x00000004   Code   RO         2159    .ARM.Collect$$libinit$$00000001  c_w.l(libinit2.o)
    0x00000310   0x00000310   0x00000000   Code   RO         2162    .ARM.Collect$$libinit$$00000004  c_w.l(libinit2.o)
    0x00000310   0x00000310   0x00000000   Code   RO         2165    .ARM.Collect$$libinit$$0000000A  c_w.l(libinit2.o)
    0x00000310   0x00000310   0x00000000   Code   RO         2167    .ARM.Collect$$libinit$$0000000C  c_w.l(libinit2.o)
    0x00000310   0x00000310   0x00000000   Code   RO         2169    .ARM.Collect$$libinit$$0000000E  c_w.l(libinit2.o)
    0x00000310   0x00000310   0x00000000   Code   RO         2172    .ARM.Collect$$libinit$$00000011  c_w.l(libinit2.o)
    0x00000310   0x00000310   0x00000000   Code   RO         2174    .ARM.Collect$$libinit$$00000013  c_w.l(libinit2.o)
    0x00000310   0x00000310   0x00000000   Code   RO         2176    .ARM.Collect$$libinit$$00000015  c_w.l(libinit2.o)
    0x00000310   0x00000310   0x00000000   Code   RO         2178    .ARM.Collect$$libinit$$00000017  c_w.l(libinit2.o)
    0x00000310   0x00000310   0x00000000   Code   RO         2180    .ARM.Collect$$libinit$$00000019  c_w.l(libinit2.o)
    0x00000310   0x00000310   0x00000000   Code   RO         2182    .ARM.Collect$$libinit$$0000001B  c_w.l(libinit2.o)
    0x00000310   0x00000310   0x00000000   Code   RO         2184    .ARM.Collect$$libinit$$0000001D  c_w.l(libinit2.o)
    0x00000310   0x00000310   0x00000000   Code   RO         2186    .ARM.Collect$$libinit$$0000001F  c_w.l(libinit2.o)
    0x00000310   0x00000310   0x00000000   Code   RO         2188    .ARM.Collect$$libinit$$00000021  c_w.l(libinit2.o)
    0x00000310   0x00000310   0x00000000   Code   RO         2190    .ARM.Collect$$libinit$$00000023  c_w.l(libinit2.o)
    0x00000310   0x00000310   0x00000000   Code   RO         2192    .ARM.Collect$$libinit$$00000025  c_w.l(libinit2.o)
    0x00000310   0x00000310   0x00000000   Code   RO         2196    .ARM.Collect$$libinit$$0000002C  c_w.l(libinit2.o)
    0x00000310   0x00000310   0x00000000   Code   RO         2198    .ARM.Collect$$libinit$$0000002E  c_w.l(libinit2.o)
    0x00000310   0x00000310   0x00000000   Code   RO         2200    .ARM.Collect$$libinit$$00000030  c_w.l(libinit2.o)
    0x00000310   0x00000310   0x00000000   Code   RO         2202    .ARM.Collect$$libinit$$00000032  c_w.l(libinit2.o)
    0x00000310   0x00000310   0x00000002   Code   RO         2203    .ARM.Collect$$libinit$$00000033  c_w.l(libinit2.o)
    0x00000312   0x00000312   0x00000002   Code   RO         2223    .ARM.Collect$$libshutdown$$00000000  c_w.l(libshutdown.o)
    0x00000314   0x00000314   0x00000000   Code   RO         2236    .ARM.Collect$$libshutdown$$00000002  c_w.l(libshutdown2.o)
    0x00000314   0x00000314   0x00000000   Code   RO         2238    .ARM.Collect$$libshutdown$$00000004  c_w.l(libshutdown2.o)
    0x00000314   0x00000314   0x00000000   Code   RO         2241    .ARM.Collect$$libshutdown$$00000007  c_w.l(libshutdown2.o)
    0x00000314   0x00000314   0x00000000   Code   RO         2244    .ARM.Collect$$libshutdown$$0000000A  c_w.l(libshutdown2.o)
    0x00000314   0x00000314   0x00000000   Code   RO         2246    .ARM.Collect$$libshutdown$$0000000C  c_w.l(libshutdown2.o)
    0x00000314   0x00000314   0x00000000   Code   RO         2249    .ARM.Collect$$libshutdown$$0000000F  c_w.l(libshutdown2.o)
    0x00000314   0x00000314   0x00000002   Code   RO         2250    .ARM.Collect$$libshutdown$$00000010  c_w.l(libshutdown2.o)
    0x00000316   0x00000316   0x00000000   Code   RO         2074    .ARM.Collect$$rtentry$$00000000  c_w.l(__rtentry.o)
    0x00000316   0x00000316   0x00000000   Code   RO         2123    .ARM.Collect$$rtentry$$00000002  c_w.l(__rtentry2.o)
    0x00000316   0x00000316   0x00000006   Code   RO         2135    .ARM.Collect$$rtentry$$00000004  c_w.l(__rtentry4.o)
    0x0000031c   0x0000031c   0x00000000   Code   RO         2125    .ARM.Collect$$rtentry$$00000009  c_w.l(__rtentry2.o)
    0x0000031c   0x0000031c   0x00000004   Code   RO         2126    .ARM.Collect$$rtentry$$0000000A  c_w.l(__rtentry2.o)
    0x00000320   0x00000320   0x00000000   Code   RO         2128    .ARM.Collect$$rtentry$$0000000C  c_w.l(__rtentry2.o)
    0x00000320   0x00000320   0x00000008   Code   RO         2129    .ARM.Collect$$rtentry$$0000000D  c_w.l(__rtentry2.o)
    0x00000328   0x00000328   0x00000002   Code   RO         2157    .ARM.Collect$$rtexit$$00000000  c_w.l(rtexit.o)
    0x0000032a   0x0000032a   0x00000000   Code   RO         2205    .ARM.Collect$$rtexit$$00000002  c_w.l(rtexit2.o)
    0x0000032a   0x0000032a   0x00000004   Code   RO         2206    .ARM.Collect$$rtexit$$00000003  c_w.l(rtexit2.o)
    0x0000032e   0x0000032e   0x00000006   Code   RO         2207    .ARM.Collect$$rtexit$$00000004  c_w.l(rtexit2.o)
    0x00000334   0x00000334   0x00000006   Code   RO         1077    .emb_text           driverlib.lib(sysctl.o)
    0x0000033a   0x0000033a   0x00000002   PAD
    0x0000033c   0x0000033c   0x00000026   Code   RO         1962    .emb_text           driverlib.lib(cpu.o)
    0x00000362   0x00000362   0x00000002   PAD
    0x00000364   0x00000364   0x00000114   Code   RO          231    .text               startup_tm4c123.o
    0x00000478   0x00000478   0x00000028   Code   RO         1976    .text               c_w.l(noretval__2sprintf.o)
    0x000004a0   0x000004a0   0x00000068   Code   RO         1978    .text               c_w.l(__printf.o)
    0x00000508   0x00000508   0x00000078   Code   RO         1980    .text               c_w.l(_printf_dec.o)
    0x00000580   0x00000580   0x0000003e   Code   RO         2004    .text               c_w.l(strlen.o)
    0x000005be   0x000005be   0x00000006   Code   RO         2006    .text               c_w.l(heapauxi.o)
    0x000005c4   0x000005c4   0x00000016   Code   RO         2075    .text               c_w.l(_rserrno.o)
    0x000005da   0x000005da   0x000000b2   Code   RO         2077    .text               c_w.l(_printf_intcommon.o)
    0x0000068c   0x0000068c   0x00000030   Code   RO         2079    .text               c_w.l(_printf_char_common.o)
    0x000006bc   0x000006bc   0x0000000a   Code   RO         2081    .text               c_w.l(_sputc.o)
    0x000006c6   0x000006c6   0x00000002   PAD
    0x000006c8   0x000006c8   0x00000008   Code   RO         2140    .text               c_w.l(rt_errno_addr_intlibspace.o)
    0x000006d0   0x000006d0   0x00000008   Code   RO         2144    .text               c_w.l(libspace.o)
    0x000006d8   0x000006d8   0x0000004a   Code   RO         2147    .text               c_w.l(sys_stackheap_outer.o)
    0x00000722   0x00000722   0x00000012   Code   RO         2149    .text               c_w.l(exit.o)
    0x00000734   0x00000734   0x0000000c   Code   RO         2215    .text               c_w.l(sys_exit.o)
    0x00000740   0x00000740   0x00000002   Code   RO         2226    .text               c_w.l(use_no_semi.o)
    0x00000742   0x00000742   0x00000000   Code   RO         2228    .text               c_w.l(indicate_semi.o)
    0x00000742   0x00000742   0x00000028   Code   RO          298    i.GPIODirModeSet    driverlib.lib(gpio.o)
    0x0000076a   0x0000076a   0x00000138   Code   RO          310    i.GPIOPadConfigSet  driverlib.lib(gpio.o)
    0x000008a2   0x000008a2   0x00000002   PAD
    0x000008a4   0x000008a4   0x00000044   Code   RO          311    i.GPIOPinConfigure  driverlib.lib(gpio.o)
    0x000008e8   0x000008e8   0x0000001c   Code   RO          322    i.GPIOPinTypeGPIOOutput  driverlib.lib(gpio.o)
    0x00000904   0x00000904   0x0000001c   Code   RO          325    i.GPIOPinTypeI2C    driverlib.lib(gpio.o)
    0x00000920   0x00000920   0x0000001c   Code   RO          326    i.GPIOPinTypeI2CSCL  driverlib.lib(gpio.o)
    0x0000093c   0x0000093c   0x0000001c   Code   RO          334    i.GPIOPinTypeUART   driverlib.lib(gpio.o)
    0x00000958   0x00000958   0x00000006   Code   RO          340    i.GPIOPinWrite      driverlib.lib(gpio.o)
    0x0000095e   0x0000095e   0x0000000c   Code   RO          635    i.I2CMasterBusy     driverlib.lib(i2c.o)
    0x0000096a   0x0000096a   0x00000004   Code   RO          636    i.I2CMasterControl  driverlib.lib(i2c.o)
    0x0000096e   0x0000096e   0x00000004   Code   RO          637    i.I2CMasterDataGet  driverlib.lib(i2c.o)
    0x00000972   0x00000972   0x00000004   Code   RO          638    i.I2CMasterDataPut  driverlib.lib(i2c.o)
    0x00000976   0x00000976   0x00000002   PAD
    0x00000978   0x00000978   0x00000054   Code   RO          643    i.I2CMasterInitExpClk  driverlib.lib(i2c.o)
    0x000009cc   0x000009cc   0x00000008   Code   RO          653    i.I2CMasterSlaveAddrSet  driverlib.lib(i2c.o)
    0x000009d4   0x000009d4   0x000000a8   Code   RO           67    i.I2C_Read_Data     mpu6050.o
    0x00000a7c   0x00000a7c   0x0000000c   Code   RO           68    i.I2C_Write         mpu6050.o
    0x00000a88   0x00000a88   0x00000084   Code   RO           69    i.I2C_Write_Data    mpu6050.o
    0x00000b0c   0x00000b0c   0x00000064   Code   RO          962    i.IntEnable         driverlib.lib(interrupt.o)
    0x00000b70   0x00000b70   0x0000000e   Code   RO          965    i.IntMasterEnable   driverlib.lib(interrupt.o)
    0x00000b7e   0x00000b7e   0x00000002   PAD
    0x00000b80   0x00000b80   0x00000034   Code   RO          974    i.IntRegister       driverlib.lib(interrupt.o)
    0x00000bb4   0x00000bb4   0x000000f8   Code   RO           70    i.Kalman_Filter_Init  mpu6050.o
    0x00000cac   0x00000cac   0x00000444   Code   RO           71    i.Kalman_Filter_Process  mpu6050.o
    0x000010f0   0x000010f0   0x00000060   Code   RO           73    i.MPU6050_First_Get_Data  mpu6050.o
    0x00001150   0x00001150   0x0000002a   Code   RO           74    i.MPU6050_Get_Accel_Raw  mpu6050.o
    0x0000117a   0x0000117a   0x0000002a   Code   RO           75    i.MPU6050_Get_Gyro_Raw  mpu6050.o
    0x000011a4   0x000011a4   0x00000148   Code   RO           76    i.MPU6050_Init      mpu6050.o
    0x000012ec   0x000012ec   0x00000154   Code   RO         1080    i.SysCtlClockGet    driverlib.lib(sysctl.o)
    0x00001440   0x00001440   0x00000120   Code   RO         1082    i.SysCtlClockSet    driverlib.lib(sysctl.o)
    0x00001560   0x00001560   0x00000028   Code   RO         1111    i.SysCtlPeripheralEnable  driverlib.lib(sysctl.o)
    0x00001588   0x00001588   0x00000084   Code   RO          240    i.SystemInit        system_tm4c123.o
    0x0000160c   0x0000160c   0x00000060   Code   RO         1429    i.TimerConfigure    driverlib.lib(timer.o)
    0x0000166c   0x0000166c   0x00000016   Code   RO         1432    i.TimerControlStall  driverlib.lib(timer.o)
    0x00001682   0x00001682   0x0000000e   Code   RO         1438    i.TimerEnable       driverlib.lib(timer.o)
    0x00001690   0x00001690   0x00000004   Code   RO         1439    i.TimerIntClear     driverlib.lib(timer.o)
    0x00001694   0x00001694   0x00000008   Code   RO         1441    i.TimerIntEnable    driverlib.lib(timer.o)
    0x0000169c   0x0000169c   0x00000068   Code   RO         1442    i.TimerIntRegister  driverlib.lib(timer.o)
    0x00001704   0x00001704   0x00000012   Code   RO         1447    i.TimerLoadSet      driverlib.lib(timer.o)
    0x00001716   0x00001716   0x00000002   PAD
    0x00001718   0x00001718   0x0000007c   Code   RO           78    i.Timer_Init        mpu6050.o
    0x00001794   0x00001794   0x00000040   Code   RO           79    i.Timer_Interrupt_Handler  mpu6050.o
    0x000017d4   0x000017d4   0x0000000c   Code   RO         1675    i.UARTCharPut       driverlib.lib(uart.o)
    0x000017e0   0x000017e0   0x0000006e   Code   RO         1681    i.UARTConfigSetExpClk  driverlib.lib(uart.o)
    0x0000184e   0x0000184e   0x00000008   Code   RO         1696    i.UARTIntEnable     driverlib.lib(uart.o)
    0x00001856   0x00001856   0x00000002   PAD
    0x00001858   0x00001858   0x00000028   Code   RO            1    i.WriteSerial       main.o
    0x00001880   0x00001880   0x00000030   Code   RO         2117    i.__ARM_fpclassify  m_wm.l(fpclassify.o)
    0x000018b0   0x000018b0   0x000002d8   Code   RO         2036    i.__hardfp_atan     m_wm.l(atan.o)
    0x00001b88   0x00001b88   0x000001f0   Code   RO         2050    i.__hardfp_atan2    m_wm.l(atan2.o)
    0x00001d78   0x00001d78   0x0000007a   Code   RO         2062    i.__hardfp_sqrt     m_wm.l(sqrt.o)
    0x00001df2   0x00001df2   0x000000f8   Code   RO         2119    i.__kernel_poly     m_wm.l(poly.o)
    0x00001eea   0x00001eea   0x00000014   Code   RO         2098    i.__mathlib_dbl_infnan  m_wm.l(dunder.o)
    0x00001efe   0x00001efe   0x00000014   Code   RO         2099    i.__mathlib_dbl_infnan2  m_wm.l(dunder.o)
    0x00001f12   0x00001f12   0x00000006   PAD
    0x00001f18   0x00001f18   0x00000020   Code   RO         2103    i.__mathlib_dbl_underflow  m_wm.l(dunder.o)
    0x00001f38   0x00001f38   0x00000010   Code   RO         2038    i.atan              m_wm.l(atan.o)
    0x00001f48   0x00001f48   0x00000018   Code   RO         2113    i.fabs              m_wm.l(fabs.o)
    0x00001f60   0x00001f60   0x0000009e   Code   RO          162    i.getAngle          kalman.o
    0x00001ffe   0x00001ffe   0x00000002   PAD
    0x00002000   0x00002000   0x00000048   Code   RO          167    i.initKalman        kalman.o
    0x00002048   0x00002048   0x0000007c   Code   RO            2    i.main              main.o
    0x000020c4   0x000020c4   0x00000006   Code   RO          168    i.setAngle          kalman.o
    0x000020ca   0x000020ca   0x00000018   Code   RO         2010    x$fpl$basic         fz_wm.l(basic.o)
    0x000020e2   0x000020e2   0x00000002   PAD
    0x000020e4   0x000020e4   0x00000062   Code   RO         2012    x$fpl$d2f           fz_wm.l(d2f.o)
    0x00002146   0x00002146   0x00000002   PAD
    0x00002148   0x00002148   0x00000150   Code   RO         2014    x$fpl$dadd          fz_wm.l(daddsub_clz.o)
    0x00002298   0x00002298   0x00000018   Code   RO         2084    x$fpl$dcmpinf       fz_wm.l(dcmpi.o)
    0x000022b0   0x000022b0   0x000002b0   Code   RO         2021    x$fpl$ddiv          fz_wm.l(ddiv.o)
    0x00002560   0x00002560   0x0000005e   Code   RO         2024    x$fpl$dfix          fz_wm.l(dfix.o)
    0x000025be   0x000025be   0x00000002   PAD
    0x000025c0   0x000025c0   0x00000078   Code   RO         2028    x$fpl$dleqf         fz_wm.l(dleqf.o)
    0x00002638   0x00002638   0x00000154   Code   RO         2030    x$fpl$dmul          fz_wm.l(dmul.o)
    0x0000278c   0x0000278c   0x0000009c   Code   RO         2086    x$fpl$dnaninf       fz_wm.l(dnaninf.o)
    0x00002828   0x00002828   0x0000000c   Code   RO         2088    x$fpl$dretinf       fz_wm.l(dretinf.o)
    0x00002834   0x00002834   0x0000006c   Code   RO         2032    x$fpl$drleqf        fz_wm.l(drleqf.o)
    0x000028a0   0x000028a0   0x00000016   Code   RO         2015    x$fpl$drsb          fz_wm.l(daddsub_clz.o)
    0x000028b6   0x000028b6   0x00000002   PAD
    0x000028b8   0x000028b8   0x00000198   Code   RO         2090    x$fpl$dsqrt         fz_wm.l(dsqrt_umaal.o)
    0x00002a50   0x00002a50   0x000001d4   Code   RO         2016    x$fpl$dsub          fz_wm.l(daddsub_clz.o)
    0x00002c24   0x00002c24   0x00000056   Code   RO         2034    x$fpl$f2d           fz_wm.l(f2d.o)
    0x00002c7a   0x00002c7a   0x0000008c   Code   RO         2092    x$fpl$fnaninf       fz_wm.l(fnaninf.o)
    0x00002d06   0x00002d06   0x0000000a   Code   RO         2213    x$fpl$fpinit        fz_wm.l(fpinit.o)
    0x00002d10   0x00002d10   0x0000000a   Code   RO         2094    x$fpl$fretinf       fz_wm.l(fretinf.o)
    0x00002d1a   0x00002d1a   0x00000000   Code   RO         2096    x$fpl$usenofp       fz_wm.l(usenofp.o)
    0x00002d1a   0x00002d1a   0x00000002   PAD
    0x00002d1c   0x00002d1c   0x00000228   Data   RO          342    .constdata          driverlib.lib(gpio.o)
    0x00002f44   0x00002f44   0x0000010c   Data   RO          978    .constdata          driverlib.lib(interrupt.o)
    0x00003050   0x00003050   0x00000254   Data   RO         1133    .constdata          driverlib.lib(sysctl.o)
    0x000032a4   0x000032a4   0x000000a0   Data   RO         1463    .constdata          driverlib.lib(timer.o)
    0x00003344   0x00003344   0x00000004   PAD
    0x00003348   0x00003348   0x00000098   Data   RO         2039    .constdata          m_wm.l(atan.o)
    0x000033e0   0x000033e0   0x00000008   Data   RO         2121    .constdata          m_wm.l(qnan.o)
    0x000033e8   0x000033e8   0x00000020   Data   RO         2281    Region$$Table       anon$$obj.o


    Execution Region RW_IRAM1 (Exec base: 0x20000000, Load base: 0x00003408, Size: 0x00000960, Max: 0x00008000, ABSOLUTE, COMPRESSED[0x00000010])

    Exec Addr    Load Addr    Size         Type   Attr      Idx    E Section Name        Object

    0x20000000   COMPRESSED   0x00000080   Data   RW           81    .data               mpu6050.o
    0x20000080   COMPRESSED   0x00000380   PAD
    0x20000400   COMPRESSED   0x0000026c   Data   RW          979    vtable              driverlib.lib(interrupt.o)
    0x2000066c        -       0x0000008e   Zero   RW           80    .bss                mpu6050.o
    0x200006fa   COMPRESSED   0x00000002   PAD
    0x200006fc        -       0x00000060   Zero   RW         2145    .bss                c_w.l(libspace.o)
    0x2000075c   COMPRESSED   0x00000004   PAD
    0x20000760        -       0x00000000   Zero   RW          229    HEAP                startup_tm4c123.o
    0x20000760        -       0x00000200   Zero   RW          228    STACK               startup_tm4c123.o


==============================================================================

Image component sizes


      Code (inc. data)   RO Data    RW Data    ZI Data      Debug   Object Name

       236         18          0          0          0       2131   kalman.o
       164         28          0          0          0       6305   main.o
      2348        192          0        128        142      10113   mpu6050.o
       276         24        620          0        512       5488   startup_tm4c123.o
       132         42          0          0          0        625   system_tm4c123.o

    ----------------------------------------------------------------------
      3158        304        652       1024        656      24662   Object Totals
         0          0         32          0          0          0   (incl. Generated)
         2          0          0        896          2          0   (incl. Padding)

    ----------------------------------------------------------------------

      Code (inc. data)   RO Data    RW Data    ZI Data      Debug   Library Member Name

        58          0          0          0          0          0   __dczerorl.o
         8          0          0          0          0         68   __main.o
       104          0          0          0          0         84   __printf.o
         0          0          0          0          0          0   __rtentry.o
        12          0          0          0          0          0   __rtentry2.o
         6          0          0          0          0          0   __rtentry4.o
        52          8          0          0          0          0   __scatter.o
        28          0          0          0          0          0   __scatter_zi.o
        48          6          0          0          0         96   _printf_char_common.o
         6          0          0          0          0          0   _printf_d.o
       120         16          0          0          0         92   _printf_dec.o
       178          0          0          0          0         88   _printf_intcommon.o
         0          0          0          0          0          0   _printf_percent.o
         4          0          0          0          0          0   _printf_percent_end.o
        22          0          0          0          0        100   _rserrno.o
        10          0          0          0          0         68   _sputc.o
        18          0          0          0          0         80   exit.o
         6          0          0          0          0        152   heapauxi.o
         0          0          0          0          0          0   indicate_semi.o
         2          0          0          0          0          0   libinit.o
         6          0          0          0          0          0   libinit2.o
         2          0          0          0          0          0   libshutdown.o
         2          0          0          0          0          0   libshutdown2.o
         8          4          0          0         96         68   libspace.o
        40          6          0          0          0         84   noretval__2sprintf.o
         8          4          0          0          0         68   rt_errno_addr_intlibspace.o
         2          0          0          0          0          0   rtexit.o
        10          0          0          0          0          0   rtexit2.o
        62          0          0          0          0         76   strlen.o
        12          4          0          0          0         68   sys_exit.o
        74          0          0          0          0         80   sys_stackheap_outer.o
         2          0          0          0          0         68   use_no_semi.o
        38          0          0          0          0        572   cpu.o
       538          8        552          0          0       8745   gpio.o
       116         12          0          0          0       3972   i2c.o
       166         16        268        620          0       2668   interrupt.o
       674         58        596          0          0       4395   sysctl.o
       266         24        160          0          0       4882   timer.o
       130          0          0          0          0       2565   uart.o
        24          0          0          0          0        164   basic.o
        98          4          0          0          0        140   d2f.o
       826         16          0          0          0        492   daddsub_clz.o
        24          0          0          0          0        116   dcmpi.o
       688        140          0          0          0        256   ddiv.o
        94          4          0          0          0        140   dfix.o
       120          4          0          0          0        140   dleqf.o
       340         12          0          0          0        152   dmul.o
       156          4          0          0          0        140   dnaninf.o
        12          0          0          0          0        116   dretinf.o
       108          0          0          0          0        128   drleqf.o
       408         56          0          0          0        168   dsqrt_umaal.o
        86          4          0          0          0        132   f2d.o
       140          4          0          0          0        132   fnaninf.o
        10          0          0          0          0        116   fpinit.o
        10          0          0          0          0        116   fretinf.o
         0          0          0          0          0          0   usenofp.o
       744        106        152          0          0        352   atan.o
       496         64          0          0          0        192   atan2.o
        72          8          0          0          0        372   dunder.o
        24          0          0          0          0        124   fabs.o
        48          0          0          0          0        124   fpclassify.o
       248          0          0          0          0        152   poly.o
         0          0          8          0          0          0   qnan.o
       122          0          0          0          0        148   sqrt.o

    ----------------------------------------------------------------------
      7770        592       1740        620        100      33251   Library Totals
        34          0          4          0          4          0   (incl. Padding)

    ----------------------------------------------------------------------

      Code (inc. data)   RO Data    RW Data    ZI Data      Debug   Library Name

       910         48          0          0         96       1340   c_w.l
      1928        118       1576        620          0      27799   driverlib.lib
      3144        248          0          0          0       2648   fz_wm.l
      1754        178        160          0          0       1464   m_wm.l

    ----------------------------------------------------------------------
      7770        592       1740        620        100      33251   Library Totals

    ----------------------------------------------------------------------

==============================================================================


      Code (inc. data)   RO Data    RW Data    ZI Data      Debug   

     10928        896       2392       1644        756      50489   Grand Totals
     10928        896       2392         16        756      50489   ELF Image Totals (compressed)
     10928        896       2392         16          0          0   ROM Totals

==============================================================================

    Total RO  Size (Code + RO Data)                13320 (  13.01kB)
    Total RW  Size (RW Data + ZI Data)              2400 (   2.34kB)
    Total ROM Size (Code + RO Data + RW Data)      13336 (  13.02kB)

==============================================================================

